Archive member included to satisfy reference by file (symbol)

d:/tools/gcc-arm-none-eabi-10.3-2021.10/bin/../lib/gcc/arm-none-eabi/10.3.1/../../../../arm-none-eabi/lib/thumb/v7e-m+fp/hard\libc_nano.a(lib_a-exit.o)
                              d:/tools/gcc-arm-none-eabi-10.3-2021.10/bin/../lib/gcc/arm-none-eabi/10.3.1/../../../../arm-none-eabi/lib/thumb/v7e-m+fp/hard/crt0.o (exit)
d:/tools/gcc-arm-none-eabi-10.3-2021.10/bin/../lib/gcc/arm-none-eabi/10.3.1/../../../../arm-none-eabi/lib/thumb/v7e-m+fp/hard\libc_nano.a(lib_a-impure.o)
                              d:/tools/gcc-arm-none-eabi-10.3-2021.10/bin/../lib/gcc/arm-none-eabi/10.3.1/../../../../arm-none-eabi/lib/thumb/v7e-m+fp/hard\libc_nano.a(lib_a-exit.o) (_global_impure_ptr)
d:/tools/gcc-arm-none-eabi-10.3-2021.10/bin/../lib/gcc/arm-none-eabi/10.3.1/../../../../arm-none-eabi/lib/thumb/v7e-m+fp/hard\libc_nano.a(lib_a-init.o)
                              d:/tools/gcc-arm-none-eabi-10.3-2021.10/bin/../lib/gcc/arm-none-eabi/10.3.1/../../../../arm-none-eabi/lib/thumb/v7e-m+fp/hard/crt0.o (__libc_init_array)
d:/tools/gcc-arm-none-eabi-10.3-2021.10/bin/../lib/gcc/arm-none-eabi/10.3.1/../../../../arm-none-eabi/lib/thumb/v7e-m+fp/hard\libc_nano.a(lib_a-memset.o)
                              d:/tools/gcc-arm-none-eabi-10.3-2021.10/bin/../lib/gcc/arm-none-eabi/10.3.1/../../../../arm-none-eabi/lib/thumb/v7e-m+fp/hard/crt0.o (memset)
d:/tools/gcc-arm-none-eabi-10.3-2021.10/bin/../lib/gcc/arm-none-eabi/10.3.1/thumb/v7e-m+fp/hard\libgcc.a(_aeabi_uldivmod.o)
                              CMakeFiles/stm32f4xx_tftlcd.elf.dir/src/Drivers/STM32F4xx_HAL_Driver/Src/stm32f4xx_hal_rcc.c.obj (__aeabi_uldivmod)
d:/tools/gcc-arm-none-eabi-10.3-2021.10/bin/../lib/gcc/arm-none-eabi/10.3.1/thumb/v7e-m+fp/hard\libgcc.a(_udivmoddi4.o)
                              d:/tools/gcc-arm-none-eabi-10.3-2021.10/bin/../lib/gcc/arm-none-eabi/10.3.1/thumb/v7e-m+fp/hard\libgcc.a(_aeabi_uldivmod.o) (__udivmoddi4)
d:/tools/gcc-arm-none-eabi-10.3-2021.10/bin/../lib/gcc/arm-none-eabi/10.3.1/thumb/v7e-m+fp/hard\libgcc.a(_dvmd_tls.o)
                              d:/tools/gcc-arm-none-eabi-10.3-2021.10/bin/../lib/gcc/arm-none-eabi/10.3.1/thumb/v7e-m+fp/hard\libgcc.a(_aeabi_uldivmod.o) (__aeabi_ldiv0)
d:/tools/gcc-arm-none-eabi-10.3-2021.10/bin/../lib/gcc/arm-none-eabi/10.3.1/../../../../arm-none-eabi/lib/thumb/v7e-m+fp/hard\libg_nano.a(lib_a-errno.o)
                              CMakeFiles/stm32f4xx_tftlcd.elf.dir/src/Core/Src/syscalls.c.obj (__errno)

Discarded input sections

 .text          0x00000000        0x0 d:/tools/gcc-arm-none-eabi-10.3-2021.10/bin/../lib/gcc/arm-none-eabi/10.3.1/thumb/v7e-m+fp/hard/crti.o
 .data          0x00000000        0x0 d:/tools/gcc-arm-none-eabi-10.3-2021.10/bin/../lib/gcc/arm-none-eabi/10.3.1/thumb/v7e-m+fp/hard/crti.o
 .bss           0x00000000        0x0 d:/tools/gcc-arm-none-eabi-10.3-2021.10/bin/../lib/gcc/arm-none-eabi/10.3.1/thumb/v7e-m+fp/hard/crti.o
 .data          0x00000000        0x4 d:/tools/gcc-arm-none-eabi-10.3-2021.10/bin/../lib/gcc/arm-none-eabi/10.3.1/thumb/v7e-m+fp/hard/crtbegin.o
 .rodata        0x00000000       0x24 d:/tools/gcc-arm-none-eabi-10.3-2021.10/bin/../lib/gcc/arm-none-eabi/10.3.1/thumb/v7e-m+fp/hard/crtbegin.o
 .text          0x00000000       0x7c d:/tools/gcc-arm-none-eabi-10.3-2021.10/bin/../lib/gcc/arm-none-eabi/10.3.1/../../../../arm-none-eabi/lib/thumb/v7e-m+fp/hard/crt0.o
 .data          0x00000000        0x0 d:/tools/gcc-arm-none-eabi-10.3-2021.10/bin/../lib/gcc/arm-none-eabi/10.3.1/../../../../arm-none-eabi/lib/thumb/v7e-m+fp/hard/crt0.o
 .bss           0x00000000        0x0 d:/tools/gcc-arm-none-eabi-10.3-2021.10/bin/../lib/gcc/arm-none-eabi/10.3.1/../../../../arm-none-eabi/lib/thumb/v7e-m+fp/hard/crt0.o
 .ARM.extab     0x00000000        0x0 d:/tools/gcc-arm-none-eabi-10.3-2021.10/bin/../lib/gcc/arm-none-eabi/10.3.1/../../../../arm-none-eabi/lib/thumb/v7e-m+fp/hard/crt0.o
 .ARM.exidx     0x00000000       0x10 d:/tools/gcc-arm-none-eabi-10.3-2021.10/bin/../lib/gcc/arm-none-eabi/10.3.1/../../../../arm-none-eabi/lib/thumb/v7e-m+fp/hard/crt0.o
 .ARM.attributes
                0x00000000       0x1c d:/tools/gcc-arm-none-eabi-10.3-2021.10/bin/../lib/gcc/arm-none-eabi/10.3.1/../../../../arm-none-eabi/lib/thumb/v7e-m+fp/hard/crt0.o
 .text          0x00000000        0x0 d:/tools/gcc-arm-none-eabi-10.3-2021.10/bin/../lib/gcc/arm-none-eabi/10.3.1/../../../../arm-none-eabi/lib/thumb/v7e-m+fp/hard\libc_nano.a(lib_a-exit.o)
 .data          0x00000000        0x0 d:/tools/gcc-arm-none-eabi-10.3-2021.10/bin/../lib/gcc/arm-none-eabi/10.3.1/../../../../arm-none-eabi/lib/thumb/v7e-m+fp/hard\libc_nano.a(lib_a-exit.o)
 .bss           0x00000000        0x0 d:/tools/gcc-arm-none-eabi-10.3-2021.10/bin/../lib/gcc/arm-none-eabi/10.3.1/../../../../arm-none-eabi/lib/thumb/v7e-m+fp/hard\libc_nano.a(lib_a-exit.o)
[...]
Memory Configuration

Name             Origin             Length             Attributes
CCMRAM           0x10000000         0x00010000         xrw
RAM              0x20000000         0x00020000         xrw
FLASH            0x08000000         0x00100000         xr
*default*        0x00000000         0xffffffff

Linker script and memory map

LOAD d:/tools/gcc-arm-none-eabi-10.3-2021.10/bin/../lib/gcc/arm-none-eabi/10.3.1/thumb/v7e-m+fp/hard/crti.o
LOAD d:/tools/gcc-arm-none-eabi-10.3-2021.10/bin/../lib/gcc/arm-none-eabi/10.3.1/thumb/v7e-m+fp/hard/crtbegin.o
LOAD d:/tools/gcc-arm-none-eabi-10.3-2021.10/bin/../lib/gcc/arm-none-eabi/10.3.1/../../../../arm-none-eabi/lib/thumb/v7e-m+fp/hard/crt0.o
LOAD d:/tools/gcc-arm-none-eabi-10.3-2021.10/bin/../lib/gcc/arm-none-eabi/10.3.1/../../../../arm-none-eabi/lib/thumb/v7e-m+fp/hard\libc_nano.a
LOAD d:/tools/gcc-arm-none-eabi-10.3-2021.10/bin/../lib/gcc/arm-none-eabi/10.3.1/../../../../arm-none-eabi/lib/thumb/v7e-m+fp/hard\libm.a
LOAD CMakeFiles/stm32f4xx_tftlcd.elf.dir/src/Core/Src/main.c.obj
LOAD CMakeFiles/stm32f4xx_tftlcd.elf.dir/src/Core/Src/stm32f4xx_hal_msp.c.obj
LOAD CMakeFiles/stm32f4xx_tftlcd.elf.dir/src/Core/Src/stm32f4xx_it.c.obj
LOAD CMakeFiles/stm32f4xx_tftlcd.elf.dir/src/Core/Src/syscalls.c.obj
LOAD CMakeFiles/stm32f4xx_tftlcd.elf.dir/src/Core/Src/sysmem.c.obj
LOAD CMakeFiles/stm32f4xx_tftlcd.elf.dir/src/Core/Src/system_stm32f4xx.c.obj
LOAD CMakeFiles/stm32f4xx_tftlcd.elf.dir/src/Core/bsp/Src/bsp_timer.c.obj
LOAD CMakeFiles/stm32f4xx_tftlcd.elf.dir/src/Core/bsp/bsp.c.obj
LOAD CMakeFiles/stm32f4xx_tftlcd.elf.dir/src/Drivers/STM32F4xx_HAL_Driver/Src/stm32f4xx_hal.c.obj
LOAD CMakeFiles/stm32f4xx_tftlcd.elf.dir/src/Drivers/STM32F4xx_HAL_Driver/Src/stm32f4xx_hal_cortex.c.obj
LOAD CMakeFiles/stm32f4xx_tftlcd.elf.dir/src/Drivers/STM32F4xx_HAL_Driver/Src/stm32f4xx_hal_dma.c.obj
LOAD CMakeFiles/stm32f4xx_tftlcd.elf.dir/src/Drivers/STM32F4xx_HAL_Driver/Src/stm32f4xx_hal_dma_ex.c.obj
LOAD CMakeFiles/stm32f4xx_tftlcd.elf.dir/src/Drivers/STM32F4xx_HAL_Driver/Src/stm32f4xx_hal_exti.c.obj
LOAD CMakeFiles/stm32f4xx_tftlcd.elf.dir/src/Drivers/STM32F4xx_HAL_Driver/Src/stm32f4xx_hal_flash.c.obj
LOAD CMakeFiles/stm32f4xx_tftlcd.elf.dir/src/Drivers/STM32F4xx_HAL_Driver/Src/stm32f4xx_hal_flash_ex.c.obj
LOAD CMakeFiles/stm32f4xx_tftlcd.elf.dir/src/Drivers/STM32F4xx_HAL_Driver/Src/stm32f4xx_hal_flash_ramfunc.c.obj
LOAD CMakeFiles/stm32f4xx_tftlcd.elf.dir/src/Drivers/STM32F4xx_HAL_Driver/Src/stm32f4xx_hal_gpio.c.obj
LOAD CMakeFiles/stm32f4xx_tftlcd.elf.dir/src/Drivers/STM32F4xx_HAL_Driver/Src/stm32f4xx_hal_pwr.c.obj
LOAD CMakeFiles/stm32f4xx_tftlcd.elf.dir/src/Drivers/STM32F4xx_HAL_Driver/Src/stm32f4xx_hal_pwr_ex.c.obj
LOAD CMakeFiles/stm32f4xx_tftlcd.elf.dir/src/Drivers/STM32F4xx_HAL_Driver/Src/stm32f4xx_hal_rcc.c.obj
LOAD CMakeFiles/stm32f4xx_tftlcd.elf.dir/src/Drivers/STM32F4xx_HAL_Driver/Src/stm32f4xx_hal_rcc_ex.c.obj
LOAD CMakeFiles/stm32f4xx_tftlcd.elf.dir/src/Core/Startup/startup_stm32f407igtx.s.obj
START GROUP
LOAD d:/tools/gcc-arm-none-eabi-10.3-2021.10/bin/../lib/gcc/arm-none-eabi/10.3.1/thumb/v7e-m+fp/hard\libgcc.a
LOAD d:/tools/gcc-arm-none-eabi-10.3-2021.10/bin/../lib/gcc/arm-none-eabi/10.3.1/../../../../arm-none-eabi/lib/thumb/v7e-m+fp/hard\libg_nano.a
LOAD d:/tools/gcc-arm-none-eabi-10.3-2021.10/bin/../lib/gcc/arm-none-eabi/10.3.1/../../../../arm-none-eabi/lib/thumb/v7e-m+fp/hard\libc_nano.a
END GROUP
START GROUP
LOAD d:/tools/gcc-arm-none-eabi-10.3-2021.10/bin/../lib/gcc/arm-none-eabi/10.3.1/thumb/v7e-m+fp/hard\libgcc.a
LOAD d:/tools/gcc-arm-none-eabi-10.3-2021.10/bin/../lib/gcc/arm-none-eabi/10.3.1/../../../../arm-none-eabi/lib/thumb/v7e-m+fp/hard\libc_nano.a
END GROUP
LOAD d:/tools/gcc-arm-none-eabi-10.3-2021.10/bin/../lib/gcc/arm-none-eabi/10.3.1/thumb/v7e-m+fp/hard/crtend.o
LOAD d:/tools/gcc-arm-none-eabi-10.3-2021.10/bin/../lib/gcc/arm-none-eabi/10.3.1/thumb/v7e-m+fp/hard/crtn.o
                0x20020000                _estack = (ORIGIN (RAM) + LENGTH (RAM))
                0x00000200                _Min_Heap_Size = 0x200
                0x00000400                _Min_Stack_Size = 0x400

.isr_vector     0x08000000      0x188
                0x08000000                . = ALIGN (0x4)
 *(.isr_vector)
 .isr_vector    0x08000000      0x188 CMakeFiles/stm32f4xx_tftlcd.elf.dir/src/Core/Startup/startup_stm32f407igtx.s.obj
                0x08000000                g_pfnVectors
                0x08000188                . = ALIGN (0x4)

.text           0x08000188     0x11ec
                0x08000188                . = ALIGN (0x4)
 *(.text)
 .text          0x08000188       0x40 d:/tools/gcc-arm-none-eabi-10.3-2021.10/bin/../lib/gcc/arm-none-eabi/10.3.1/thumb/v7e-m+fp/hard/crtbegin.o
 .text          0x080001c8       0x30 d:/tools/gcc-arm-none-eabi-10.3-2021.10/bin/../lib/gcc/arm-none-eabi/10.3.1/thumb/v7e-m+fp/hard\libgcc.a(_aeabi_uldivmod.o)
                0x080001c8                __aeabi_uldivmod
 .text          0x080001f8      0x2d0 d:/tools/gcc-arm-none-eabi-10.3-2021.10/bin/../lib/gcc/arm-none-eabi/10.3.1/thumb/v7e-m+fp/hard\libgcc.a(_udivmoddi4.o)
                0x080001f8                __udivmoddi4
 .text          0x080004c8        0x4 d:/tools/gcc-arm-none-eabi-10.3-2021.10/bin/../lib/gcc/arm-none-eabi/10.3.1/thumb/v7e-m+fp/hard\libgcc.a(_dvmd_tls.o)
                0x080004c8                __aeabi_idiv0
                0x080004c8                __aeabi_ldiv0
 *(.text*)
 .text.__libc_init_array
                0x080004cc       0x48 d:/tools/gcc-arm-none-eabi-10.3-2021.10/bin/../lib/gcc/arm-none-eabi/10.3.1/../../../../arm-none-eabi/lib/thumb/v7e-m+fp/hard\libc_nano.a(lib_a-init.o)
                0x080004cc                __libc_init_array
 .text.memset   0x08000514       0x10 d:/tools/gcc-arm-none-eabi-10.3-2021.10/bin/../lib/gcc/arm-none-eabi/10.3.1/../../../../arm-none-eabi/lib/thumb/v7e-m+fp/hard\libc_nano.a(lib_a-memset.o)
                0x08000514                memset
 .text.main     0x08000524       0x12 CMakeFiles/stm32f4xx_tftlcd.elf.dir/src/Core/Src/main.c.obj
                0x08000524                main
 *fill*         0x08000536        0x2 
 .text.SystemClock_Config
                0x08000538       0xd4 CMakeFiles/stm32f4xx_tftlcd.elf.dir/src/Core/Src/main.c.obj
                0x08000538                SystemClock_Config
 .text.Error_Handler
                0x0800060c        0xa CMakeFiles/stm32f4xx_tftlcd.elf.dir/src/Core/Src/main.c.obj
                0x0800060c                Error_Handler
 *fill*         0x08000616        0x2 
 .text.HAL_MspInit
                0x08000618       0x50 CMakeFiles/stm32f4xx_tftlcd.elf.dir/src/Core/Src/stm32f4xx_hal_msp.c.obj
                0x08000618                HAL_MspInit
 .text.NMI_Handler
                0x08000668        0x6 CMakeFiles/stm32f4xx_tftlcd.elf.dir/src/Core/Src/stm32f4xx_it.c.obj
                0x08000668                NMI_Handler
 .text.HardFault_Handler
                0x0800066e        0x6 CMakeFiles/stm32f4xx_tftlcd.elf.dir/src/Core/Src/stm32f4xx_it.c.obj
                0x0800066e                HardFault_Handler
 .text.MemManage_Handler
                0x08000674        0x6 CMakeFiles/stm32f4xx_tftlcd.elf.dir/src/Core/Src/stm32f4xx_it.c.obj
                0x08000674                MemManage_Handler
 .text.BusFault_Handler
                0x0800067a        0x6 CMakeFiles/stm32f4xx_tftlcd.elf.dir/src/Core/Src/stm32f4xx_it.c.obj
                0x0800067a                BusFault_Handler
 .text.UsageFault_Handler
                0x08000680        0x6 CMakeFiles/stm32f4xx_tftlcd.elf.dir/src/Core/Src/stm32f4xx_it.c.obj
                0x08000680                UsageFault_Handler
 .text.SVC_Handler
                0x08000686        0xe CMakeFiles/stm32f4xx_tftlcd.elf.dir/src/Core/Src/stm32f4xx_it.c.obj
                0x08000686                SVC_Handler
 .text.DebugMon_Handler
                0x08000694        0xe CMakeFiles/stm32f4xx_tftlcd.elf.dir/src/Core/Src/stm32f4xx_it.c.obj
                0x08000694                DebugMon_Handler
 .text.PendSV_Handler
                0x080006a2        0xe CMakeFiles/stm32f4xx_tftlcd.elf.dir/src/Core/Src/stm32f4xx_it.c.obj
                0x080006a2                PendSV_Handler
 .text.SysTick_Handler
                0x080006b0        0xc CMakeFiles/stm32f4xx_tftlcd.elf.dir/src/Core/Src/stm32f4xx_it.c.obj
                0x080006b0                SysTick_Handler
 .text.SystemInit
                0x080006bc       0x24 CMakeFiles/stm32f4xx_tftlcd.elf.dir/src/Core/Src/system_stm32f4xx.c.obj
                0x080006bc                SystemInit
 .text.__NVIC_SetPriority
                0x080006e0       0x54 CMakeFiles/stm32f4xx_tftlcd.elf.dir/src/Core/bsp/Src/bsp_timer.c.obj
 .text.SysTick_Config
                0x08000734       0x44 CMakeFiles/stm32f4xx_tftlcd.elf.dir/src/Core/bsp/Src/bsp_timer.c.obj
 .text.bsp_InitTimer
                0x08000778       0x8c CMakeFiles/stm32f4xx_tftlcd.elf.dir/src/Core/bsp/Src/bsp_timer.c.obj
                0x08000778                bsp_InitTimer
 .text.bsp_Init
                0x08000804        0xc CMakeFiles/stm32f4xx_tftlcd.elf.dir/src/Core/bsp/bsp.c.obj
                0x08000804                bsp_Init
 .text.HAL_Init
                0x08000810       0x44 CMakeFiles/stm32f4xx_tftlcd.elf.dir/src/Drivers/STM32F4xx_HAL_Driver/Src/stm32f4xx_hal.c.obj
                0x08000810                HAL_Init
 .text.HAL_InitTick
                0x08000854       0x60 CMakeFiles/stm32f4xx_tftlcd.elf.dir/src/Drivers/STM32F4xx_HAL_Driver/Src/stm32f4xx_hal.c.obj
                0x08000854                HAL_InitTick
 .text.HAL_IncTick
                0x080008b4       0x28 CMakeFiles/stm32f4xx_tftlcd.elf.dir/src/Drivers/STM32F4xx_HAL_Driver/Src/stm32f4xx_hal.c.obj
                0x080008b4                HAL_IncTick
 .text.HAL_GetTick
                0x080008dc       0x18 CMakeFiles/stm32f4xx_tftlcd.elf.dir/src/Drivers/STM32F4xx_HAL_Driver/Src/stm32f4xx_hal.c.obj
                0x080008dc                HAL_GetTick
 .text.__NVIC_SetPriorityGrouping
                0x080008f4       0x48 CMakeFiles/stm32f4xx_tftlcd.elf.dir/src/Drivers/STM32F4xx_HAL_Driver/Src/stm32f4xx_hal_cortex.c.obj
 .text.__NVIC_GetPriorityGrouping
                0x0800093c       0x1c CMakeFiles/stm32f4xx_tftlcd.elf.dir/src/Drivers/STM32F4xx_HAL_Driver/Src/stm32f4xx_hal_cortex.c.obj
 .text.__NVIC_SetPriority
                0x08000958       0x54 CMakeFiles/stm32f4xx_tftlcd.elf.dir/src/Drivers/STM32F4xx_HAL_Driver/Src/stm32f4xx_hal_cortex.c.obj
 .text.NVIC_EncodePriority
                0x080009ac       0x66 CMakeFiles/stm32f4xx_tftlcd.elf.dir/src/Drivers/STM32F4xx_HAL_Driver/Src/stm32f4xx_hal_cortex.c.obj
 *fill*         0x08000a12        0x2 
 .text.SysTick_Config
                0x08000a14       0x44 CMakeFiles/stm32f4xx_tftlcd.elf.dir/src/Drivers/STM32F4xx_HAL_Driver/Src/stm32f4xx_hal_cortex.c.obj
 .text.HAL_NVIC_SetPriorityGrouping
                0x08000a58       0x16 CMakeFiles/stm32f4xx_tftlcd.elf.dir/src/Drivers/STM32F4xx_HAL_Driver/Src/stm32f4xx_hal_cortex.c.obj
                0x08000a58                HAL_NVIC_SetPriorityGrouping
 .text.HAL_NVIC_SetPriority
                0x08000a6e       0x38 CMakeFiles/stm32f4xx_tftlcd.elf.dir/src/Drivers/STM32F4xx_HAL_Driver/Src/stm32f4xx_hal_cortex.c.obj
                0x08000a6e                HAL_NVIC_SetPriority
 .text.HAL_SYSTICK_Config
                0x08000aa6       0x18 CMakeFiles/stm32f4xx_tftlcd.elf.dir/src/Drivers/STM32F4xx_HAL_Driver/Src/stm32f4xx_hal_cortex.c.obj
                0x08000aa6                HAL_SYSTICK_Config
 *fill*         0x08000abe        0x2 
 .text.HAL_RCC_OscConfig
                0x08000ac0      0x4f0 CMakeFiles/stm32f4xx_tftlcd.elf.dir/src/Drivers/STM32F4xx_HAL_Driver/Src/stm32f4xx_hal_rcc.c.obj
                0x08000ac0                HAL_RCC_OscConfig
 .text.HAL_RCC_ClockConfig
                0x08000fb0      0x1cc CMakeFiles/stm32f4xx_tftlcd.elf.dir/src/Drivers/STM32F4xx_HAL_Driver/Src/stm32f4xx_hal_rcc.c.obj
                0x08000fb0                HAL_RCC_ClockConfig
 .text.HAL_RCC_GetSysClockFreq
                0x0800117c      0x18c CMakeFiles/stm32f4xx_tftlcd.elf.dir/src/Drivers/STM32F4xx_HAL_Driver/Src/stm32f4xx_hal_rcc.c.obj
                0x0800117c                HAL_RCC_GetSysClockFreq
 .text.Reset_Handler
                0x08001308       0x50 CMakeFiles/stm32f4xx_tftlcd.elf.dir/src/Core/Startup/startup_stm32f407igtx.s.obj
                0x08001308                Reset_Handler
 .text.Default_Handler
                0x08001358        0x2 CMakeFiles/stm32f4xx_tftlcd.elf.dir/src/Core/Startup/startup_stm32f407igtx.s.obj
                0x08001358                RTC_Alarm_IRQHandler
                0x08001358                HASH_RNG_IRQHandler
                0x08001358                EXTI2_IRQHandler
                0x08001358                TIM8_CC_IRQHandler
                0x08001358                TIM1_CC_IRQHandler
                0x08001358                DMA2_Stream5_IRQHandler
                0x08001358                DMA1_Stream5_IRQHandler
                0x08001358                PVD_IRQHandler
                0x08001358                SDIO_IRQHandler
                0x08001358                TAMP_STAMP_IRQHandler
                0x08001358                CAN2_RX1_IRQHandler
                0x08001358                EXTI3_IRQHandler
                0x08001358                TIM8_TRG_COM_TIM14_IRQHandler
                0x08001358                TIM1_UP_TIM10_IRQHandler
                0x08001358                TIM8_UP_TIM13_IRQHandler
                0x08001358                I2C3_ER_IRQHandler
                0x08001358                EXTI0_IRQHandler
                0x08001358                I2C2_EV_IRQHandler
                0x08001358                DMA1_Stream2_IRQHandler
                0x08001358                CAN1_RX0_IRQHandler
                0x08001358                FPU_IRQHandler
                0x08001358                OTG_HS_WKUP_IRQHandler
                0x08001358                CAN2_SCE_IRQHandler
                0x08001358                DMA2_Stream2_IRQHandler
                0x08001358                SPI1_IRQHandler
                0x08001358                TIM6_DAC_IRQHandler
                0x08001358                TIM1_BRK_TIM9_IRQHandler
                0x08001358                DCMI_IRQHandler
                0x08001358                CAN2_RX0_IRQHandler
                0x08001358                DMA2_Stream3_IRQHandler
                0x08001358                USART6_IRQHandler
                0x08001358                USART3_IRQHandler
                0x08001358                CAN1_RX1_IRQHandler
                0x08001358                UART5_IRQHandler
                0x08001358                DMA2_Stream0_IRQHandler
                0x08001358                TIM4_IRQHandler
                0x08001358                I2C1_EV_IRQHandler
                0x08001358                DMA1_Stream6_IRQHandler
                0x08001358                DMA1_Stream1_IRQHandler
                0x08001358                UART4_IRQHandler
                0x08001358                TIM3_IRQHandler
                0x08001358                RCC_IRQHandler
                0x08001358                TIM8_BRK_TIM12_IRQHandler
                0x08001358                Default_Handler
                0x08001358                EXTI15_10_IRQHandler
                0x08001358                ADC_IRQHandler
                0x08001358                DMA1_Stream7_IRQHandler
                0x08001358                TIM7_IRQHandler
                0x08001358                CAN2_TX_IRQHandler
                0x08001358                TIM5_IRQHandler
                0x08001358                DMA2_Stream7_IRQHandler
                0x08001358                I2C3_EV_IRQHandler
                0x08001358                EXTI9_5_IRQHandler
                0x08001358                RTC_WKUP_IRQHandler
                0x08001358                ETH_WKUP_IRQHandler
                0x08001358                SPI2_IRQHandler
                0x08001358                OTG_HS_EP1_IN_IRQHandler
                0x08001358                DMA1_Stream0_IRQHandler
                0x08001358                CAN1_TX_IRQHandler
                0x08001358                EXTI4_IRQHandler
                0x08001358                FSMC_IRQHandler
                0x08001358                ETH_IRQHandler
                0x08001358                OTG_HS_EP1_OUT_IRQHandler
                0x08001358                WWDG_IRQHandler
                0x08001358                TIM2_IRQHandler
                0x08001358                OTG_FS_WKUP_IRQHandler
                0x08001358                TIM1_TRG_COM_TIM11_IRQHandler
                0x08001358                OTG_HS_IRQHandler
                0x08001358                EXTI1_IRQHandler
                0x08001358                USART2_IRQHandler
                0x08001358                I2C2_ER_IRQHandler
                0x08001358                DMA2_Stream1_IRQHandler
                0x08001358                CAN1_SCE_IRQHandler
                0x08001358                FLASH_IRQHandler
                0x08001358                DMA2_Stream4_IRQHandler
                0x08001358                USART1_IRQHandler
                0x08001358                OTG_FS_IRQHandler
                0x08001358                SPI3_IRQHandler
                0x08001358                DMA1_Stream4_IRQHandler
                0x08001358                I2C1_ER_IRQHandler
                0x08001358                DMA2_Stream6_IRQHandler
                0x08001358                DMA1_Stream3_IRQHandler
 *(.glue_7)
 .glue_7        0x0800135a        0x0 linker stubs
 *(.glue_7t)
 .glue_7t       0x0800135a        0x0 linker stubs
 *(.eh_frame)
 *fill*         0x0800135a        0x2 
 .eh_frame      0x0800135c        0x0 d:/tools/gcc-arm-none-eabi-10.3-2021.10/bin/../lib/gcc/arm-none-eabi/10.3.1/thumb/v7e-m+fp/hard/crtbegin.o
 *(.init)
 .init          0x0800135c        0x4 d:/tools/gcc-arm-none-eabi-10.3-2021.10/bin/../lib/gcc/arm-none-eabi/10.3.1/thumb/v7e-m+fp/hard/crti.o
                0x0800135c                _init
 .init          0x08001360        0x8 d:/tools/gcc-arm-none-eabi-10.3-2021.10/bin/../lib/gcc/arm-none-eabi/10.3.1/thumb/v7e-m+fp/hard/crtn.o
 *(.fini)
 .fini          0x08001368        0x4 d:/tools/gcc-arm-none-eabi-10.3-2021.10/bin/../lib/gcc/arm-none-eabi/10.3.1/thumb/v7e-m+fp/hard/crti.o
                0x08001368                _fini
 .fini          0x0800136c        0x8 d:/tools/gcc-arm-none-eabi-10.3-2021.10/bin/../lib/gcc/arm-none-eabi/10.3.1/thumb/v7e-m+fp/hard/crtn.o
                0x08001374                . = ALIGN (0x4)
                0x08001374                _etext = .

.vfp11_veneer   0x08001374        0x0
 .vfp11_veneer  0x08001374        0x0 linker stubs

.v4_bx          0x08001374        0x0
 .v4_bx         0x08001374        0x0 linker stubs

.iplt           0x08001374        0x0
 .iplt          0x08001374        0x0 d:/tools/gcc-arm-none-eabi-10.3-2021.10/bin/../lib/gcc/arm-none-eabi/10.3.1/thumb/v7e-m+fp/hard/crtbegin.o

.rodata         0x08001374       0x10
                0x08001374                . = ALIGN (0x4)
 *(.rodata)
 *(.rodata*)
 .rodata.AHBPrescTable
                0x08001374       0x10 CMakeFiles/stm32f4xx_tftlcd.elf.dir/src/Core/Src/system_stm32f4xx.c.obj
                0x08001374                AHBPrescTable
                0x08001384                . = ALIGN (0x4)

.ARM.extab      0x08001384        0x0
                0x08001384                . = ALIGN (0x4)
 *(.ARM.extab* .gnu.linkonce.armextab.*)
                0x08001384                . = ALIGN (0x4)

.ARM            0x08001384        0x8
                0x08001384                . = ALIGN (0x4)
                0x08001384                __exidx_start = .
 *(.ARM.exidx*)
 .ARM.exidx     0x08001384        0x8 d:/tools/gcc-arm-none-eabi-10.3-2021.10/bin/../lib/gcc/arm-none-eabi/10.3.1/thumb/v7e-m+fp/hard\libgcc.a(_udivmoddi4.o)
                0x0800138c                __exidx_end = .
                0x0800138c                . = ALIGN (0x4)

.rel.dyn        0x0800138c        0x0
 .rel.iplt      0x0800138c        0x0 d:/tools/gcc-arm-none-eabi-10.3-2021.10/bin/../lib/gcc/arm-none-eabi/10.3.1/thumb/v7e-m+fp/hard/crtbegin.o

.preinit_array  0x0800138c        0x0
                0x0800138c                . = ALIGN (0x4)
                0x0800138c                PROVIDE (__preinit_array_start = .)
 *(.preinit_array*)
                0x0800138c                PROVIDE (__preinit_array_end = .)
                0x0800138c                . = ALIGN (0x4)

.init_array     0x0800138c        0x4
                0x0800138c                . = ALIGN (0x4)
                0x0800138c                PROVIDE (__init_array_start = .)
 *(SORT_BY_NAME(.init_array.*))
 *(.init_array*)
 .init_array    0x0800138c        0x4 d:/tools/gcc-arm-none-eabi-10.3-2021.10/bin/../lib/gcc/arm-none-eabi/10.3.1/thumb/v7e-m+fp/hard/crtbegin.o
                0x08001390                PROVIDE (__init_array_end = .)
                0x08001390                . = ALIGN (0x4)

.fini_array     0x08001390        0x4
                0x08001390                . = ALIGN (0x4)
                [!provide]                PROVIDE (__fini_array_start = .)
 *(SORT_BY_NAME(.fini_array.*))
 *(.fini_array*)
 .fini_array    0x08001390        0x4 d:/tools/gcc-arm-none-eabi-10.3-2021.10/bin/../lib/gcc/arm-none-eabi/10.3.1/thumb/v7e-m+fp/hard/crtbegin.o
                [!provide]                PROVIDE (__fini_array_end = .)
                0x08001394                . = ALIGN (0x4)
                0x08001394                _sidata = LOADADDR (.data)

.data           0x20000000        0xc load address 0x08001394
                0x20000000                . = ALIGN (0x4)
                0x20000000                _sdata = .
 *(.data)
 *(.data*)
 .data.SystemCoreClock
                0x20000000        0x4 CMakeFiles/stm32f4xx_tftlcd.elf.dir/src/Core/Src/system_stm32f4xx.c.obj
                0x20000000                SystemCoreClock
 .data.uwTickPrio
                0x20000004        0x4 CMakeFiles/stm32f4xx_tftlcd.elf.dir/src/Drivers/STM32F4xx_HAL_Driver/Src/stm32f4xx_hal.c.obj
                0x20000004                uwTickPrio
 .data.uwTickFreq
                0x20000008        0x1 CMakeFiles/stm32f4xx_tftlcd.elf.dir/src/Drivers/STM32F4xx_HAL_Driver/Src/stm32f4xx_hal.c.obj
                0x20000008                uwTickFreq
 *(.RamFunc)
 *(.RamFunc*)
                0x2000000c                . = ALIGN (0x4)
 *fill*         0x20000009        0x3 
                0x2000000c                _edata = .
                0x080013a0                _siccmram = LOADADDR (.ccmram)

.igot.plt       0x2000000c        0x0 load address 0x080013a0
 .igot.plt      0x2000000c        0x0 d:/tools/gcc-arm-none-eabi-10.3-2021.10/bin/../lib/gcc/arm-none-eabi/10.3.1/thumb/v7e-m+fp/hard/crtbegin.o

.ccmram         0x10000000        0x0 load address 0x080013a0
                0x10000000                . = ALIGN (0x4)
                0x10000000                _sccmram = .
 *(.ccmram)
 *(.ccmram*)
                0x10000000                . = ALIGN (0x4)
                0x10000000                _eccmram = .
                0x10000000                . = ALIGN (0x4)

.bss            0x2000000c       0x50
                0x2000000c                _sbss = .
                0x2000000c                __bss_start__ = _sbss
 *(.bss)
 .bss           0x2000000c       0x1c d:/tools/gcc-arm-none-eabi-10.3-2021.10/bin/../lib/gcc/arm-none-eabi/10.3.1/thumb/v7e-m+fp/hard/crtbegin.o
 *(.bss*)
 .bss.s_tTmr    0x20000028       0x30 CMakeFiles/stm32f4xx_tftlcd.elf.dir/src/Core/bsp/Src/bsp_timer.c.obj
 .bss.uwTick    0x20000058        0x4 CMakeFiles/stm32f4xx_tftlcd.elf.dir/src/Drivers/STM32F4xx_HAL_Driver/Src/stm32f4xx_hal.c.obj
                0x20000058                uwTick
 *(COMMON)
                0x2000005c                . = ALIGN (0x4)
                0x2000005c                _ebss = .
                0x2000005c                __bss_end__ = _ebss

._user_heap_stack
                0x2000005c      0x604
                0x20000060                . = ALIGN (0x8)
 *fill*         0x2000005c        0x4 
                [!provide]                PROVIDE (end = .)
                0x20000060                PROVIDE (_end = .)
                0x20000260                . = (. + _Min_Heap_Size)
 *fill*         0x20000060      0x200 
                0x20000660                . = (. + _Min_Stack_Size)
 *fill*         0x20000260      0x400 
                0x20000660                . = ALIGN (0x8)

/DISCARD/
 libc.a(*)
 libm.a(*)
 libgcc.a(*)

.ARM.attributes
                0x00000000       0x30
 *(.ARM.attributes)
 .ARM.attributes
                0x00000000       0x1e d:/tools/gcc-arm-none-eabi-10.3-2021.10/bin/../lib/gcc/arm-none-eabi/10.3.1/thumb/v7e-m+fp/hard/crti.o
 .ARM.attributes
                0x0000001e       0x34 d:/tools/gcc-arm-none-eabi-10.3-2021.10/bin/../lib/gcc/arm-none-eabi/10.3.1/thumb/v7e-m+fp/hard/crtbegin.o
 .ARM.attributes
                0x00000052       0x34 d:/tools/gcc-arm-none-eabi-10.3-2021.10/bin/../lib/gcc/arm-none-eabi/10.3.1/../../../../arm-none-eabi/lib/thumb/v7e-m+fp/hard\libc_nano.a(lib_a-init.o)
 .ARM.attributes
                0x00000086       0x34 d:/tools/gcc-arm-none-eabi-10.3-2021.10/bin/../lib/gcc/arm-none-eabi/10.3.1/../../../../arm-none-eabi/lib/thumb/v7e-m+fp/hard\libc_nano.a(lib_a-memset.o)
 .ARM.attributes
                0x000000ba       0x34 CMakeFiles/stm32f4xx_tftlcd.elf.dir/src/Core/Src/main.c.obj
 .ARM.attributes
                0x000000ee       0x34 CMakeFiles/stm32f4xx_tftlcd.elf.dir/src/Core/Src/stm32f4xx_hal_msp.c.obj
 .ARM.attributes
                0x00000122       0x34 CMakeFiles/stm32f4xx_tftlcd.elf.dir/src/Core/Src/stm32f4xx_it.c.obj
 .ARM.attributes
                0x00000156       0x34 CMakeFiles/stm32f4xx_tftlcd.elf.dir/src/Core/Src/system_stm32f4xx.c.obj
 .ARM.attributes
                0x0000018a       0x34 CMakeFiles/stm32f4xx_tftlcd.elf.dir/src/Core/bsp/Src/bsp_timer.c.obj
 .ARM.attributes
                0x000001be       0x34 CMakeFiles/stm32f4xx_tftlcd.elf.dir/src/Core/bsp/bsp.c.obj
 .ARM.attributes
                0x000001f2       0x34 CMakeFiles/stm32f4xx_tftlcd.elf.dir/src/Drivers/STM32F4xx_HAL_Driver/Src/stm32f4xx_hal.c.obj
 .ARM.attributes
                0x00000226       0x34 CMakeFiles/stm32f4xx_tftlcd.elf.dir/src/Drivers/STM32F4xx_HAL_Driver/Src/stm32f4xx_hal_cortex.c.obj
 .ARM.attributes
                0x0000025a       0x34 CMakeFiles/stm32f4xx_tftlcd.elf.dir/src/Drivers/STM32F4xx_HAL_Driver/Src/stm32f4xx_hal_rcc.c.obj
 .ARM.attributes
                0x0000028e       0x21 CMakeFiles/stm32f4xx_tftlcd.elf.dir/src/Core/Startup/startup_stm32f407igtx.s.obj
 .ARM.attributes
                0x000002af       0x1e d:/tools/gcc-arm-none-eabi-10.3-2021.10/bin/../lib/gcc/arm-none-eabi/10.3.1/thumb/v7e-m+fp/hard\libgcc.a(_aeabi_uldivmod.o)
 .ARM.attributes
                0x000002cd       0x34 d:/tools/gcc-arm-none-eabi-10.3-2021.10/bin/../lib/gcc/arm-none-eabi/10.3.1/thumb/v7e-m+fp/hard\libgcc.a(_udivmoddi4.o)
 .ARM.attributes
                0x00000301       0x1e d:/tools/gcc-arm-none-eabi-10.3-2021.10/bin/../lib/gcc/arm-none-eabi/10.3.1/thumb/v7e-m+fp/hard\libgcc.a(_dvmd_tls.o)
 .ARM.attributes
                0x0000031f       0x1e d:/tools/gcc-arm-none-eabi-10.3-2021.10/bin/../lib/gcc/arm-none-eabi/10.3.1/thumb/v7e-m+fp/hard/crtn.o
OUTPUT(stm32f4xx_tftlcd.elf elf32-littlearm)
LOAD linker stubs
LOAD d:/tools/gcc-arm-none-eabi-10.3-2021.10/bin/../lib/gcc/arm-none-eabi/10.3.1/../../../../arm-none-eabi/lib/thumb/v7e-m+fp/hard\libc.a
LOAD d:/tools/gcc-arm-none-eabi-10.3-2021.10/bin/../lib/gcc/arm-none-eabi/10.3.1/../../../../arm-none-eabi/lib/thumb/v7e-m+fp/hard\libm.a
LOAD d:/tools/gcc-arm-none-eabi-10.3-2021.10/bin/../lib/gcc/arm-none-eabi/10.3.1/thumb/v7e-m+fp/hard\libgcc.a

.debug_frame    0x00000000      0xdec
 .debug_frame   0x00000000       0x2c d:/tools/gcc-arm-none-eabi-10.3-2021.10/bin/../lib/gcc/arm-none-eabi/10.3.1/../../../../arm-none-eabi/lib/thumb/v7e-m+fp/hard\libc_nano.a(lib_a-init.o)
 .debug_frame   0x0000002c       0x20 d:/tools/gcc-arm-none-eabi-10.3-2021.10/bin/../lib/gcc/arm-none-eabi/10.3.1/../../../../arm-none-eabi/lib/thumb/v7e-m+fp/hard\libc_nano.a(lib_a-memset.o)
 .debug_frame   0x0000004c       0x68 CMakeFiles/stm32f4xx_tftlcd.elf.dir/src/Core/Src/main.c.obj
 .debug_frame   0x000000b4       0x38 CMakeFiles/stm32f4xx_tftlcd.elf.dir/src/Core/Src/stm32f4xx_hal_msp.c.obj
 .debug_frame   0x000000ec      0x104 CMakeFiles/stm32f4xx_tftlcd.elf.dir/src/Core/Src/stm32f4xx_it.c.obj
 .debug_frame   0x000001f0       0x58 CMakeFiles/stm32f4xx_tftlcd.elf.dir/src/Core/Src/system_stm32f4xx.c.obj
 .debug_frame   0x00000248       0xa8 CMakeFiles/stm32f4xx_tftlcd.elf.dir/src/Core/bsp/Src/bsp_timer.c.obj
 .debug_frame   0x000002f0       0x2c CMakeFiles/stm32f4xx_tftlcd.elf.dir/src/Core/bsp/bsp.c.obj
 .debug_frame   0x0000031c      0x374 CMakeFiles/stm32f4xx_tftlcd.elf.dir/src/Drivers/STM32F4xx_HAL_Driver/Src/stm32f4xx_hal.c.obj
 .debug_frame   0x00000690      0x508 CMakeFiles/stm32f4xx_tftlcd.elf.dir/src/Drivers/STM32F4xx_HAL_Driver/Src/stm32f4xx_hal_cortex.c.obj
 .debug_frame   0x00000b98      0x1f4 CMakeFiles/stm32f4xx_tftlcd.elf.dir/src/Drivers/STM32F4xx_HAL_Driver/Src/stm32f4xx_hal_rcc.c.obj
 .debug_frame   0x00000d8c       0x2c d:/tools/gcc-arm-none-eabi-10.3-2021.10/bin/../lib/gcc/arm-none-eabi/10.3.1/thumb/v7e-m+fp/hard\libgcc.a(_aeabi_uldivmod.o)
 .debug_frame   0x00000db8       0x34 d:/tools/gcc-arm-none-eabi-10.3-2021.10/bin/../lib/gcc/arm-none-eabi/10.3.1/thumb/v7e-m+fp/hard\libgcc.a(_udivmoddi4.o)

.debug_info     0x00000000     0x36c5
 .debug_info    0x00000000      0x4b9 CMakeFiles/stm32f4xx_tftlcd.elf.dir/src/Core/Src/main.c.obj
 .debug_info    0x000004b9      0x2a8 CMakeFiles/stm32f4xx_tftlcd.elf.dir/src/Core/Src/stm32f4xx_hal_msp.c.obj
 .debug_info    0x00000761      0x119 CMakeFiles/stm32f4xx_tftlcd.elf.dir/src/Core/Src/stm32f4xx_it.c.obj
 .debug_info    0x0000087a      0x51c CMakeFiles/stm32f4xx_tftlcd.elf.dir/src/Core/Src/system_stm32f4xx.c.obj
 .debug_info    0x00000d96      0x7d0 CMakeFiles/stm32f4xx_tftlcd.elf.dir/src/Core/bsp/Src/bsp_timer.c.obj
 .debug_info    0x00001566       0x90 CMakeFiles/stm32f4xx_tftlcd.elf.dir/src/Core/bsp/bsp.c.obj
 .debug_info    0x000015f6      0x929 CMakeFiles/stm32f4xx_tftlcd.elf.dir/src/Drivers/STM32F4xx_HAL_Driver/Src/stm32f4xx_hal.c.obj
 .debug_info    0x00001f1f      0xe63 CMakeFiles/stm32f4xx_tftlcd.elf.dir/src/Drivers/STM32F4xx_HAL_Driver/Src/stm32f4xx_hal_cortex.c.obj
 .debug_info    0x00002d82      0x921 CMakeFiles/stm32f4xx_tftlcd.elf.dir/src/Drivers/STM32F4xx_HAL_Driver/Src/stm32f4xx_hal_rcc.c.obj
 .debug_info    0x000036a3       0x22 CMakeFiles/stm32f4xx_tftlcd.elf.dir/src/Core/Startup/startup_stm32f407igtx.s.obj

.debug_abbrev   0x00000000      0xd6c
 .debug_abbrev  0x00000000      0x17d CMakeFiles/stm32f4xx_tftlcd.elf.dir/src/Core/Src/main.c.obj
 .debug_abbrev  0x0000017d       0xd4 CMakeFiles/stm32f4xx_tftlcd.elf.dir/src/Core/Src/stm32f4xx_hal_msp.c.obj
 .debug_abbrev  0x00000251       0x61 CMakeFiles/stm32f4xx_tftlcd.elf.dir/src/Core/Src/stm32f4xx_it.c.obj
 .debug_abbrev  0x000002b2      0x116 CMakeFiles/stm32f4xx_tftlcd.elf.dir/src/Core/Src/system_stm32f4xx.c.obj
 .debug_abbrev  0x000003c8      0x202 CMakeFiles/stm32f4xx_tftlcd.elf.dir/src/Core/bsp/Src/bsp_timer.c.obj
 .debug_abbrev  0x000005ca       0x47 CMakeFiles/stm32f4xx_tftlcd.elf.dir/src/Core/bsp/bsp.c.obj
 .debug_abbrev  0x00000611      0x1da CMakeFiles/stm32f4xx_tftlcd.elf.dir/src/Drivers/STM32F4xx_HAL_Driver/Src/stm32f4xx_hal.c.obj
 .debug_abbrev  0x000007eb      0x30d CMakeFiles/stm32f4xx_tftlcd.elf.dir/src/Drivers/STM32F4xx_HAL_Driver/Src/stm32f4xx_hal_cortex.c.obj
 .debug_abbrev  0x00000af8      0x262 CMakeFiles/stm32f4xx_tftlcd.elf.dir/src/Drivers/STM32F4xx_HAL_Driver/Src/stm32f4xx_hal_rcc.c.obj
 .debug_abbrev  0x00000d5a       0x12 CMakeFiles/stm32f4xx_tftlcd.elf.dir/src/Core/Startup/startup_stm32f407igtx.s.obj

.debug_aranges  0x00000000      0x400
 .debug_aranges
                0x00000000       0x30 CMakeFiles/stm32f4xx_tftlcd.elf.dir/src/Core/Src/main.c.obj
 .debug_aranges
                0x00000030       0x20 CMakeFiles/stm32f4xx_tftlcd.elf.dir/src/Core/Src/stm32f4xx_hal_msp.c.obj
 .debug_aranges
                0x00000050       0x60 CMakeFiles/stm32f4xx_tftlcd.elf.dir/src/Core/Src/stm32f4xx_it.c.obj
 .debug_aranges
                0x000000b0       0x28 CMakeFiles/stm32f4xx_tftlcd.elf.dir/src/Core/Src/system_stm32f4xx.c.obj
 .debug_aranges
                0x000000d8       0x38 CMakeFiles/stm32f4xx_tftlcd.elf.dir/src/Core/bsp/Src/bsp_timer.c.obj
 .debug_aranges
                0x00000110       0x20 CMakeFiles/stm32f4xx_tftlcd.elf.dir/src/Core/bsp/bsp.c.obj
 .debug_aranges
                0x00000130       0xf0 CMakeFiles/stm32f4xx_tftlcd.elf.dir/src/Drivers/STM32F4xx_HAL_Driver/Src/stm32f4xx_hal.c.obj
 .debug_aranges
                0x00000220      0x130 CMakeFiles/stm32f4xx_tftlcd.elf.dir/src/Drivers/STM32F4xx_HAL_Driver/Src/stm32f4xx_hal_cortex.c.obj
 .debug_aranges
                0x00000350       0x88 CMakeFiles/stm32f4xx_tftlcd.elf.dir/src/Drivers/STM32F4xx_HAL_Driver/Src/stm32f4xx_hal_rcc.c.obj
 .debug_aranges
                0x000003d8       0x28 CMakeFiles/stm32f4xx_tftlcd.elf.dir/src/Core/Startup/startup_stm32f407igtx.s.obj

.debug_ranges   0x00000000      0x368
 .debug_ranges  0x00000000       0x20 CMakeFiles/stm32f4xx_tftlcd.elf.dir/src/Core/Src/main.c.obj
 .debug_ranges  0x00000020       0x10 CMakeFiles/stm32f4xx_tftlcd.elf.dir/src/Core/Src/stm32f4xx_hal_msp.c.obj
 .debug_ranges  0x00000030       0x50 CMakeFiles/stm32f4xx_tftlcd.elf.dir/src/Core/Src/stm32f4xx_it.c.obj
 .debug_ranges  0x00000080       0x18 CMakeFiles/stm32f4xx_tftlcd.elf.dir/src/Core/Src/system_stm32f4xx.c.obj
 .debug_ranges  0x00000098       0x28 CMakeFiles/stm32f4xx_tftlcd.elf.dir/src/Core/bsp/Src/bsp_timer.c.obj
 .debug_ranges  0x000000c0       0x10 CMakeFiles/stm32f4xx_tftlcd.elf.dir/src/Core/bsp/bsp.c.obj
 .debug_ranges  0x000000d0       0xe0 CMakeFiles/stm32f4xx_tftlcd.elf.dir/src/Drivers/STM32F4xx_HAL_Driver/Src/stm32f4xx_hal.c.obj
 .debug_ranges  0x000001b0      0x120 CMakeFiles/stm32f4xx_tftlcd.elf.dir/src/Drivers/STM32F4xx_HAL_Driver/Src/stm32f4xx_hal_cortex.c.obj
 .debug_ranges  0x000002d0       0x78 CMakeFiles/stm32f4xx_tftlcd.elf.dir/src/Drivers/STM32F4xx_HAL_Driver/Src/stm32f4xx_hal_rcc.c.obj
 .debug_ranges  0x00000348       0x20 CMakeFiles/stm32f4xx_tftlcd.elf.dir/src/Core/Startup/startup_stm32f407igtx.s.obj

.debug_macro    0x00000000    0x1fdd4
 .debug_macro   0x00000000      0x348 CMakeFiles/stm32f4xx_tftlcd.elf.dir/src/Core/Src/main.c.obj
 .debug_macro   0x00000348      0xa6c CMakeFiles/stm32f4xx_tftlcd.elf.dir/src/Core/Src/main.c.obj
 .debug_macro   0x00000db4      0x28f CMakeFiles/stm32f4xx_tftlcd.elf.dir/src/Core/Src/main.c.obj
 .debug_macro   0x00001043       0x2e CMakeFiles/stm32f4xx_tftlcd.elf.dir/src/Core/Src/main.c.obj
 .debug_macro   0x00001071       0x2f CMakeFiles/stm32f4xx_tftlcd.elf.dir/src/Core/Src/main.c.obj
 .debug_macro   0x000010a0       0x22 CMakeFiles/stm32f4xx_tftlcd.elf.dir/src/Core/Src/main.c.obj
 .debug_macro   0x000010c2       0x8e CMakeFiles/stm32f4xx_tftlcd.elf.dir/src/Core/Src/main.c.obj
 .debug_macro   0x00001150       0x51 CMakeFiles/stm32f4xx_tftlcd.elf.dir/src/Core/Src/main.c.obj
 .debug_macro   0x000011a1      0x103 CMakeFiles/stm32f4xx_tftlcd.elf.dir/src/Core/Src/main.c.obj
 .debug_macro   0x000012a4       0x6a CMakeFiles/stm32f4xx_tftlcd.elf.dir/src/Core/Src/main.c.obj
 .debug_macro   0x0000130e      0x1df CMakeFiles/stm32f4xx_tftlcd.elf.dir/src/Core/Src/main.c.obj
 .debug_macro   0x000014ed       0x1c CMakeFiles/stm32f4xx_tftlcd.elf.dir/src/Core/Src/main.c.obj
 .debug_macro   0x00001509       0x22 CMakeFiles/stm32f4xx_tftlcd.elf.dir/src/Core/Src/main.c.obj
 .debug_macro   0x0000152b       0xfb CMakeFiles/stm32f4xx_tftlcd.elf.dir/src/Core/Src/main.c.obj
 .debug_macro   0x00001626     0x1011 CMakeFiles/stm32f4xx_tftlcd.elf.dir/src/Core/Src/main.c.obj
 .debug_macro   0x00002637      0x11f CMakeFiles/stm32f4xx_tftlcd.elf.dir/src/Core/Src/main.c.obj
 .debug_macro   0x00002756    0x15e97 CMakeFiles/stm32f4xx_tftlcd.elf.dir/src/Core/Src/main.c.obj
 .debug_macro   0x000185ed       0x6d CMakeFiles/stm32f4xx_tftlcd.elf.dir/src/Core/Src/main.c.obj
 .debug_macro   0x0001865a     0x369a CMakeFiles/stm32f4xx_tftlcd.elf.dir/src/Core/Src/main.c.obj
 .debug_macro   0x0001bcf4      0x174 CMakeFiles/stm32f4xx_tftlcd.elf.dir/src/Core/Src/main.c.obj
 .debug_macro   0x0001be68       0x5c CMakeFiles/stm32f4xx_tftlcd.elf.dir/src/Core/Src/main.c.obj
 .debug_macro   0x0001bec4      0x980 CMakeFiles/stm32f4xx_tftlcd.elf.dir/src/Core/Src/main.c.obj
 .debug_macro   0x0001c844      0x9e9 CMakeFiles/stm32f4xx_tftlcd.elf.dir/src/Core/Src/main.c.obj
 .debug_macro   0x0001d22d      0x115 CMakeFiles/stm32f4xx_tftlcd.elf.dir/src/Core/Src/main.c.obj
 .debug_macro   0x0001d342      0x13e CMakeFiles/stm32f4xx_tftlcd.elf.dir/src/Core/Src/main.c.obj
 .debug_macro   0x0001d480       0xa5 CMakeFiles/stm32f4xx_tftlcd.elf.dir/src/Core/Src/main.c.obj
 .debug_macro   0x0001d525      0x174 CMakeFiles/stm32f4xx_tftlcd.elf.dir/src/Core/Src/main.c.obj
 .debug_macro   0x0001d699      0x287 CMakeFiles/stm32f4xx_tftlcd.elf.dir/src/Core/Src/main.c.obj
 .debug_macro   0x0001d920       0x5f CMakeFiles/stm32f4xx_tftlcd.elf.dir/src/Core/Src/main.c.obj
 .debug_macro   0x0001d97f      0x236 CMakeFiles/stm32f4xx_tftlcd.elf.dir/src/Core/Src/main.c.obj
 .debug_macro   0x0001dbb5      0x12c CMakeFiles/stm32f4xx_tftlcd.elf.dir/src/Core/Src/main.c.obj
 .debug_macro   0x0001dce1      0x21e CMakeFiles/stm32f4xx_tftlcd.elf.dir/src/Core/Src/main.c.obj
 .debug_macro   0x0001deff       0x2e CMakeFiles/stm32f4xx_tftlcd.elf.dir/src/Core/Src/main.c.obj
 .debug_macro   0x0001df2d      0x127 CMakeFiles/stm32f4xx_tftlcd.elf.dir/src/Core/Src/main.c.obj
 .debug_macro   0x0001e054       0x7e CMakeFiles/stm32f4xx_tftlcd.elf.dir/src/Core/Src/main.c.obj
 .debug_macro   0x0001e0d2       0x89 CMakeFiles/stm32f4xx_tftlcd.elf.dir/src/Core/Src/main.c.obj
 .debug_macro   0x0001e15b      0x12d CMakeFiles/stm32f4xx_tftlcd.elf.dir/src/Core/Src/main.c.obj
 .debug_macro   0x0001e288       0x64 CMakeFiles/stm32f4xx_tftlcd.elf.dir/src/Core/Src/main.c.obj
 .debug_macro   0x0001e2ec       0x1e CMakeFiles/stm32f4xx_tftlcd.elf.dir/src/Core/Src/main.c.obj
 .debug_macro   0x0001e30a       0x35 CMakeFiles/stm32f4xx_tftlcd.elf.dir/src/Core/Src/main.c.obj
 .debug_macro   0x0001e33f       0x34 CMakeFiles/stm32f4xx_tftlcd.elf.dir/src/Core/Src/main.c.obj
 .debug_macro   0x0001e373       0x16 CMakeFiles/stm32f4xx_tftlcd.elf.dir/src/Core/Src/main.c.obj
 .debug_macro   0x0001e389       0x35 CMakeFiles/stm32f4xx_tftlcd.elf.dir/src/Core/Src/main.c.obj
 .debug_macro   0x0001e3be      0x341 CMakeFiles/stm32f4xx_tftlcd.elf.dir/src/Core/Src/main.c.obj
 .debug_macro   0x0001e6ff       0x10 CMakeFiles/stm32f4xx_tftlcd.elf.dir/src/Core/Src/main.c.obj
 .debug_macro   0x0001e70f       0x16 CMakeFiles/stm32f4xx_tftlcd.elf.dir/src/Core/Src/main.c.obj
 .debug_macro   0x0001e725       0x43 CMakeFiles/stm32f4xx_tftlcd.elf.dir/src/Core/Src/main.c.obj
 .debug_macro   0x0001e768       0x34 CMakeFiles/stm32f4xx_tftlcd.elf.dir/src/Core/Src/main.c.obj
 .debug_macro   0x0001e79c       0x10 CMakeFiles/stm32f4xx_tftlcd.elf.dir/src/Core/Src/main.c.obj
 .debug_macro   0x0001e7ac       0x58 CMakeFiles/stm32f4xx_tftlcd.elf.dir/src/Core/Src/main.c.obj
 .debug_macro   0x0001e804      0x182 CMakeFiles/stm32f4xx_tftlcd.elf.dir/src/Core/Src/main.c.obj
 .debug_macro   0x0001e986       0x10 CMakeFiles/stm32f4xx_tftlcd.elf.dir/src/Core/Src/main.c.obj
 .debug_macro   0x0001e996       0x1c CMakeFiles/stm32f4xx_tftlcd.elf.dir/src/Core/Src/main.c.obj
 .debug_macro   0x0001e9b2       0x52 CMakeFiles/stm32f4xx_tftlcd.elf.dir/src/Core/Src/main.c.obj
 .debug_macro   0x0001ea04       0x22 CMakeFiles/stm32f4xx_tftlcd.elf.dir/src/Core/Src/main.c.obj
 .debug_macro   0x0001ea26       0x10 CMakeFiles/stm32f4xx_tftlcd.elf.dir/src/Core/Src/main.c.obj
 .debug_macro   0x0001ea36       0x52 CMakeFiles/stm32f4xx_tftlcd.elf.dir/src/Core/Src/main.c.obj
 .debug_macro   0x0001ea88       0xd5 CMakeFiles/stm32f4xx_tftlcd.elf.dir/src/Core/Src/main.c.obj
 .debug_macro   0x0001eb5d       0x1c CMakeFiles/stm32f4xx_tftlcd.elf.dir/src/Core/Src/main.c.obj
 .debug_macro   0x0001eb79       0x3d CMakeFiles/stm32f4xx_tftlcd.elf.dir/src/Core/Src/main.c.obj
 .debug_macro   0x0001ebb6       0x16 CMakeFiles/stm32f4xx_tftlcd.elf.dir/src/Core/Src/main.c.obj
 .debug_macro   0x0001ebcc      0x16f CMakeFiles/stm32f4xx_tftlcd.elf.dir/src/Core/Src/main.c.obj
 .debug_macro   0x0001ed3b       0x16 CMakeFiles/stm32f4xx_tftlcd.elf.dir/src/Core/Src/main.c.obj
 .debug_macro   0x0001ed51       0x10 CMakeFiles/stm32f4xx_tftlcd.elf.dir/src/Core/Src/main.c.obj
 .debug_macro   0x0001ed61       0x10 CMakeFiles/stm32f4xx_tftlcd.elf.dir/src/Core/Src/main.c.obj
 .debug_macro   0x0001ed71      0x1b5 CMakeFiles/stm32f4xx_tftlcd.elf.dir/src/Core/Src/stm32f4xx_hal_msp.c.obj
 .debug_macro   0x0001ef26      0x1bf CMakeFiles/stm32f4xx_tftlcd.elf.dir/src/Core/Src/stm32f4xx_it.c.obj
 .debug_macro   0x0001f0e5       0xda CMakeFiles/stm32f4xx_tftlcd.elf.dir/src/Core/Src/system_stm32f4xx.c.obj
 .debug_macro   0x0001f1bf      0x348 CMakeFiles/stm32f4xx_tftlcd.elf.dir/src/Core/bsp/Src/bsp_timer.c.obj
 .debug_macro   0x0001f507      0x348 CMakeFiles/stm32f4xx_tftlcd.elf.dir/src/Core/bsp/bsp.c.obj
 .debug_macro   0x0001f84f      0x20b CMakeFiles/stm32f4xx_tftlcd.elf.dir/src/Drivers/STM32F4xx_HAL_Driver/Src/stm32f4xx_hal.c.obj
 .debug_macro   0x0001fa5a      0x1ab CMakeFiles/stm32f4xx_tftlcd.elf.dir/src/Drivers/STM32F4xx_HAL_Driver/Src/stm32f4xx_hal_cortex.c.obj
 .debug_macro   0x0001fc05      0x1cf CMakeFiles/stm32f4xx_tftlcd.elf.dir/src/Drivers/STM32F4xx_HAL_Driver/Src/stm32f4xx_hal_rcc.c.obj

.debug_line     0x00000000     0x465c
 .debug_line    0x00000000      0x7a0 CMakeFiles/stm32f4xx_tftlcd.elf.dir/src/Core/Src/main.c.obj
 .debug_line    0x000007a0      0x574 CMakeFiles/stm32f4xx_tftlcd.elf.dir/src/Core/Src/stm32f4xx_hal_msp.c.obj
 .debug_line    0x00000d14      0x637 CMakeFiles/stm32f4xx_tftlcd.elf.dir/src/Core/Src/stm32f4xx_it.c.obj
 .debug_line    0x0000134b      0x38c CMakeFiles/stm32f4xx_tftlcd.elf.dir/src/Core/Src/system_stm32f4xx.c.obj
 .debug_line    0x000016d7      0x848 CMakeFiles/stm32f4xx_tftlcd.elf.dir/src/Core/bsp/Src/bsp_timer.c.obj
 .debug_line    0x00001f1f      0x6f6 CMakeFiles/stm32f4xx_tftlcd.elf.dir/src/Core/bsp/bsp.c.obj
 .debug_line    0x00002615      0x85c CMakeFiles/stm32f4xx_tftlcd.elf.dir/src/Drivers/STM32F4xx_HAL_Driver/Src/stm32f4xx_hal.c.obj
 .debug_line    0x00002e71      0xb56 CMakeFiles/stm32f4xx_tftlcd.elf.dir/src/Drivers/STM32F4xx_HAL_Driver/Src/stm32f4xx_hal_cortex.c.obj
 .debug_line    0x000039c7      0xbee CMakeFiles/stm32f4xx_tftlcd.elf.dir/src/Drivers/STM32F4xx_HAL_Driver/Src/stm32f4xx_hal_rcc.c.obj
 .debug_line    0x000045b5       0xa7 CMakeFiles/stm32f4xx_tftlcd.elf.dir/src/Core/Startup/startup_stm32f407igtx.s.obj

.debug_str      0x00000000    0xbfb5a
 .debug_str     0x00000000    0xbe5b6 CMakeFiles/stm32f4xx_tftlcd.elf.dir/src/Core/Src/main.c.obj
                              0xbe839 (size before relaxing)
 .debug_str     0x000be5b6       0x4b CMakeFiles/stm32f4xx_tftlcd.elf.dir/src/Core/Src/stm32f4xx_hal_msp.c.obj
                              0xbae13 (size before relaxing)
 .debug_str     0x000be601       0xdc CMakeFiles/stm32f4xx_tftlcd.elf.dir/src/Core/Src/stm32f4xx_it.c.obj
                              0xbad8d (size before relaxing)
 .debug_str     0x000be6dd      0x138 CMakeFiles/stm32f4xx_tftlcd.elf.dir/src/Core/Src/system_stm32f4xx.c.obj
                              0x8845b (size before relaxing)
 .debug_str     0x000be815      0x5f8 CMakeFiles/stm32f4xx_tftlcd.elf.dir/src/Core/bsp/Src/bsp_timer.c.obj
                              0xbec88 (size before relaxing)
 .debug_str     0x000bee0d       0x3a CMakeFiles/stm32f4xx_tftlcd.elf.dir/src/Core/bsp/bsp.c.obj
                              0xbe5a4 (size before relaxing)
 .debug_str     0x000bee47      0x61c CMakeFiles/stm32f4xx_tftlcd.elf.dir/src/Drivers/STM32F4xx_HAL_Driver/Src/stm32f4xx_hal.c.obj
                              0xbb9f8 (size before relaxing)
 .debug_str     0x000bf463      0x3b7 CMakeFiles/stm32f4xx_tftlcd.elf.dir/src/Drivers/STM32F4xx_HAL_Driver/Src/stm32f4xx_hal_cortex.c.obj
                              0xbb7c3 (size before relaxing)
 .debug_str     0x000bf81a      0x2eb CMakeFiles/stm32f4xx_tftlcd.elf.dir/src/Drivers/STM32F4xx_HAL_Driver/Src/stm32f4xx_hal_rcc.c.obj
                              0xbb2d0 (size before relaxing)
 .debug_str     0x000bfb05       0x55 CMakeFiles/stm32f4xx_tftlcd.elf.dir/src/Core/Startup/startup_stm32f407igtx.s.obj
                                 0x79 (size before relaxing)

.comment        0x00000000       0x49
 .comment       0x00000000       0x49 CMakeFiles/stm32f4xx_tftlcd.elf.dir/src/Core/Src/main.c.obj
                                 0x4a (size before relaxing)
 .comment       0x00000049       0x4a CMakeFiles/stm32f4xx_tftlcd.elf.dir/src/Core/Src/stm32f4xx_hal_msp.c.obj
 .comment       0x00000049       0x4a CMakeFiles/stm32f4xx_tftlcd.elf.dir/src/Core/Src/stm32f4xx_it.c.obj
 .comment       0x00000049       0x4a CMakeFiles/stm32f4xx_tftlcd.elf.dir/src/Core/Src/system_stm32f4xx.c.obj
 .comment       0x00000049       0x4a CMakeFiles/stm32f4xx_tftlcd.elf.dir/src/Core/bsp/Src/bsp_timer.c.obj
 .comment       0x00000049       0x4a CMakeFiles/stm32f4xx_tftlcd.elf.dir/src/Core/bsp/bsp.c.obj
 .comment       0x00000049       0x4a CMakeFiles/stm32f4xx_tftlcd.elf.dir/src/Drivers/STM32F4xx_HAL_Driver/Src/stm32f4xx_hal.c.obj
 .comment       0x00000049       0x4a CMakeFiles/stm32f4xx_tftlcd.elf.dir/src/Drivers/STM32F4xx_HAL_Driver/Src/stm32f4xx_hal_cortex.c.obj
 .comment       0x00000049       0x4a CMakeFiles/stm32f4xx_tftlcd.elf.dir/src/Drivers/STM32F4xx_HAL_Driver/Src/stm32f4xx_hal_rcc.c.obj

Cross Reference Table

Symbol                                            File
ADC_IRQHandler                                    CMakeFiles/stm32f4xx_tftlcd.elf.dir/src/Core/Startup/startup_stm32f407igtx.s.obj
AHBPrescTable                                     CMakeFiles/stm32f4xx_tftlcd.elf.dir/src/Core/Src/system_stm32f4xx.c.obj
                                                  CMakeFiles/stm32f4xx_tftlcd.elf.dir/src/Drivers/STM32F4xx_HAL_Driver/Src/stm32f4xx_hal_rcc.c.obj
APBPrescTable                                     CMakeFiles/stm32f4xx_tftlcd.elf.dir/src/Core/Src/system_stm32f4xx.c.obj
                                                  CMakeFiles/stm32f4xx_tftlcd.elf.dir/src/Drivers/STM32F4xx_HAL_Driver/Src/stm32f4xx_hal_rcc.c.obj
BusFault_Handler                                  CMakeFiles/stm32f4xx_tftlcd.elf.dir/src/Core/Src/stm32f4xx_it.c.obj
CAN1_RX0_IRQHandler                               CMakeFiles/stm32f4xx_tftlcd.elf.dir/src/Core/Startup/startup_stm32f407igtx.s.obj
CAN1_RX1_IRQHandler                               CMakeFiles/stm32f4xx_tftlcd.elf.dir/src/Core/Startup/startup_stm32f407igtx.s.obj
CAN1_SCE_IRQHandler                               CMakeFiles/stm32f4xx_tftlcd.elf.dir/src/Core/Startup/startup_stm32f407igtx.s.obj
CAN1_TX_IRQHandler                                CMakeFiles/stm32f4xx_tftlcd.elf.dir/src/Core/Startup/startup_stm32f407igtx.s.obj
CAN2_RX0_IRQHandler                               CMakeFiles/stm32f4xx_tftlcd.elf.dir/src/Core/Startup/startup_stm32f407igtx.s.obj
CAN2_RX1_IRQHandler                               CMakeFiles/stm32f4xx_tftlcd.elf.dir/src/Core/Startup/startup_stm32f407igtx.s.obj
CAN2_SCE_IRQHandler                               CMakeFiles/stm32f4xx_tftlcd.elf.dir/src/Core/Startup/startup_stm32f407igtx.s.obj
CAN2_TX_IRQHandler                                CMakeFiles/stm32f4xx_tftlcd.elf.dir/src/Core/Startup/startup_stm32f407igtx.s.obj
DCMI_IRQHandler                                   CMakeFiles/stm32f4xx_tftlcd.elf.dir/src/Core/Startup/startup_stm32f407igtx.s.obj
DMA1_Stream0_IRQHandler                           CMakeFiles/stm32f4xx_tftlcd.elf.dir/src/Core/Startup/startup_stm32f407igtx.s.obj
DMA1_Stream1_IRQHandler                           CMakeFiles/stm32f4xx_tftlcd.elf.dir/src/Core/Startup/startup_stm32f407igtx.s.obj
DMA1_Stream2_IRQHandler                           CMakeFiles/stm32f4xx_tftlcd.elf.dir/src/Core/Startup/startup_stm32f407igtx.s.obj
DMA1_Stream3_IRQHandler                           CMakeFiles/stm32f4xx_tftlcd.elf.dir/src/Core/Startup/startup_stm32f407igtx.s.obj
DMA1_Stream4_IRQHandler                           CMakeFiles/stm32f4xx_tftlcd.elf.dir/src/Core/Startup/startup_stm32f407igtx.s.obj
DMA1_Stream5_IRQHandler                           CMakeFiles/stm32f4xx_tftlcd.elf.dir/src/Core/Startup/startup_stm32f407igtx.s.obj
DMA1_Stream6_IRQHandler                           CMakeFiles/stm32f4xx_tftlcd.elf.dir/src/Core/Startup/startup_stm32f407igtx.s.obj
DMA1_Stream7_IRQHandler                           CMakeFiles/stm32f4xx_tftlcd.elf.dir/src/Core/Startup/startup_stm32f407igtx.s.obj
DMA2_Stream0_IRQHandler                           CMakeFiles/stm32f4xx_tftlcd.elf.dir/src/Core/Startup/startup_stm32f407igtx.s.obj
DMA2_Stream1_IRQHandler                           CMakeFiles/stm32f4xx_tftlcd.elf.dir/src/Core/Startup/startup_stm32f407igtx.s.obj
DMA2_Stream2_IRQHandler                           CMakeFiles/stm32f4xx_tftlcd.elf.dir/src/Core/Startup/startup_stm32f407igtx.s.obj
DMA2_Stream3_IRQHandler                           CMakeFiles/stm32f4xx_tftlcd.elf.dir/src/Core/Startup/startup_stm32f407igtx.s.obj
DMA2_Stream4_IRQHandler                           CMakeFiles/stm32f4xx_tftlcd.elf.dir/src/Core/Startup/startup_stm32f407igtx.s.obj
DMA2_Stream5_IRQHandler                           CMakeFiles/stm32f4xx_tftlcd.elf.dir/src/Core/Startup/startup_stm32f407igtx.s.obj
DMA2_Stream6_IRQHandler                           CMakeFiles/stm32f4xx_tftlcd.elf.dir/src/Core/Startup/startup_stm32f407igtx.s.obj
DMA2_Stream7_IRQHandler                           CMakeFiles/stm32f4xx_tftlcd.elf.dir/src/Core/Startup/startup_stm32f407igtx.s.obj
DebugMon_Handler                                  CMakeFiles/stm32f4xx_tftlcd.elf.dir/src/Core/Src/stm32f4xx_it.c.obj
Default_Handler                                   CMakeFiles/stm32f4xx_tftlcd.elf.dir/src/Core/Startup/startup_stm32f407igtx.s.obj
ETH_IRQHandler                                    CMakeFiles/stm32f4xx_tftlcd.elf.dir/src/Core/Startup/startup_stm32f407igtx.s.obj
ETH_WKUP_IRQHandler                               CMakeFiles/stm32f4xx_tftlcd.elf.dir/src/Core/Startup/startup_stm32f407igtx.s.obj
EXTI0_IRQHandler                                  CMakeFiles/stm32f4xx_tftlcd.elf.dir/src/Core/Startup/startup_stm32f407igtx.s.obj
EXTI15_10_IRQHandler                              CMakeFiles/stm32f4xx_tftlcd.elf.dir/src/Core/Startup/startup_stm32f407igtx.s.obj
EXTI1_IRQHandler                                  CMakeFiles/stm32f4xx_tftlcd.elf.dir/src/Core/Startup/startup_stm32f407igtx.s.obj
EXTI2_IRQHandler                                  CMakeFiles/stm32f4xx_tftlcd.elf.dir/src/Core/Startup/startup_stm32f407igtx.s.obj
EXTI3_IRQHandler                                  CMakeFiles/stm32f4xx_tftlcd.elf.dir/src/Core/Startup/startup_stm32f407igtx.s.obj
EXTI4_IRQHandler                                  CMakeFiles/stm32f4xx_tftlcd.elf.dir/src/Core/Startup/startup_stm32f407igtx.s.obj
EXTI9_5_IRQHandler                                CMakeFiles/stm32f4xx_tftlcd.elf.dir/src/Core/Startup/startup_stm32f407igtx.s.obj
Error_Handler                                     CMakeFiles/stm32f4xx_tftlcd.elf.dir/src/Core/Src/main.c.obj
FLASH_Erase_Sector                                CMakeFiles/stm32f4xx_tftlcd.elf.dir/src/Drivers/STM32F4xx_HAL_Driver/Src/stm32f4xx_hal_flash_ex.c.obj
                                                  CMakeFiles/stm32f4xx_tftlcd.elf.dir/src/Drivers/STM32F4xx_HAL_Driver/Src/stm32f4xx_hal_flash.c.obj
FLASH_FlushCaches                                 CMakeFiles/stm32f4xx_tftlcd.elf.dir/src/Drivers/STM32F4xx_HAL_Driver/Src/stm32f4xx_hal_flash_ex.c.obj
                                                  CMakeFiles/stm32f4xx_tftlcd.elf.dir/src/Drivers/STM32F4xx_HAL_Driver/Src/stm32f4xx_hal_flash.c.obj
FLASH_IRQHandler                                  CMakeFiles/stm32f4xx_tftlcd.elf.dir/src/Core/Startup/startup_stm32f407igtx.s.obj
FLASH_WaitForLastOperation                        CMakeFiles/stm32f4xx_tftlcd.elf.dir/src/Drivers/STM32F4xx_HAL_Driver/Src/stm32f4xx_hal_flash.c.obj
                                                  CMakeFiles/stm32f4xx_tftlcd.elf.dir/src/Drivers/STM32F4xx_HAL_Driver/Src/stm32f4xx_hal_flash_ex.c.obj
FPU_IRQHandler                                    CMakeFiles/stm32f4xx_tftlcd.elf.dir/src/Core/Startup/startup_stm32f407igtx.s.obj
FSMC_IRQHandler                                   CMakeFiles/stm32f4xx_tftlcd.elf.dir/src/Core/Startup/startup_stm32f407igtx.s.obj
HAL_CORTEX_ClearEvent                             CMakeFiles/stm32f4xx_tftlcd.elf.dir/src/Drivers/STM32F4xx_HAL_Driver/Src/stm32f4xx_hal_cortex.c.obj
HAL_DBGMCU_DisableDBGSleepMode                    CMakeFiles/stm32f4xx_tftlcd.elf.dir/src/Drivers/STM32F4xx_HAL_Driver/Src/stm32f4xx_hal.c.obj
HAL_DBGMCU_DisableDBGStandbyMode                  CMakeFiles/stm32f4xx_tftlcd.elf.dir/src/Drivers/STM32F4xx_HAL_Driver/Src/stm32f4xx_hal.c.obj
HAL_DBGMCU_DisableDBGStopMode                     CMakeFiles/stm32f4xx_tftlcd.elf.dir/src/Drivers/STM32F4xx_HAL_Driver/Src/stm32f4xx_hal.c.obj
HAL_DBGMCU_EnableDBGSleepMode                     CMakeFiles/stm32f4xx_tftlcd.elf.dir/src/Drivers/STM32F4xx_HAL_Driver/Src/stm32f4xx_hal.c.obj
HAL_DBGMCU_EnableDBGStandbyMode                   CMakeFiles/stm32f4xx_tftlcd.elf.dir/src/Drivers/STM32F4xx_HAL_Driver/Src/stm32f4xx_hal.c.obj
HAL_DBGMCU_EnableDBGStopMode                      CMakeFiles/stm32f4xx_tftlcd.elf.dir/src/Drivers/STM32F4xx_HAL_Driver/Src/stm32f4xx_hal.c.obj
HAL_DMAEx_ChangeMemory                            CMakeFiles/stm32f4xx_tftlcd.elf.dir/src/Drivers/STM32F4xx_HAL_Driver/Src/stm32f4xx_hal_dma_ex.c.obj
HAL_DMAEx_MultiBufferStart                        CMakeFiles/stm32f4xx_tftlcd.elf.dir/src/Drivers/STM32F4xx_HAL_Driver/Src/stm32f4xx_hal_dma_ex.c.obj
HAL_DMAEx_MultiBufferStart_IT                     CMakeFiles/stm32f4xx_tftlcd.elf.dir/src/Drivers/STM32F4xx_HAL_Driver/Src/stm32f4xx_hal_dma_ex.c.obj
HAL_DMA_Abort                                     CMakeFiles/stm32f4xx_tftlcd.elf.dir/src/Drivers/STM32F4xx_HAL_Driver/Src/stm32f4xx_hal_dma.c.obj
HAL_DMA_Abort_IT                                  CMakeFiles/stm32f4xx_tftlcd.elf.dir/src/Drivers/STM32F4xx_HAL_Driver/Src/stm32f4xx_hal_dma.c.obj
HAL_DMA_DeInit                                    CMakeFiles/stm32f4xx_tftlcd.elf.dir/src/Drivers/STM32F4xx_HAL_Driver/Src/stm32f4xx_hal_dma.c.obj
HAL_DMA_GetError                                  CMakeFiles/stm32f4xx_tftlcd.elf.dir/src/Drivers/STM32F4xx_HAL_Driver/Src/stm32f4xx_hal_dma.c.obj
HAL_DMA_GetState                                  CMakeFiles/stm32f4xx_tftlcd.elf.dir/src/Drivers/STM32F4xx_HAL_Driver/Src/stm32f4xx_hal_dma.c.obj
HAL_DMA_IRQHandler                                CMakeFiles/stm32f4xx_tftlcd.elf.dir/src/Drivers/STM32F4xx_HAL_Driver/Src/stm32f4xx_hal_dma.c.obj
HAL_DMA_Init                                      CMakeFiles/stm32f4xx_tftlcd.elf.dir/src/Drivers/STM32F4xx_HAL_Driver/Src/stm32f4xx_hal_dma.c.obj
HAL_DMA_PollForTransfer                           CMakeFiles/stm32f4xx_tftlcd.elf.dir/src/Drivers/STM32F4xx_HAL_Driver/Src/stm32f4xx_hal_dma.c.obj
HAL_DMA_RegisterCallback                          CMakeFiles/stm32f4xx_tftlcd.elf.dir/src/Drivers/STM32F4xx_HAL_Driver/Src/stm32f4xx_hal_dma.c.obj
HAL_DMA_Start                                     CMakeFiles/stm32f4xx_tftlcd.elf.dir/src/Drivers/STM32F4xx_HAL_Driver/Src/stm32f4xx_hal_dma.c.obj
HAL_DMA_Start_IT                                  CMakeFiles/stm32f4xx_tftlcd.elf.dir/src/Drivers/STM32F4xx_HAL_Driver/Src/stm32f4xx_hal_dma.c.obj
HAL_DMA_UnRegisterCallback                        CMakeFiles/stm32f4xx_tftlcd.elf.dir/src/Drivers/STM32F4xx_HAL_Driver/Src/stm32f4xx_hal_dma.c.obj
HAL_DeInit                                        CMakeFiles/stm32f4xx_tftlcd.elf.dir/src/Drivers/STM32F4xx_HAL_Driver/Src/stm32f4xx_hal.c.obj
HAL_Delay                                         CMakeFiles/stm32f4xx_tftlcd.elf.dir/src/Drivers/STM32F4xx_HAL_Driver/Src/stm32f4xx_hal.c.obj
HAL_DisableCompensationCell                       CMakeFiles/stm32f4xx_tftlcd.elf.dir/src/Drivers/STM32F4xx_HAL_Driver/Src/stm32f4xx_hal.c.obj
HAL_EXTI_ClearConfigLine                          CMakeFiles/stm32f4xx_tftlcd.elf.dir/src/Drivers/STM32F4xx_HAL_Driver/Src/stm32f4xx_hal_exti.c.obj
HAL_EXTI_ClearPending                             CMakeFiles/stm32f4xx_tftlcd.elf.dir/src/Drivers/STM32F4xx_HAL_Driver/Src/stm32f4xx_hal_exti.c.obj
HAL_EXTI_GenerateSWI                              CMakeFiles/stm32f4xx_tftlcd.elf.dir/src/Drivers/STM32F4xx_HAL_Driver/Src/stm32f4xx_hal_exti.c.obj
HAL_EXTI_GetConfigLine                            CMakeFiles/stm32f4xx_tftlcd.elf.dir/src/Drivers/STM32F4xx_HAL_Driver/Src/stm32f4xx_hal_exti.c.obj
HAL_EXTI_GetHandle                                CMakeFiles/stm32f4xx_tftlcd.elf.dir/src/Drivers/STM32F4xx_HAL_Driver/Src/stm32f4xx_hal_exti.c.obj
HAL_EXTI_GetPending                               CMakeFiles/stm32f4xx_tftlcd.elf.dir/src/Drivers/STM32F4xx_HAL_Driver/Src/stm32f4xx_hal_exti.c.obj
HAL_EXTI_IRQHandler                               CMakeFiles/stm32f4xx_tftlcd.elf.dir/src/Drivers/STM32F4xx_HAL_Driver/Src/stm32f4xx_hal_exti.c.obj
HAL_EXTI_RegisterCallback                         CMakeFiles/stm32f4xx_tftlcd.elf.dir/src/Drivers/STM32F4xx_HAL_Driver/Src/stm32f4xx_hal_exti.c.obj
HAL_EXTI_SetConfigLine                            CMakeFiles/stm32f4xx_tftlcd.elf.dir/src/Drivers/STM32F4xx_HAL_Driver/Src/stm32f4xx_hal_exti.c.obj
HAL_EnableCompensationCell                        CMakeFiles/stm32f4xx_tftlcd.elf.dir/src/Drivers/STM32F4xx_HAL_Driver/Src/stm32f4xx_hal.c.obj
HAL_FLASHEx_Erase                                 CMakeFiles/stm32f4xx_tftlcd.elf.dir/src/Drivers/STM32F4xx_HAL_Driver/Src/stm32f4xx_hal_flash_ex.c.obj
HAL_FLASHEx_Erase_IT                              CMakeFiles/stm32f4xx_tftlcd.elf.dir/src/Drivers/STM32F4xx_HAL_Driver/Src/stm32f4xx_hal_flash_ex.c.obj
HAL_FLASHEx_OBGetConfig                           CMakeFiles/stm32f4xx_tftlcd.elf.dir/src/Drivers/STM32F4xx_HAL_Driver/Src/stm32f4xx_hal_flash_ex.c.obj
HAL_FLASHEx_OBProgram                             CMakeFiles/stm32f4xx_tftlcd.elf.dir/src/Drivers/STM32F4xx_HAL_Driver/Src/stm32f4xx_hal_flash_ex.c.obj
HAL_FLASH_EndOfOperationCallback                  CMakeFiles/stm32f4xx_tftlcd.elf.dir/src/Drivers/STM32F4xx_HAL_Driver/Src/stm32f4xx_hal_flash.c.obj
HAL_FLASH_GetError                                CMakeFiles/stm32f4xx_tftlcd.elf.dir/src/Drivers/STM32F4xx_HAL_Driver/Src/stm32f4xx_hal_flash.c.obj
HAL_FLASH_IRQHandler                              CMakeFiles/stm32f4xx_tftlcd.elf.dir/src/Drivers/STM32F4xx_HAL_Driver/Src/stm32f4xx_hal_flash.c.obj
HAL_FLASH_Lock                                    CMakeFiles/stm32f4xx_tftlcd.elf.dir/src/Drivers/STM32F4xx_HAL_Driver/Src/stm32f4xx_hal_flash.c.obj
HAL_FLASH_OB_Launch                               CMakeFiles/stm32f4xx_tftlcd.elf.dir/src/Drivers/STM32F4xx_HAL_Driver/Src/stm32f4xx_hal_flash.c.obj
HAL_FLASH_OB_Lock                                 CMakeFiles/stm32f4xx_tftlcd.elf.dir/src/Drivers/STM32F4xx_HAL_Driver/Src/stm32f4xx_hal_flash.c.obj
HAL_FLASH_OB_Unlock                               CMakeFiles/stm32f4xx_tftlcd.elf.dir/src/Drivers/STM32F4xx_HAL_Driver/Src/stm32f4xx_hal_flash.c.obj
HAL_FLASH_OperationErrorCallback                  CMakeFiles/stm32f4xx_tftlcd.elf.dir/src/Drivers/STM32F4xx_HAL_Driver/Src/stm32f4xx_hal_flash.c.obj
HAL_FLASH_Program                                 CMakeFiles/stm32f4xx_tftlcd.elf.dir/src/Drivers/STM32F4xx_HAL_Driver/Src/stm32f4xx_hal_flash.c.obj
HAL_FLASH_Program_IT                              CMakeFiles/stm32f4xx_tftlcd.elf.dir/src/Drivers/STM32F4xx_HAL_Driver/Src/stm32f4xx_hal_flash.c.obj
HAL_FLASH_Unlock                                  CMakeFiles/stm32f4xx_tftlcd.elf.dir/src/Drivers/STM32F4xx_HAL_Driver/Src/stm32f4xx_hal_flash.c.obj
HAL_GPIO_DeInit                                   CMakeFiles/stm32f4xx_tftlcd.elf.dir/src/Drivers/STM32F4xx_HAL_Driver/Src/stm32f4xx_hal_gpio.c.obj
HAL_GPIO_EXTI_Callback                            CMakeFiles/stm32f4xx_tftlcd.elf.dir/src/Drivers/STM32F4xx_HAL_Driver/Src/stm32f4xx_hal_gpio.c.obj
HAL_GPIO_EXTI_IRQHandler                          CMakeFiles/stm32f4xx_tftlcd.elf.dir/src/Drivers/STM32F4xx_HAL_Driver/Src/stm32f4xx_hal_gpio.c.obj
HAL_GPIO_Init                                     CMakeFiles/stm32f4xx_tftlcd.elf.dir/src/Drivers/STM32F4xx_HAL_Driver/Src/stm32f4xx_hal_gpio.c.obj
                                                  CMakeFiles/stm32f4xx_tftlcd.elf.dir/src/Drivers/STM32F4xx_HAL_Driver/Src/stm32f4xx_hal_rcc.c.obj
HAL_GPIO_LockPin                                  CMakeFiles/stm32f4xx_tftlcd.elf.dir/src/Drivers/STM32F4xx_HAL_Driver/Src/stm32f4xx_hal_gpio.c.obj
HAL_GPIO_ReadPin                                  CMakeFiles/stm32f4xx_tftlcd.elf.dir/src/Drivers/STM32F4xx_HAL_Driver/Src/stm32f4xx_hal_gpio.c.obj
HAL_GPIO_TogglePin                                CMakeFiles/stm32f4xx_tftlcd.elf.dir/src/Drivers/STM32F4xx_HAL_Driver/Src/stm32f4xx_hal_gpio.c.obj
HAL_GPIO_WritePin                                 CMakeFiles/stm32f4xx_tftlcd.elf.dir/src/Drivers/STM32F4xx_HAL_Driver/Src/stm32f4xx_hal_gpio.c.obj
HAL_GetDEVID                                      CMakeFiles/stm32f4xx_tftlcd.elf.dir/src/Drivers/STM32F4xx_HAL_Driver/Src/stm32f4xx_hal.c.obj
HAL_GetHalVersion                                 CMakeFiles/stm32f4xx_tftlcd.elf.dir/src/Drivers/STM32F4xx_HAL_Driver/Src/stm32f4xx_hal.c.obj
HAL_GetREVID                                      CMakeFiles/stm32f4xx_tftlcd.elf.dir/src/Drivers/STM32F4xx_HAL_Driver/Src/stm32f4xx_hal.c.obj
HAL_GetTick                                       CMakeFiles/stm32f4xx_tftlcd.elf.dir/src/Drivers/STM32F4xx_HAL_Driver/Src/stm32f4xx_hal.c.obj
                                                  CMakeFiles/stm32f4xx_tftlcd.elf.dir/src/Drivers/STM32F4xx_HAL_Driver/Src/stm32f4xx_hal_rcc_ex.c.obj
                                                  CMakeFiles/stm32f4xx_tftlcd.elf.dir/src/Drivers/STM32F4xx_HAL_Driver/Src/stm32f4xx_hal_rcc.c.obj
                                                  CMakeFiles/stm32f4xx_tftlcd.elf.dir/src/Drivers/STM32F4xx_HAL_Driver/Src/stm32f4xx_hal_pwr_ex.c.obj
                                                  CMakeFiles/stm32f4xx_tftlcd.elf.dir/src/Drivers/STM32F4xx_HAL_Driver/Src/stm32f4xx_hal_flash.c.obj
                                                  CMakeFiles/stm32f4xx_tftlcd.elf.dir/src/Drivers/STM32F4xx_HAL_Driver/Src/stm32f4xx_hal_dma.c.obj
HAL_GetTickFreq                                   CMakeFiles/stm32f4xx_tftlcd.elf.dir/src/Drivers/STM32F4xx_HAL_Driver/Src/stm32f4xx_hal.c.obj
HAL_GetTickPrio                                   CMakeFiles/stm32f4xx_tftlcd.elf.dir/src/Drivers/STM32F4xx_HAL_Driver/Src/stm32f4xx_hal.c.obj
HAL_GetUIDw0                                      CMakeFiles/stm32f4xx_tftlcd.elf.dir/src/Drivers/STM32F4xx_HAL_Driver/Src/stm32f4xx_hal.c.obj
HAL_GetUIDw1                                      CMakeFiles/stm32f4xx_tftlcd.elf.dir/src/Drivers/STM32F4xx_HAL_Driver/Src/stm32f4xx_hal.c.obj
HAL_GetUIDw2                                      CMakeFiles/stm32f4xx_tftlcd.elf.dir/src/Drivers/STM32F4xx_HAL_Driver/Src/stm32f4xx_hal.c.obj
HAL_IncTick                                       CMakeFiles/stm32f4xx_tftlcd.elf.dir/src/Drivers/STM32F4xx_HAL_Driver/Src/stm32f4xx_hal.c.obj
                                                  CMakeFiles/stm32f4xx_tftlcd.elf.dir/src/Core/Src/stm32f4xx_it.c.obj
HAL_Init                                          CMakeFiles/stm32f4xx_tftlcd.elf.dir/src/Drivers/STM32F4xx_HAL_Driver/Src/stm32f4xx_hal.c.obj
                                                  CMakeFiles/stm32f4xx_tftlcd.elf.dir/src/Core/Src/main.c.obj
HAL_InitTick                                      CMakeFiles/stm32f4xx_tftlcd.elf.dir/src/Drivers/STM32F4xx_HAL_Driver/Src/stm32f4xx_hal.c.obj
                                                  CMakeFiles/stm32f4xx_tftlcd.elf.dir/src/Drivers/STM32F4xx_HAL_Driver/Src/stm32f4xx_hal_rcc_ex.c.obj
                                                  CMakeFiles/stm32f4xx_tftlcd.elf.dir/src/Drivers/STM32F4xx_HAL_Driver/Src/stm32f4xx_hal_rcc.c.obj
HAL_MPU_ConfigRegion                              CMakeFiles/stm32f4xx_tftlcd.elf.dir/src/Drivers/STM32F4xx_HAL_Driver/Src/stm32f4xx_hal_cortex.c.obj
HAL_MPU_Disable                                   CMakeFiles/stm32f4xx_tftlcd.elf.dir/src/Drivers/STM32F4xx_HAL_Driver/Src/stm32f4xx_hal_cortex.c.obj
HAL_MPU_DisableRegion                             CMakeFiles/stm32f4xx_tftlcd.elf.dir/src/Drivers/STM32F4xx_HAL_Driver/Src/stm32f4xx_hal_cortex.c.obj
HAL_MPU_Enable                                    CMakeFiles/stm32f4xx_tftlcd.elf.dir/src/Drivers/STM32F4xx_HAL_Driver/Src/stm32f4xx_hal_cortex.c.obj
HAL_MPU_EnableRegion                              CMakeFiles/stm32f4xx_tftlcd.elf.dir/src/Drivers/STM32F4xx_HAL_Driver/Src/stm32f4xx_hal_cortex.c.obj
HAL_MspDeInit                                     CMakeFiles/stm32f4xx_tftlcd.elf.dir/src/Drivers/STM32F4xx_HAL_Driver/Src/stm32f4xx_hal.c.obj
HAL_MspInit                                       CMakeFiles/stm32f4xx_tftlcd.elf.dir/src/Core/Src/stm32f4xx_hal_msp.c.obj
HAL_NVIC_ClearPendingIRQ                          CMakeFiles/stm32f4xx_tftlcd.elf.dir/src/Drivers/STM32F4xx_HAL_Driver/Src/stm32f4xx_hal_cortex.c.obj
HAL_NVIC_DisableIRQ                               CMakeFiles/stm32f4xx_tftlcd.elf.dir/src/Drivers/STM32F4xx_HAL_Driver/Src/stm32f4xx_hal_cortex.c.obj
HAL_NVIC_EnableIRQ                                CMakeFiles/stm32f4xx_tftlcd.elf.dir/src/Drivers/STM32F4xx_HAL_Driver/Src/stm32f4xx_hal_cortex.c.obj
HAL_NVIC_GetActive                                CMakeFiles/stm32f4xx_tftlcd.elf.dir/src/Drivers/STM32F4xx_HAL_Driver/Src/stm32f4xx_hal_cortex.c.obj
HAL_NVIC_GetPendingIRQ                            CMakeFiles/stm32f4xx_tftlcd.elf.dir/src/Drivers/STM32F4xx_HAL_Driver/Src/stm32f4xx_hal_cortex.c.obj
HAL_NVIC_GetPriority                              CMakeFiles/stm32f4xx_tftlcd.elf.dir/src/Drivers/STM32F4xx_HAL_Driver/Src/stm32f4xx_hal_cortex.c.obj
HAL_NVIC_GetPriorityGrouping                      CMakeFiles/stm32f4xx_tftlcd.elf.dir/src/Drivers/STM32F4xx_HAL_Driver/Src/stm32f4xx_hal_cortex.c.obj
HAL_NVIC_SetPendingIRQ                            CMakeFiles/stm32f4xx_tftlcd.elf.dir/src/Drivers/STM32F4xx_HAL_Driver/Src/stm32f4xx_hal_cortex.c.obj
HAL_NVIC_SetPriority                              CMakeFiles/stm32f4xx_tftlcd.elf.dir/src/Drivers/STM32F4xx_HAL_Driver/Src/stm32f4xx_hal_cortex.c.obj
                                                  CMakeFiles/stm32f4xx_tftlcd.elf.dir/src/Drivers/STM32F4xx_HAL_Driver/Src/stm32f4xx_hal.c.obj
HAL_NVIC_SetPriorityGrouping                      CMakeFiles/stm32f4xx_tftlcd.elf.dir/src/Drivers/STM32F4xx_HAL_Driver/Src/stm32f4xx_hal_cortex.c.obj
                                                  CMakeFiles/stm32f4xx_tftlcd.elf.dir/src/Drivers/STM32F4xx_HAL_Driver/Src/stm32f4xx_hal.c.obj
HAL_NVIC_SystemReset                              CMakeFiles/stm32f4xx_tftlcd.elf.dir/src/Drivers/STM32F4xx_HAL_Driver/Src/stm32f4xx_hal_cortex.c.obj
HAL_PWREx_ControlVoltageScaling                   CMakeFiles/stm32f4xx_tftlcd.elf.dir/src/Drivers/STM32F4xx_HAL_Driver/Src/stm32f4xx_hal_pwr_ex.c.obj
HAL_PWREx_DisableBkUpReg                          CMakeFiles/stm32f4xx_tftlcd.elf.dir/src/Drivers/STM32F4xx_HAL_Driver/Src/stm32f4xx_hal_pwr_ex.c.obj
HAL_PWREx_DisableFlashPowerDown                   CMakeFiles/stm32f4xx_tftlcd.elf.dir/src/Drivers/STM32F4xx_HAL_Driver/Src/stm32f4xx_hal_pwr_ex.c.obj
HAL_PWREx_EnableBkUpReg                           CMakeFiles/stm32f4xx_tftlcd.elf.dir/src/Drivers/STM32F4xx_HAL_Driver/Src/stm32f4xx_hal_pwr_ex.c.obj
HAL_PWREx_EnableFlashPowerDown                    CMakeFiles/stm32f4xx_tftlcd.elf.dir/src/Drivers/STM32F4xx_HAL_Driver/Src/stm32f4xx_hal_pwr_ex.c.obj
HAL_PWREx_GetVoltageRange                         CMakeFiles/stm32f4xx_tftlcd.elf.dir/src/Drivers/STM32F4xx_HAL_Driver/Src/stm32f4xx_hal_pwr_ex.c.obj
HAL_PWR_ConfigPVD                                 CMakeFiles/stm32f4xx_tftlcd.elf.dir/src/Drivers/STM32F4xx_HAL_Driver/Src/stm32f4xx_hal_pwr.c.obj
HAL_PWR_DeInit                                    CMakeFiles/stm32f4xx_tftlcd.elf.dir/src/Drivers/STM32F4xx_HAL_Driver/Src/stm32f4xx_hal_pwr.c.obj
HAL_PWR_DisableBkUpAccess                         CMakeFiles/stm32f4xx_tftlcd.elf.dir/src/Drivers/STM32F4xx_HAL_Driver/Src/stm32f4xx_hal_pwr.c.obj
HAL_PWR_DisablePVD                                CMakeFiles/stm32f4xx_tftlcd.elf.dir/src/Drivers/STM32F4xx_HAL_Driver/Src/stm32f4xx_hal_pwr.c.obj
HAL_PWR_DisableSEVOnPend                          CMakeFiles/stm32f4xx_tftlcd.elf.dir/src/Drivers/STM32F4xx_HAL_Driver/Src/stm32f4xx_hal_pwr.c.obj
HAL_PWR_DisableSleepOnExit                        CMakeFiles/stm32f4xx_tftlcd.elf.dir/src/Drivers/STM32F4xx_HAL_Driver/Src/stm32f4xx_hal_pwr.c.obj
HAL_PWR_DisableWakeUpPin                          CMakeFiles/stm32f4xx_tftlcd.elf.dir/src/Drivers/STM32F4xx_HAL_Driver/Src/stm32f4xx_hal_pwr.c.obj
HAL_PWR_EnableBkUpAccess                          CMakeFiles/stm32f4xx_tftlcd.elf.dir/src/Drivers/STM32F4xx_HAL_Driver/Src/stm32f4xx_hal_pwr.c.obj
HAL_PWR_EnablePVD                                 CMakeFiles/stm32f4xx_tftlcd.elf.dir/src/Drivers/STM32F4xx_HAL_Driver/Src/stm32f4xx_hal_pwr.c.obj
HAL_PWR_EnableSEVOnPend                           CMakeFiles/stm32f4xx_tftlcd.elf.dir/src/Drivers/STM32F4xx_HAL_Driver/Src/stm32f4xx_hal_pwr.c.obj
HAL_PWR_EnableSleepOnExit                         CMakeFiles/stm32f4xx_tftlcd.elf.dir/src/Drivers/STM32F4xx_HAL_Driver/Src/stm32f4xx_hal_pwr.c.obj
HAL_PWR_EnableWakeUpPin                           CMakeFiles/stm32f4xx_tftlcd.elf.dir/src/Drivers/STM32F4xx_HAL_Driver/Src/stm32f4xx_hal_pwr.c.obj
HAL_PWR_EnterSLEEPMode                            CMakeFiles/stm32f4xx_tftlcd.elf.dir/src/Drivers/STM32F4xx_HAL_Driver/Src/stm32f4xx_hal_pwr.c.obj
HAL_PWR_EnterSTANDBYMode                          CMakeFiles/stm32f4xx_tftlcd.elf.dir/src/Drivers/STM32F4xx_HAL_Driver/Src/stm32f4xx_hal_pwr.c.obj
HAL_PWR_EnterSTOPMode                             CMakeFiles/stm32f4xx_tftlcd.elf.dir/src/Drivers/STM32F4xx_HAL_Driver/Src/stm32f4xx_hal_pwr.c.obj
HAL_PWR_PVDCallback                               CMakeFiles/stm32f4xx_tftlcd.elf.dir/src/Drivers/STM32F4xx_HAL_Driver/Src/stm32f4xx_hal_pwr.c.obj
HAL_PWR_PVD_IRQHandler                            CMakeFiles/stm32f4xx_tftlcd.elf.dir/src/Drivers/STM32F4xx_HAL_Driver/Src/stm32f4xx_hal_pwr.c.obj
HAL_RCCEx_DisablePLLI2S                           CMakeFiles/stm32f4xx_tftlcd.elf.dir/src/Drivers/STM32F4xx_HAL_Driver/Src/stm32f4xx_hal_rcc_ex.c.obj
HAL_RCCEx_EnablePLLI2S                            CMakeFiles/stm32f4xx_tftlcd.elf.dir/src/Drivers/STM32F4xx_HAL_Driver/Src/stm32f4xx_hal_rcc_ex.c.obj
HAL_RCCEx_GetPeriphCLKConfig                      CMakeFiles/stm32f4xx_tftlcd.elf.dir/src/Drivers/STM32F4xx_HAL_Driver/Src/stm32f4xx_hal_rcc_ex.c.obj
HAL_RCCEx_GetPeriphCLKFreq                        CMakeFiles/stm32f4xx_tftlcd.elf.dir/src/Drivers/STM32F4xx_HAL_Driver/Src/stm32f4xx_hal_rcc_ex.c.obj
HAL_RCCEx_PeriphCLKConfig                         CMakeFiles/stm32f4xx_tftlcd.elf.dir/src/Drivers/STM32F4xx_HAL_Driver/Src/stm32f4xx_hal_rcc_ex.c.obj
HAL_RCC_CSSCallback                               CMakeFiles/stm32f4xx_tftlcd.elf.dir/src/Drivers/STM32F4xx_HAL_Driver/Src/stm32f4xx_hal_rcc.c.obj
HAL_RCC_ClockConfig                               CMakeFiles/stm32f4xx_tftlcd.elf.dir/src/Drivers/STM32F4xx_HAL_Driver/Src/stm32f4xx_hal_rcc.c.obj
                                                  CMakeFiles/stm32f4xx_tftlcd.elf.dir/src/Core/Src/main.c.obj
HAL_RCC_DeInit                                    CMakeFiles/stm32f4xx_tftlcd.elf.dir/src/Drivers/STM32F4xx_HAL_Driver/Src/stm32f4xx_hal_rcc_ex.c.obj
                                                  CMakeFiles/stm32f4xx_tftlcd.elf.dir/src/Drivers/STM32F4xx_HAL_Driver/Src/stm32f4xx_hal_rcc.c.obj
HAL_RCC_DisableCSS                                CMakeFiles/stm32f4xx_tftlcd.elf.dir/src/Drivers/STM32F4xx_HAL_Driver/Src/stm32f4xx_hal_rcc.c.obj
HAL_RCC_EnableCSS                                 CMakeFiles/stm32f4xx_tftlcd.elf.dir/src/Drivers/STM32F4xx_HAL_Driver/Src/stm32f4xx_hal_rcc.c.obj
HAL_RCC_GetClockConfig                            CMakeFiles/stm32f4xx_tftlcd.elf.dir/src/Drivers/STM32F4xx_HAL_Driver/Src/stm32f4xx_hal_rcc.c.obj
HAL_RCC_GetHCLKFreq                               CMakeFiles/stm32f4xx_tftlcd.elf.dir/src/Drivers/STM32F4xx_HAL_Driver/Src/stm32f4xx_hal_rcc.c.obj
HAL_RCC_GetOscConfig                              CMakeFiles/stm32f4xx_tftlcd.elf.dir/src/Drivers/STM32F4xx_HAL_Driver/Src/stm32f4xx_hal_rcc.c.obj
HAL_RCC_GetPCLK1Freq                              CMakeFiles/stm32f4xx_tftlcd.elf.dir/src/Drivers/STM32F4xx_HAL_Driver/Src/stm32f4xx_hal_rcc.c.obj
HAL_RCC_GetPCLK2Freq                              CMakeFiles/stm32f4xx_tftlcd.elf.dir/src/Drivers/STM32F4xx_HAL_Driver/Src/stm32f4xx_hal_rcc.c.obj
HAL_RCC_GetSysClockFreq                           CMakeFiles/stm32f4xx_tftlcd.elf.dir/src/Drivers/STM32F4xx_HAL_Driver/Src/stm32f4xx_hal_rcc.c.obj
HAL_RCC_MCOConfig                                 CMakeFiles/stm32f4xx_tftlcd.elf.dir/src/Drivers/STM32F4xx_HAL_Driver/Src/stm32f4xx_hal_rcc.c.obj
HAL_RCC_NMI_IRQHandler                            CMakeFiles/stm32f4xx_tftlcd.elf.dir/src/Drivers/STM32F4xx_HAL_Driver/Src/stm32f4xx_hal_rcc.c.obj
HAL_RCC_OscConfig                                 CMakeFiles/stm32f4xx_tftlcd.elf.dir/src/Drivers/STM32F4xx_HAL_Driver/Src/stm32f4xx_hal_rcc.c.obj
                                                  CMakeFiles/stm32f4xx_tftlcd.elf.dir/src/Core/Src/main.c.obj
HAL_ResumeTick                                    CMakeFiles/stm32f4xx_tftlcd.elf.dir/src/Drivers/STM32F4xx_HAL_Driver/Src/stm32f4xx_hal.c.obj
HAL_SYSTICK_CLKSourceConfig                       CMakeFiles/stm32f4xx_tftlcd.elf.dir/src/Drivers/STM32F4xx_HAL_Driver/Src/stm32f4xx_hal_cortex.c.obj
HAL_SYSTICK_Callback                              CMakeFiles/stm32f4xx_tftlcd.elf.dir/src/Drivers/STM32F4xx_HAL_Driver/Src/stm32f4xx_hal_cortex.c.obj
HAL_SYSTICK_Config                                CMakeFiles/stm32f4xx_tftlcd.elf.dir/src/Drivers/STM32F4xx_HAL_Driver/Src/stm32f4xx_hal_cortex.c.obj
                                                  CMakeFiles/stm32f4xx_tftlcd.elf.dir/src/Drivers/STM32F4xx_HAL_Driver/Src/stm32f4xx_hal.c.obj
HAL_SYSTICK_IRQHandler                            CMakeFiles/stm32f4xx_tftlcd.elf.dir/src/Drivers/STM32F4xx_HAL_Driver/Src/stm32f4xx_hal_cortex.c.obj
HAL_SetTickFreq                                   CMakeFiles/stm32f4xx_tftlcd.elf.dir/src/Drivers/STM32F4xx_HAL_Driver/Src/stm32f4xx_hal.c.obj
HAL_SuspendTick                                   CMakeFiles/stm32f4xx_tftlcd.elf.dir/src/Drivers/STM32F4xx_HAL_Driver/Src/stm32f4xx_hal.c.obj
HASH_RNG_IRQHandler                               CMakeFiles/stm32f4xx_tftlcd.elf.dir/src/Core/Startup/startup_stm32f407igtx.s.obj
HardFault_Handler                                 CMakeFiles/stm32f4xx_tftlcd.elf.dir/src/Core/Src/stm32f4xx_it.c.obj
I2C1_ER_IRQHandler                                CMakeFiles/stm32f4xx_tftlcd.elf.dir/src/Core/Startup/startup_stm32f407igtx.s.obj
I2C1_EV_IRQHandler                                CMakeFiles/stm32f4xx_tftlcd.elf.dir/src/Core/Startup/startup_stm32f407igtx.s.obj
I2C2_ER_IRQHandler                                CMakeFiles/stm32f4xx_tftlcd.elf.dir/src/Core/Startup/startup_stm32f407igtx.s.obj
I2C2_EV_IRQHandler                                CMakeFiles/stm32f4xx_tftlcd.elf.dir/src/Core/Startup/startup_stm32f407igtx.s.obj
I2C3_ER_IRQHandler                                CMakeFiles/stm32f4xx_tftlcd.elf.dir/src/Core/Startup/startup_stm32f407igtx.s.obj
I2C3_EV_IRQHandler                                CMakeFiles/stm32f4xx_tftlcd.elf.dir/src/Core/Startup/startup_stm32f407igtx.s.obj
MemManage_Handler                                 CMakeFiles/stm32f4xx_tftlcd.elf.dir/src/Core/Src/stm32f4xx_it.c.obj
NMI_Handler                                       CMakeFiles/stm32f4xx_tftlcd.elf.dir/src/Core/Src/stm32f4xx_it.c.obj
OTG_FS_IRQHandler                                 CMakeFiles/stm32f4xx_tftlcd.elf.dir/src/Core/Startup/startup_stm32f407igtx.s.obj
OTG_FS_WKUP_IRQHandler                            CMakeFiles/stm32f4xx_tftlcd.elf.dir/src/Core/Startup/startup_stm32f407igtx.s.obj
OTG_HS_EP1_IN_IRQHandler                          CMakeFiles/stm32f4xx_tftlcd.elf.dir/src/Core/Startup/startup_stm32f407igtx.s.obj
OTG_HS_EP1_OUT_IRQHandler                         CMakeFiles/stm32f4xx_tftlcd.elf.dir/src/Core/Startup/startup_stm32f407igtx.s.obj
OTG_HS_IRQHandler                                 CMakeFiles/stm32f4xx_tftlcd.elf.dir/src/Core/Startup/startup_stm32f407igtx.s.obj
OTG_HS_WKUP_IRQHandler                            CMakeFiles/stm32f4xx_tftlcd.elf.dir/src/Core/Startup/startup_stm32f407igtx.s.obj
PVD_IRQHandler                                    CMakeFiles/stm32f4xx_tftlcd.elf.dir/src/Core/Startup/startup_stm32f407igtx.s.obj
PendSV_Handler                                    CMakeFiles/stm32f4xx_tftlcd.elf.dir/src/Core/Src/stm32f4xx_it.c.obj
RCC_IRQHandler                                    CMakeFiles/stm32f4xx_tftlcd.elf.dir/src/Core/Startup/startup_stm32f407igtx.s.obj
RTC_Alarm_IRQHandler                              CMakeFiles/stm32f4xx_tftlcd.elf.dir/src/Core/Startup/startup_stm32f407igtx.s.obj
RTC_WKUP_IRQHandler                               CMakeFiles/stm32f4xx_tftlcd.elf.dir/src/Core/Startup/startup_stm32f407igtx.s.obj
Reset_Handler                                     CMakeFiles/stm32f4xx_tftlcd.elf.dir/src/Core/Startup/startup_stm32f407igtx.s.obj
SDIO_IRQHandler                                   CMakeFiles/stm32f4xx_tftlcd.elf.dir/src/Core/Startup/startup_stm32f407igtx.s.obj
SPI1_IRQHandler                                   CMakeFiles/stm32f4xx_tftlcd.elf.dir/src/Core/Startup/startup_stm32f407igtx.s.obj
SPI2_IRQHandler                                   CMakeFiles/stm32f4xx_tftlcd.elf.dir/src/Core/Startup/startup_stm32f407igtx.s.obj
SPI3_IRQHandler                                   CMakeFiles/stm32f4xx_tftlcd.elf.dir/src/Core/Startup/startup_stm32f407igtx.s.obj
SVC_Handler                                       CMakeFiles/stm32f4xx_tftlcd.elf.dir/src/Core/Src/stm32f4xx_it.c.obj
SysTick_Handler                                   CMakeFiles/stm32f4xx_tftlcd.elf.dir/src/Core/Src/stm32f4xx_it.c.obj
SystemClock_Config                                CMakeFiles/stm32f4xx_tftlcd.elf.dir/src/Core/Src/main.c.obj
SystemCoreClock                                   CMakeFiles/stm32f4xx_tftlcd.elf.dir/src/Core/Src/system_stm32f4xx.c.obj
                                                  CMakeFiles/stm32f4xx_tftlcd.elf.dir/src/Drivers/STM32F4xx_HAL_Driver/Src/stm32f4xx_hal_rcc_ex.c.obj
                                                  CMakeFiles/stm32f4xx_tftlcd.elf.dir/src/Drivers/STM32F4xx_HAL_Driver/Src/stm32f4xx_hal_rcc.c.obj
                                                  CMakeFiles/stm32f4xx_tftlcd.elf.dir/src/Drivers/STM32F4xx_HAL_Driver/Src/stm32f4xx_hal_dma.c.obj
                                                  CMakeFiles/stm32f4xx_tftlcd.elf.dir/src/Drivers/STM32F4xx_HAL_Driver/Src/stm32f4xx_hal.c.obj
                                                  CMakeFiles/stm32f4xx_tftlcd.elf.dir/src/Core/bsp/Src/bsp_timer.c.obj
SystemCoreClockUpdate                             CMakeFiles/stm32f4xx_tftlcd.elf.dir/src/Core/Src/system_stm32f4xx.c.obj
SystemInit                                        CMakeFiles/stm32f4xx_tftlcd.elf.dir/src/Core/Src/system_stm32f4xx.c.obj
                                                  CMakeFiles/stm32f4xx_tftlcd.elf.dir/src/Core/Startup/startup_stm32f407igtx.s.obj
TAMP_STAMP_IRQHandler                             CMakeFiles/stm32f4xx_tftlcd.elf.dir/src/Core/Startup/startup_stm32f407igtx.s.obj
TIM1_BRK_TIM9_IRQHandler                          CMakeFiles/stm32f4xx_tftlcd.elf.dir/src/Core/Startup/startup_stm32f407igtx.s.obj
TIM1_CC_IRQHandler                                CMakeFiles/stm32f4xx_tftlcd.elf.dir/src/Core/Startup/startup_stm32f407igtx.s.obj
TIM1_TRG_COM_TIM11_IRQHandler                     CMakeFiles/stm32f4xx_tftlcd.elf.dir/src/Core/Startup/startup_stm32f407igtx.s.obj
TIM1_UP_TIM10_IRQHandler                          CMakeFiles/stm32f4xx_tftlcd.elf.dir/src/Core/Startup/startup_stm32f407igtx.s.obj
TIM2_IRQHandler                                   CMakeFiles/stm32f4xx_tftlcd.elf.dir/src/Core/Startup/startup_stm32f407igtx.s.obj
TIM3_IRQHandler                                   CMakeFiles/stm32f4xx_tftlcd.elf.dir/src/Core/Startup/startup_stm32f407igtx.s.obj
TIM4_IRQHandler                                   CMakeFiles/stm32f4xx_tftlcd.elf.dir/src/Core/Startup/startup_stm32f407igtx.s.obj
TIM5_IRQHandler                                   CMakeFiles/stm32f4xx_tftlcd.elf.dir/src/Core/Startup/startup_stm32f407igtx.s.obj
TIM6_DAC_IRQHandler                               CMakeFiles/stm32f4xx_tftlcd.elf.dir/src/Core/Startup/startup_stm32f407igtx.s.obj
TIM7_IRQHandler                                   CMakeFiles/stm32f4xx_tftlcd.elf.dir/src/Core/Startup/startup_stm32f407igtx.s.obj
TIM8_BRK_TIM12_IRQHandler                         CMakeFiles/stm32f4xx_tftlcd.elf.dir/src/Core/Startup/startup_stm32f407igtx.s.obj
TIM8_CC_IRQHandler                                CMakeFiles/stm32f4xx_tftlcd.elf.dir/src/Core/Startup/startup_stm32f407igtx.s.obj
TIM8_TRG_COM_TIM14_IRQHandler                     CMakeFiles/stm32f4xx_tftlcd.elf.dir/src/Core/Startup/startup_stm32f407igtx.s.obj
TIM8_UP_TIM13_IRQHandler                          CMakeFiles/stm32f4xx_tftlcd.elf.dir/src/Core/Startup/startup_stm32f407igtx.s.obj
UART4_IRQHandler                                  CMakeFiles/stm32f4xx_tftlcd.elf.dir/src/Core/Startup/startup_stm32f407igtx.s.obj
UART5_IRQHandler                                  CMakeFiles/stm32f4xx_tftlcd.elf.dir/src/Core/Startup/startup_stm32f407igtx.s.obj
USART1_IRQHandler                                 CMakeFiles/stm32f4xx_tftlcd.elf.dir/src/Core/Startup/startup_stm32f407igtx.s.obj
USART2_IRQHandler                                 CMakeFiles/stm32f4xx_tftlcd.elf.dir/src/Core/Startup/startup_stm32f407igtx.s.obj
USART3_IRQHandler                                 CMakeFiles/stm32f4xx_tftlcd.elf.dir/src/Core/Startup/startup_stm32f407igtx.s.obj
USART6_IRQHandler                                 CMakeFiles/stm32f4xx_tftlcd.elf.dir/src/Core/Startup/startup_stm32f407igtx.s.obj
UsageFault_Handler                                CMakeFiles/stm32f4xx_tftlcd.elf.dir/src/Core/Src/stm32f4xx_it.c.obj
WWDG_IRQHandler                                   CMakeFiles/stm32f4xx_tftlcd.elf.dir/src/Core/Startup/startup_stm32f407igtx.s.obj
_Min_Stack_Size                                   CMakeFiles/stm32f4xx_tftlcd.elf.dir/src/Core/Src/sysmem.c.obj
__aeabi_idiv0                                     d:/tools/gcc-arm-none-eabi-10.3-2021.10/bin/../lib/gcc/arm-none-eabi/10.3.1/thumb/v7e-m+fp/hard\libgcc.a(_dvmd_tls.o)
__aeabi_ldiv0                                     d:/tools/gcc-arm-none-eabi-10.3-2021.10/bin/../lib/gcc/arm-none-eabi/10.3.1/thumb/v7e-m+fp/hard\libgcc.a(_dvmd_tls.o)
                                                  d:/tools/gcc-arm-none-eabi-10.3-2021.10/bin/../lib/gcc/arm-none-eabi/10.3.1/thumb/v7e-m+fp/hard\libgcc.a(_aeabi_uldivmod.o)
__aeabi_uldivmod                                  d:/tools/gcc-arm-none-eabi-10.3-2021.10/bin/../lib/gcc/arm-none-eabi/10.3.1/thumb/v7e-m+fp/hard\libgcc.a(_aeabi_uldivmod.o)
                                                  CMakeFiles/stm32f4xx_tftlcd.elf.dir/src/Drivers/STM32F4xx_HAL_Driver/Src/stm32f4xx_hal_rcc.c.obj
__bss_end__                                       d:/tools/gcc-arm-none-eabi-10.3-2021.10/bin/../lib/gcc/arm-none-eabi/10.3.1/../../../../arm-none-eabi/lib/thumb/v7e-m+fp/hard/crt0.o
__bss_start__                                     d:/tools/gcc-arm-none-eabi-10.3-2021.10/bin/../lib/gcc/arm-none-eabi/10.3.1/../../../../arm-none-eabi/lib/thumb/v7e-m+fp/hard/crt0.o
__call_exitprocs                                  d:/tools/gcc-arm-none-eabi-10.3-2021.10/bin/../lib/gcc/arm-none-eabi/10.3.1/../../../../arm-none-eabi/lib/thumb/v7e-m+fp/hard\libc_nano.a(lib_a-exit.o)
__deregister_frame_info                           d:/tools/gcc-arm-none-eabi-10.3-2021.10/bin/../lib/gcc/arm-none-eabi/10.3.1/thumb/v7e-m+fp/hard/crtbegin.o
__dso_handle                                      d:/tools/gcc-arm-none-eabi-10.3-2021.10/bin/../lib/gcc/arm-none-eabi/10.3.1/thumb/v7e-m+fp/hard/crtbegin.o
__env                                             CMakeFiles/stm32f4xx_tftlcd.elf.dir/src/Core/Src/syscalls.c.obj
__errno                                           d:/tools/gcc-arm-none-eabi-10.3-2021.10/bin/../lib/gcc/arm-none-eabi/10.3.1/../../../../arm-none-eabi/lib/thumb/v7e-m+fp/hard\libg_nano.a(lib_a-errno.o)
                                                  CMakeFiles/stm32f4xx_tftlcd.elf.dir/src/Core/Src/sysmem.c.obj
                                                  CMakeFiles/stm32f4xx_tftlcd.elf.dir/src/Core/Src/syscalls.c.obj
__init_array_end                                  d:/tools/gcc-arm-none-eabi-10.3-2021.10/bin/../lib/gcc/arm-none-eabi/10.3.1/../../../../arm-none-eabi/lib/thumb/v7e-m+fp/hard\libc_nano.a(lib_a-init.o)
__init_array_start                                d:/tools/gcc-arm-none-eabi-10.3-2021.10/bin/../lib/gcc/arm-none-eabi/10.3.1/../../../../arm-none-eabi/lib/thumb/v7e-m+fp/hard\libc_nano.a(lib_a-init.o)
__io_getchar                                      CMakeFiles/stm32f4xx_tftlcd.elf.dir/src/Core/Src/syscalls.c.obj
__io_putchar                                      CMakeFiles/stm32f4xx_tftlcd.elf.dir/src/Core/Src/syscalls.c.obj
__libc_fini_array                                 d:/tools/gcc-arm-none-eabi-10.3-2021.10/bin/../lib/gcc/arm-none-eabi/10.3.1/../../../../arm-none-eabi/lib/thumb/v7e-m+fp/hard/crt0.o
__libc_init_array                                 d:/tools/gcc-arm-none-eabi-10.3-2021.10/bin/../lib/gcc/arm-none-eabi/10.3.1/../../../../arm-none-eabi/lib/thumb/v7e-m+fp/hard\libc_nano.a(lib_a-init.o)
                                                  CMakeFiles/stm32f4xx_tftlcd.elf.dir/src/Core/Startup/startup_stm32f407igtx.s.obj
                                                  d:/tools/gcc-arm-none-eabi-10.3-2021.10/bin/../lib/gcc/arm-none-eabi/10.3.1/../../../../arm-none-eabi/lib/thumb/v7e-m+fp/hard/crt0.o
__preinit_array_end                               d:/tools/gcc-arm-none-eabi-10.3-2021.10/bin/../lib/gcc/arm-none-eabi/10.3.1/../../../../arm-none-eabi/lib/thumb/v7e-m+fp/hard\libc_nano.a(lib_a-init.o)
__preinit_array_start                             d:/tools/gcc-arm-none-eabi-10.3-2021.10/bin/../lib/gcc/arm-none-eabi/10.3.1/../../../../arm-none-eabi/lib/thumb/v7e-m+fp/hard\libc_nano.a(lib_a-init.o)
__register_frame_info                             d:/tools/gcc-arm-none-eabi-10.3-2021.10/bin/../lib/gcc/arm-none-eabi/10.3.1/thumb/v7e-m+fp/hard/crtbegin.o
__sf_fake_stderr                                  d:/tools/gcc-arm-none-eabi-10.3-2021.10/bin/../lib/gcc/arm-none-eabi/10.3.1/../../../../arm-none-eabi/lib/thumb/v7e-m+fp/hard\libc_nano.a(lib_a-impure.o)
__sf_fake_stdin                                   d:/tools/gcc-arm-none-eabi-10.3-2021.10/bin/../lib/gcc/arm-none-eabi/10.3.1/../../../../arm-none-eabi/lib/thumb/v7e-m+fp/hard\libc_nano.a(lib_a-impure.o)
__sf_fake_stdout                                  d:/tools/gcc-arm-none-eabi-10.3-2021.10/bin/../lib/gcc/arm-none-eabi/10.3.1/../../../../arm-none-eabi/lib/thumb/v7e-m+fp/hard\libc_nano.a(lib_a-impure.o)
__stack                                           d:/tools/gcc-arm-none-eabi-10.3-2021.10/bin/../lib/gcc/arm-none-eabi/10.3.1/../../../../arm-none-eabi/lib/thumb/v7e-m+fp/hard/crt0.o
__udivmoddi4                                      d:/tools/gcc-arm-none-eabi-10.3-2021.10/bin/../lib/gcc/arm-none-eabi/10.3.1/thumb/v7e-m+fp/hard\libgcc.a(_udivmoddi4.o)
                                                  d:/tools/gcc-arm-none-eabi-10.3-2021.10/bin/../lib/gcc/arm-none-eabi/10.3.1/thumb/v7e-m+fp/hard\libgcc.a(_aeabi_uldivmod.o)
_close                                            CMakeFiles/stm32f4xx_tftlcd.elf.dir/src/Core/Src/syscalls.c.obj
_ebss                                             CMakeFiles/stm32f4xx_tftlcd.elf.dir/src/Core/Startup/startup_stm32f407igtx.s.obj
_edata                                            CMakeFiles/stm32f4xx_tftlcd.elf.dir/src/Core/Startup/startup_stm32f407igtx.s.obj
_end                                              CMakeFiles/stm32f4xx_tftlcd.elf.dir/src/Core/Src/sysmem.c.obj
_estack                                           CMakeFiles/stm32f4xx_tftlcd.elf.dir/src/Core/Startup/startup_stm32f407igtx.s.obj
                                                  CMakeFiles/stm32f4xx_tftlcd.elf.dir/src/Core/Src/sysmem.c.obj
_execve                                           CMakeFiles/stm32f4xx_tftlcd.elf.dir/src/Core/Src/syscalls.c.obj
_exit                                             CMakeFiles/stm32f4xx_tftlcd.elf.dir/src/Core/Src/syscalls.c.obj
                                                  d:/tools/gcc-arm-none-eabi-10.3-2021.10/bin/../lib/gcc/arm-none-eabi/10.3.1/../../../../arm-none-eabi/lib/thumb/v7e-m+fp/hard\libc_nano.a(lib_a-exit.o)
_fini                                             d:/tools/gcc-arm-none-eabi-10.3-2021.10/bin/../lib/gcc/arm-none-eabi/10.3.1/thumb/v7e-m+fp/hard/crti.o
_fork                                             CMakeFiles/stm32f4xx_tftlcd.elf.dir/src/Core/Src/syscalls.c.obj
_fstat                                            CMakeFiles/stm32f4xx_tftlcd.elf.dir/src/Core/Src/syscalls.c.obj
_getpid                                           CMakeFiles/stm32f4xx_tftlcd.elf.dir/src/Core/Src/syscalls.c.obj
_global_impure_ptr                                d:/tools/gcc-arm-none-eabi-10.3-2021.10/bin/../lib/gcc/arm-none-eabi/10.3.1/../../../../arm-none-eabi/lib/thumb/v7e-m+fp/hard\libc_nano.a(lib_a-impure.o)
                                                  d:/tools/gcc-arm-none-eabi-10.3-2021.10/bin/../lib/gcc/arm-none-eabi/10.3.1/../../../../arm-none-eabi/lib/thumb/v7e-m+fp/hard\libc_nano.a(lib_a-exit.o)
_impure_ptr                                       d:/tools/gcc-arm-none-eabi-10.3-2021.10/bin/../lib/gcc/arm-none-eabi/10.3.1/../../../../arm-none-eabi/lib/thumb/v7e-m+fp/hard\libc_nano.a(lib_a-impure.o)
                                                  d:/tools/gcc-arm-none-eabi-10.3-2021.10/bin/../lib/gcc/arm-none-eabi/10.3.1/../../../../arm-none-eabi/lib/thumb/v7e-m+fp/hard\libg_nano.a(lib_a-errno.o)
_init                                             d:/tools/gcc-arm-none-eabi-10.3-2021.10/bin/../lib/gcc/arm-none-eabi/10.3.1/thumb/v7e-m+fp/hard/crti.o
                                                  d:/tools/gcc-arm-none-eabi-10.3-2021.10/bin/../lib/gcc/arm-none-eabi/10.3.1/../../../../arm-none-eabi/lib/thumb/v7e-m+fp/hard\libc_nano.a(lib_a-init.o)
_isatty                                           CMakeFiles/stm32f4xx_tftlcd.elf.dir/src/Core/Src/syscalls.c.obj
_kill                                             CMakeFiles/stm32f4xx_tftlcd.elf.dir/src/Core/Src/syscalls.c.obj
_link                                             CMakeFiles/stm32f4xx_tftlcd.elf.dir/src/Core/Src/syscalls.c.obj
_lseek                                            CMakeFiles/stm32f4xx_tftlcd.elf.dir/src/Core/Src/syscalls.c.obj
_mainCRTStartup                                   d:/tools/gcc-arm-none-eabi-10.3-2021.10/bin/../lib/gcc/arm-none-eabi/10.3.1/../../../../arm-none-eabi/lib/thumb/v7e-m+fp/hard/crt0.o
_open                                             CMakeFiles/stm32f4xx_tftlcd.elf.dir/src/Core/Src/syscalls.c.obj
_read                                             CMakeFiles/stm32f4xx_tftlcd.elf.dir/src/Core/Src/syscalls.c.obj
_sbrk                                             CMakeFiles/stm32f4xx_tftlcd.elf.dir/src/Core/Src/sysmem.c.obj
_sbss                                             CMakeFiles/stm32f4xx_tftlcd.elf.dir/src/Core/Startup/startup_stm32f407igtx.s.obj
_sdata                                            CMakeFiles/stm32f4xx_tftlcd.elf.dir/src/Core/Startup/startup_stm32f407igtx.s.obj
_sidata                                           CMakeFiles/stm32f4xx_tftlcd.elf.dir/src/Core/Startup/startup_stm32f407igtx.s.obj
_stack_init                                       d:/tools/gcc-arm-none-eabi-10.3-2021.10/bin/../lib/gcc/arm-none-eabi/10.3.1/../../../../arm-none-eabi/lib/thumb/v7e-m+fp/hard/crt0.o
_start                                            d:/tools/gcc-arm-none-eabi-10.3-2021.10/bin/../lib/gcc/arm-none-eabi/10.3.1/../../../../arm-none-eabi/lib/thumb/v7e-m+fp/hard/crt0.o
_stat                                             CMakeFiles/stm32f4xx_tftlcd.elf.dir/src/Core/Src/syscalls.c.obj
_times                                            CMakeFiles/stm32f4xx_tftlcd.elf.dir/src/Core/Src/syscalls.c.obj
_unlink                                           CMakeFiles/stm32f4xx_tftlcd.elf.dir/src/Core/Src/syscalls.c.obj
_wait                                             CMakeFiles/stm32f4xx_tftlcd.elf.dir/src/Core/Src/syscalls.c.obj
_write                                            CMakeFiles/stm32f4xx_tftlcd.elf.dir/src/Core/Src/syscalls.c.obj
atexit                                            d:/tools/gcc-arm-none-eabi-10.3-2021.10/bin/../lib/gcc/arm-none-eabi/10.3.1/../../../../arm-none-eabi/lib/thumb/v7e-m+fp/hard/crt0.o
bsp_DelayMS                                       CMakeFiles/stm32f4xx_tftlcd.elf.dir/src/Core/bsp/Src/bsp_timer.c.obj
bsp_Init                                          CMakeFiles/stm32f4xx_tftlcd.elf.dir/src/Core/bsp/bsp.c.obj
                                                  CMakeFiles/stm32f4xx_tftlcd.elf.dir/src/Core/Src/main.c.obj
bsp_InitTimer                                     CMakeFiles/stm32f4xx_tftlcd.elf.dir/src/Core/bsp/Src/bsp_timer.c.obj
                                                  CMakeFiles/stm32f4xx_tftlcd.elf.dir/src/Core/bsp/bsp.c.obj
environ                                           CMakeFiles/stm32f4xx_tftlcd.elf.dir/src/Core/Src/syscalls.c.obj