Archive member included to satisfy reference by file (symbol)

d:/tools/gcc-arm-none-eabi-10.3-2021.10/bin/../lib/gcc/arm-none-eabi/10.3.1/../../../../arm-none-eabi/lib/thumb/v7e-m+fp/hard\libc_nano.a(lib_a-exit.o)
                              d:/tools/gcc-arm-none-eabi-10.3-2021.10/bin/../lib/gcc/arm-none-eabi/10.3.1/../../../../arm-none-eabi/lib/thumb/v7e-m+fp/hard/crt0.o (exit)
d:/tools/gcc-arm-none-eabi-10.3-2021.10/bin/../lib/gcc/arm-none-eabi/10.3.1/../../../../arm-none-eabi/lib/thumb/v7e-m+fp/hard\libc_nano.a(lib_a-impure.o)
                              d:/tools/gcc-arm-none-eabi-10.3-2021.10/bin/../lib/gcc/arm-none-eabi/10.3.1/../../../../arm-none-eabi/lib/thumb/v7e-m+fp/hard\libc_nano.a(lib_a-exit.o) (_global_impure_ptr)
d:/tools/gcc-arm-none-eabi-10.3-2021.10/bin/../lib/gcc/arm-none-eabi/10.3.1/../../../../arm-none-eabi/lib/thumb/v7e-m+fp/hard\libc_nano.a(lib_a-init.o)
                              d:/tools/gcc-arm-none-eabi-10.3-2021.10/bin/../lib/gcc/arm-none-eabi/10.3.1/../../../../arm-none-eabi/lib/thumb/v7e-m+fp/hard/crt0.o (__libc_init_array)
d:/tools/gcc-arm-none-eabi-10.3-2021.10/bin/../lib/gcc/arm-none-eabi/10.3.1/../../../../arm-none-eabi/lib/thumb/v7e-m+fp/hard\libc_nano.a(lib_a-memset.o)
                              d:/tools/gcc-arm-none-eabi-10.3-2021.10/bin/../lib/gcc/arm-none-eabi/10.3.1/../../../../arm-none-eabi/lib/thumb/v7e-m+fp/hard/crt0.o (memset)
d:/tools/gcc-arm-none-eabi-10.3-2021.10/bin/../lib/gcc/arm-none-eabi/10.3.1/thumb/v7e-m+fp/hard\libgcc.a(_aeabi_uldivmod.o)
                              CMakeFiles/stm32f4xx_tftlcd.elf.dir/src/Drivers/STM32F4xx_HAL_Driver/Src/stm32f4xx_hal_rcc.c.obj (__aeabi_uldivmod)
d:/tools/gcc-arm-none-eabi-10.3-2021.10/bin/../lib/gcc/arm-none-eabi/10.3.1/thumb/v7e-m+fp/hard\libgcc.a(_udivmoddi4.o)
                              d:/tools/gcc-arm-none-eabi-10.3-2021.10/bin/../lib/gcc/arm-none-eabi/10.3.1/thumb/v7e-m+fp/hard\libgcc.a(_aeabi_uldivmod.o) (__udivmoddi4)
d:/tools/gcc-arm-none-eabi-10.3-2021.10/bin/../lib/gcc/arm-none-eabi/10.3.1/thumb/v7e-m+fp/hard\libgcc.a(_dvmd_tls.o)
                              d:/tools/gcc-arm-none-eabi-10.3-2021.10/bin/../lib/gcc/arm-none-eabi/10.3.1/thumb/v7e-m+fp/hard\libgcc.a(_aeabi_uldivmod.o) (__aeabi_ldiv0)
d:/tools/gcc-arm-none-eabi-10.3-2021.10/bin/../lib/gcc/arm-none-eabi/10.3.1/../../../../arm-none-eabi/lib/thumb/v7e-m+fp/hard\libg_nano.a(lib_a-errno.o)
                              CMakeFiles/stm32f4xx_tftlcd.elf.dir/src/Core/Src/syscalls.c.obj (__errno)

Discarded input sections

 .text          0x00000000        0x0 d:/tools/gcc-arm-none-eabi-10.3-2021.10/bin/../lib/gcc/arm-none-eabi/10.3.1/thumb/v7e-m+fp/hard/crti.o
 .data          0x00000000        0x0 d:/tools/gcc-arm-none-eabi-10.3-2021.10/bin/../lib/gcc/arm-none-eabi/10.3.1/thumb/v7e-m+fp/hard/crti.o
 .bss           0x00000000        0x0 d:/tools/gcc-arm-none-eabi-10.3-2021.10/bin/../lib/gcc/arm-none-eabi/10.3.1/thumb/v7e-m+fp/hard/crti.o
 .data          0x00000000        0x4 d:/tools/gcc-arm-none-eabi-10.3-2021.10/bin/../lib/gcc/arm-none-eabi/10.3.1/thumb/v7e-m+fp/hard/crtbegin.o
 .rodata        0x00000000       0x24 d:/tools/gcc-arm-none-eabi-10.3-2021.10/bin/../lib/gcc/arm-none-eabi/10.3.1/thumb/v7e-m+fp/hard/crtbegin.o
 .text          0x00000000       0x7c d:/tools/gcc-arm-none-eabi-10.3-2021.10/bin/../lib/gcc/arm-none-eabi/10.3.1/../../../../arm-none-eabi/lib/thumb/v7e-m+fp/hard/crt0.o
 .data          0x00000000        0x0 d:/tools/gcc-arm-none-eabi-10.3-2021.10/bin/../lib/gcc/arm-none-eabi/10.3.1/../../../../arm-none-eabi/lib/thumb/v7e-m+fp/hard/crt0.o
 .bss           0x00000000        0x0 d:/tools/gcc-arm-none-eabi-10.3-2021.10/bin/../lib/gcc/arm-none-eabi/10.3.1/../../../../arm-none-eabi/lib/thumb/v7e-m+fp/hard/crt0.o
 .ARM.extab     0x00000000        0x0 d:/tools/gcc-arm-none-eabi-10.3-2021.10/bin/../lib/gcc/arm-none-eabi/10.3.1/../../../../arm-none-eabi/lib/thumb/v7e-m+fp/hard/crt0.o
 .ARM.exidx     0x00000000       0x10 d:/tools/gcc-arm-none-eabi-10.3-2021.10/bin/../lib/gcc/arm-none-eabi/10.3.1/../../../../arm-none-eabi/lib/thumb/v7e-m+fp/hard/crt0.o
 .ARM.attributes
                0x00000000       0x1c d:/tools/gcc-arm-none-eabi-10.3-2021.10/bin/../lib/gcc/arm-none-eabi/10.3.1/../../../../arm-none-eabi/lib/thumb/v7e-m+fp/hard/crt0.o
 .text          0x00000000        0x0 d:/tools/gcc-arm-none-eabi-10.3-2021.10/bin/../lib/gcc/arm-none-eabi/10.3.1/../../../../arm-none-eabi/lib/thumb/v7e-m+fp/hard\libc_nano.a(lib_a-exit.o)
 .data          0x00000000        0x0 d:/tools/gcc-arm-none-eabi-10.3-2021.10/bin/../lib/gcc/arm-none-eabi/10.3.1/../../../../arm-none-eabi/lib/thumb/v7e-m+fp/hard\libc_nano.a(lib_a-exit.o)
 .bss           0x00000000        0x0 d:/tools/gcc-arm-none-eabi-10.3-2021.10/bin/../lib/gcc/arm-none-eabi/10.3.1/../../../../arm-none-eabi/lib/thumb/v7e-m+fp/hard\libc_nano.a(lib_a-exit.o)
[...]
Memory Configuration

Name             Origin             Length             Attributes
CCMRAM           0x10000000         0x00010000         xrw
RAM              0x20000000         0x00020000         xrw
FLASH            0x08000000         0x00100000         xr
*default*        0x00000000         0xffffffff

Linker script and memory map

LOAD d:/tools/gcc-arm-none-eabi-10.3-2021.10/bin/../lib/gcc/arm-none-eabi/10.3.1/thumb/v7e-m+fp/hard/crti.o
LOAD d:/tools/gcc-arm-none-eabi-10.3-2021.10/bin/../lib/gcc/arm-none-eabi/10.3.1/thumb/v7e-m+fp/hard/crtbegin.o
LOAD d:/tools/gcc-arm-none-eabi-10.3-2021.10/bin/../lib/gcc/arm-none-eabi/10.3.1/../../../../arm-none-eabi/lib/thumb/v7e-m+fp/hard/crt0.o
LOAD d:/tools/gcc-arm-none-eabi-10.3-2021.10/bin/../lib/gcc/arm-none-eabi/10.3.1/../../../../arm-none-eabi/lib/thumb/v7e-m+fp/hard\libc_nano.a
LOAD d:/tools/gcc-arm-none-eabi-10.3-2021.10/bin/../lib/gcc/arm-none-eabi/10.3.1/../../../../arm-none-eabi/lib/thumb/v7e-m+fp/hard\libm.a
LOAD CMakeFiles/stm32f4xx_tftlcd.elf.dir/src/Core/Src/gpio.c.obj
LOAD CMakeFiles/stm32f4xx_tftlcd.elf.dir/src/Core/Src/main.c.obj
LOAD CMakeFiles/stm32f4xx_tftlcd.elf.dir/src/Core/Src/stm32f4xx_hal_msp.c.obj
LOAD CMakeFiles/stm32f4xx_tftlcd.elf.dir/src/Core/Src/stm32f4xx_it.c.obj
LOAD CMakeFiles/stm32f4xx_tftlcd.elf.dir/src/Core/Src/syscalls.c.obj
LOAD CMakeFiles/stm32f4xx_tftlcd.elf.dir/src/Core/Src/sysmem.c.obj
LOAD CMakeFiles/stm32f4xx_tftlcd.elf.dir/src/Core/Src/system_stm32f4xx.c.obj
LOAD CMakeFiles/stm32f4xx_tftlcd.elf.dir/src/Drivers/STM32F4xx_HAL_Driver/Src/stm32f4xx_hal.c.obj
LOAD CMakeFiles/stm32f4xx_tftlcd.elf.dir/src/Drivers/STM32F4xx_HAL_Driver/Src/stm32f4xx_hal_cortex.c.obj
LOAD CMakeFiles/stm32f4xx_tftlcd.elf.dir/src/Drivers/STM32F4xx_HAL_Driver/Src/stm32f4xx_hal_dma.c.obj
LOAD CMakeFiles/stm32f4xx_tftlcd.elf.dir/src/Drivers/STM32F4xx_HAL_Driver/Src/stm32f4xx_hal_dma_ex.c.obj
LOAD CMakeFiles/stm32f4xx_tftlcd.elf.dir/src/Drivers/STM32F4xx_HAL_Driver/Src/stm32f4xx_hal_exti.c.obj
LOAD CMakeFiles/stm32f4xx_tftlcd.elf.dir/src/Drivers/STM32F4xx_HAL_Driver/Src/stm32f4xx_hal_flash.c.obj
LOAD CMakeFiles/stm32f4xx_tftlcd.elf.dir/src/Drivers/STM32F4xx_HAL_Driver/Src/stm32f4xx_hal_flash_ex.c.obj
LOAD CMakeFiles/stm32f4xx_tftlcd.elf.dir/src/Drivers/STM32F4xx_HAL_Driver/Src/stm32f4xx_hal_flash_ramfunc.c.obj
LOAD CMakeFiles/stm32f4xx_tftlcd.elf.dir/src/Drivers/STM32F4xx_HAL_Driver/Src/stm32f4xx_hal_gpio.c.obj
LOAD CMakeFiles/stm32f4xx_tftlcd.elf.dir/src/Drivers/STM32F4xx_HAL_Driver/Src/stm32f4xx_hal_pwr.c.obj
LOAD CMakeFiles/stm32f4xx_tftlcd.elf.dir/src/Drivers/STM32F4xx_HAL_Driver/Src/stm32f4xx_hal_pwr_ex.c.obj
LOAD CMakeFiles/stm32f4xx_tftlcd.elf.dir/src/Drivers/STM32F4xx_HAL_Driver/Src/stm32f4xx_hal_rcc.c.obj
LOAD CMakeFiles/stm32f4xx_tftlcd.elf.dir/src/Drivers/STM32F4xx_HAL_Driver/Src/stm32f4xx_hal_rcc_ex.c.obj
LOAD CMakeFiles/stm32f4xx_tftlcd.elf.dir/src/Core/Startup/startup_stm32f407igtx.s.obj
START GROUP
LOAD d:/tools/gcc-arm-none-eabi-10.3-2021.10/bin/../lib/gcc/arm-none-eabi/10.3.1/thumb/v7e-m+fp/hard\libgcc.a
LOAD d:/tools/gcc-arm-none-eabi-10.3-2021.10/bin/../lib/gcc/arm-none-eabi/10.3.1/../../../../arm-none-eabi/lib/thumb/v7e-m+fp/hard\libg_nano.a
LOAD d:/tools/gcc-arm-none-eabi-10.3-2021.10/bin/../lib/gcc/arm-none-eabi/10.3.1/../../../../arm-none-eabi/lib/thumb/v7e-m+fp/hard\libc_nano.a
END GROUP
START GROUP
LOAD d:/tools/gcc-arm-none-eabi-10.3-2021.10/bin/../lib/gcc/arm-none-eabi/10.3.1/thumb/v7e-m+fp/hard\libgcc.a
LOAD d:/tools/gcc-arm-none-eabi-10.3-2021.10/bin/../lib/gcc/arm-none-eabi/10.3.1/../../../../arm-none-eabi/lib/thumb/v7e-m+fp/hard\libc_nano.a
END GROUP
LOAD d:/tools/gcc-arm-none-eabi-10.3-2021.10/bin/../lib/gcc/arm-none-eabi/10.3.1/thumb/v7e-m+fp/hard/crtend.o
LOAD d:/tools/gcc-arm-none-eabi-10.3-2021.10/bin/../lib/gcc/arm-none-eabi/10.3.1/thumb/v7e-m+fp/hard/crtn.o
                0x20020000                _estack = (ORIGIN (RAM) + LENGTH (RAM))
                0x00000200                _Min_Heap_Size = 0x200
                0x00000400                _Min_Stack_Size = 0x400

.isr_vector     0x08000000      0x188
                0x08000000                . = ALIGN (0x4)
 *(.isr_vector)
 .isr_vector    0x08000000      0x188 CMakeFiles/stm32f4xx_tftlcd.elf.dir/src/Core/Startup/startup_stm32f407igtx.s.obj
                0x08000000                g_pfnVectors
                0x08000188                . = ALIGN (0x4)

.text           0x08000188     0x1618
                0x08000188                . = ALIGN (0x4)
 *(.text)
 .text          0x08000188       0x40 d:/tools/gcc-arm-none-eabi-10.3-2021.10/bin/../lib/gcc/arm-none-eabi/10.3.1/thumb/v7e-m+fp/hard/crtbegin.o
 .text          0x080001c8       0x30 d:/tools/gcc-arm-none-eabi-10.3-2021.10/bin/../lib/gcc/arm-none-eabi/10.3.1/thumb/v7e-m+fp/hard\libgcc.a(_aeabi_uldivmod.o)
                0x080001c8                __aeabi_uldivmod
 .text          0x080001f8      0x2d0 d:/tools/gcc-arm-none-eabi-10.3-2021.10/bin/../lib/gcc/arm-none-eabi/10.3.1/thumb/v7e-m+fp/hard\libgcc.a(_udivmoddi4.o)
                0x080001f8                __udivmoddi4
 .text          0x080004c8        0x4 d:/tools/gcc-arm-none-eabi-10.3-2021.10/bin/../lib/gcc/arm-none-eabi/10.3.1/thumb/v7e-m+fp/hard\libgcc.a(_dvmd_tls.o)
                0x080004c8                __aeabi_idiv0
                0x080004c8                __aeabi_ldiv0
 *(.text*)
 .text.__libc_init_array
                0x080004cc       0x48 d:/tools/gcc-arm-none-eabi-10.3-2021.10/bin/../lib/gcc/arm-none-eabi/10.3.1/../../../../arm-none-eabi/lib/thumb/v7e-m+fp/hard\libc_nano.a(lib_a-init.o)
                0x080004cc                __libc_init_array
 .text.memset   0x08000514       0x10 d:/tools/gcc-arm-none-eabi-10.3-2021.10/bin/../lib/gcc/arm-none-eabi/10.3.1/../../../../arm-none-eabi/lib/thumb/v7e-m+fp/hard\libc_nano.a(lib_a-memset.o)
                0x08000514                memset
 .text.MX_GPIO_Init
                0x08000524      0x140 CMakeFiles/stm32f4xx_tftlcd.elf.dir/src/Core/Src/gpio.c.obj
                0x08000524                MX_GPIO_Init
 .text.main     0x08000664       0x94 CMakeFiles/stm32f4xx_tftlcd.elf.dir/src/Core/Src/main.c.obj
                0x08000664                main
 .text.SystemClock_Config
                0x080006f8       0xd4 CMakeFiles/stm32f4xx_tftlcd.elf.dir/src/Core/Src/main.c.obj
                0x080006f8                SystemClock_Config
 .text.Error_Handler
                0x080007cc        0xa CMakeFiles/stm32f4xx_tftlcd.elf.dir/src/Core/Src/main.c.obj
                0x080007cc                Error_Handler
 *fill*         0x080007d6        0x2 
 .text.HAL_MspInit
                0x080007d8       0x50 CMakeFiles/stm32f4xx_tftlcd.elf.dir/src/Core/Src/stm32f4xx_hal_msp.c.obj
                0x080007d8                HAL_MspInit
 .text.NMI_Handler
                0x08000828        0x6 CMakeFiles/stm32f4xx_tftlcd.elf.dir/src/Core/Src/stm32f4xx_it.c.obj
                0x08000828                NMI_Handler
 .text.HardFault_Handler
                0x0800082e        0x6 CMakeFiles/stm32f4xx_tftlcd.elf.dir/src/Core/Src/stm32f4xx_it.c.obj
                0x0800082e                HardFault_Handler
 .text.MemManage_Handler
                0x08000834        0x6 CMakeFiles/stm32f4xx_tftlcd.elf.dir/src/Core/Src/stm32f4xx_it.c.obj
                0x08000834                MemManage_Handler
 .text.BusFault_Handler
                0x0800083a        0x6 CMakeFiles/stm32f4xx_tftlcd.elf.dir/src/Core/Src/stm32f4xx_it.c.obj
                0x0800083a                BusFault_Handler
 .text.UsageFault_Handler
                0x08000840        0x6 CMakeFiles/stm32f4xx_tftlcd.elf.dir/src/Core/Src/stm32f4xx_it.c.obj
                0x08000840                UsageFault_Handler
 .text.SVC_Handler
                0x08000846        0xe CMakeFiles/stm32f4xx_tftlcd.elf.dir/src/Core/Src/stm32f4xx_it.c.obj
                0x08000846                SVC_Handler
 .text.DebugMon_Handler
                0x08000854        0xe CMakeFiles/stm32f4xx_tftlcd.elf.dir/src/Core/Src/stm32f4xx_it.c.obj
                0x08000854                DebugMon_Handler
 .text.PendSV_Handler
                0x08000862        0xe CMakeFiles/stm32f4xx_tftlcd.elf.dir/src/Core/Src/stm32f4xx_it.c.obj
                0x08000862                PendSV_Handler
 .text.SysTick_Handler
                0x08000870        0xc CMakeFiles/stm32f4xx_tftlcd.elf.dir/src/Core/Src/stm32f4xx_it.c.obj
                0x08000870                SysTick_Handler
 .text.SystemInit
                0x0800087c       0x24 CMakeFiles/stm32f4xx_tftlcd.elf.dir/src/Core/Src/system_stm32f4xx.c.obj
                0x0800087c                SystemInit
 .text.HAL_Init
                0x080008a0       0x44 CMakeFiles/stm32f4xx_tftlcd.elf.dir/src/Drivers/STM32F4xx_HAL_Driver/Src/stm32f4xx_hal.c.obj
                0x080008a0                HAL_Init
 .text.HAL_InitTick
                0x080008e4       0x60 CMakeFiles/stm32f4xx_tftlcd.elf.dir/src/Drivers/STM32F4xx_HAL_Driver/Src/stm32f4xx_hal.c.obj
                0x080008e4                HAL_InitTick
 .text.HAL_IncTick
                0x08000944       0x28 CMakeFiles/stm32f4xx_tftlcd.elf.dir/src/Drivers/STM32F4xx_HAL_Driver/Src/stm32f4xx_hal.c.obj
                0x08000944                HAL_IncTick
 .text.HAL_GetTick
                0x0800096c       0x18 CMakeFiles/stm32f4xx_tftlcd.elf.dir/src/Drivers/STM32F4xx_HAL_Driver/Src/stm32f4xx_hal.c.obj
                0x0800096c                HAL_GetTick
 .text.__NVIC_SetPriorityGrouping
                0x08000984       0x48 CMakeFiles/stm32f4xx_tftlcd.elf.dir/src/Drivers/STM32F4xx_HAL_Driver/Src/stm32f4xx_hal_cortex.c.obj
 .text.__NVIC_GetPriorityGrouping
                0x080009cc       0x1c CMakeFiles/stm32f4xx_tftlcd.elf.dir/src/Drivers/STM32F4xx_HAL_Driver/Src/stm32f4xx_hal_cortex.c.obj
 .text.__NVIC_SetPriority
                0x080009e8       0x54 CMakeFiles/stm32f4xx_tftlcd.elf.dir/src/Drivers/STM32F4xx_HAL_Driver/Src/stm32f4xx_hal_cortex.c.obj
 .text.NVIC_EncodePriority
                0x08000a3c       0x66 CMakeFiles/stm32f4xx_tftlcd.elf.dir/src/Drivers/STM32F4xx_HAL_Driver/Src/stm32f4xx_hal_cortex.c.obj
 *fill*         0x08000aa2        0x2 
 .text.SysTick_Config
                0x08000aa4       0x44 CMakeFiles/stm32f4xx_tftlcd.elf.dir/src/Drivers/STM32F4xx_HAL_Driver/Src/stm32f4xx_hal_cortex.c.obj
 .text.HAL_NVIC_SetPriorityGrouping
                0x08000ae8       0x16 CMakeFiles/stm32f4xx_tftlcd.elf.dir/src/Drivers/STM32F4xx_HAL_Driver/Src/stm32f4xx_hal_cortex.c.obj
                0x08000ae8                HAL_NVIC_SetPriorityGrouping
 .text.HAL_NVIC_SetPriority
                0x08000afe       0x38 CMakeFiles/stm32f4xx_tftlcd.elf.dir/src/Drivers/STM32F4xx_HAL_Driver/Src/stm32f4xx_hal_cortex.c.obj
                0x08000afe                HAL_NVIC_SetPriority
 .text.HAL_SYSTICK_Config
                0x08000b36       0x18 CMakeFiles/stm32f4xx_tftlcd.elf.dir/src/Drivers/STM32F4xx_HAL_Driver/Src/stm32f4xx_hal_cortex.c.obj
                0x08000b36                HAL_SYSTICK_Config
 *fill*         0x08000b4e        0x2 
 .text.HAL_GPIO_Init
                0x08000b50      0x338 CMakeFiles/stm32f4xx_tftlcd.elf.dir/src/Drivers/STM32F4xx_HAL_Driver/Src/stm32f4xx_hal_gpio.c.obj
                0x08000b50                HAL_GPIO_Init
 .text.HAL_GPIO_ReadPin
                0x08000e88       0x30 CMakeFiles/stm32f4xx_tftlcd.elf.dir/src/Drivers/STM32F4xx_HAL_Driver/Src/stm32f4xx_hal_gpio.c.obj
                0x08000e88                HAL_GPIO_ReadPin
 .text.HAL_GPIO_WritePin
                0x08000eb8       0x32 CMakeFiles/stm32f4xx_tftlcd.elf.dir/src/Drivers/STM32F4xx_HAL_Driver/Src/stm32f4xx_hal_gpio.c.obj
                0x08000eb8                HAL_GPIO_WritePin
 *fill*         0x08000eea        0x2 
 .text.HAL_RCC_OscConfig
                0x08000eec      0x4f0 CMakeFiles/stm32f4xx_tftlcd.elf.dir/src/Drivers/STM32F4xx_HAL_Driver/Src/stm32f4xx_hal_rcc.c.obj
                0x08000eec                HAL_RCC_OscConfig
 .text.HAL_RCC_ClockConfig
                0x080013dc      0x1cc CMakeFiles/stm32f4xx_tftlcd.elf.dir/src/Drivers/STM32F4xx_HAL_Driver/Src/stm32f4xx_hal_rcc.c.obj
                0x080013dc                HAL_RCC_ClockConfig
 .text.HAL_RCC_GetSysClockFreq
                0x080015a8      0x18c CMakeFiles/stm32f4xx_tftlcd.elf.dir/src/Drivers/STM32F4xx_HAL_Driver/Src/stm32f4xx_hal_rcc.c.obj
                0x080015a8                HAL_RCC_GetSysClockFreq
 .text.Reset_Handler
                0x08001734       0x50 CMakeFiles/stm32f4xx_tftlcd.elf.dir/src/Core/Startup/startup_stm32f407igtx.s.obj
                0x08001734                Reset_Handler
 .text.Default_Handler
                0x08001784        0x2 CMakeFiles/stm32f4xx_tftlcd.elf.dir/src/Core/Startup/startup_stm32f407igtx.s.obj
                0x08001784                RTC_Alarm_IRQHandler
                0x08001784                HASH_RNG_IRQHandler
                0x08001784                EXTI2_IRQHandler
                0x08001784                TIM8_CC_IRQHandler
                0x08001784                TIM1_CC_IRQHandler
                0x08001784                DMA2_Stream5_IRQHandler
                0x08001784                DMA1_Stream5_IRQHandler
                0x08001784                PVD_IRQHandler
                0x08001784                SDIO_IRQHandler
                0x08001784                TAMP_STAMP_IRQHandler
                0x08001784                CAN2_RX1_IRQHandler
                0x08001784                EXTI3_IRQHandler
                0x08001784                TIM8_TRG_COM_TIM14_IRQHandler
                0x08001784                TIM1_UP_TIM10_IRQHandler
                0x08001784                TIM8_UP_TIM13_IRQHandler
                0x08001784                I2C3_ER_IRQHandler
                0x08001784                EXTI0_IRQHandler
                0x08001784                I2C2_EV_IRQHandler
                0x08001784                DMA1_Stream2_IRQHandler
                0x08001784                CAN1_RX0_IRQHandler
                0x08001784                FPU_IRQHandler
                0x08001784                OTG_HS_WKUP_IRQHandler
                0x08001784                CAN2_SCE_IRQHandler
                0x08001784                DMA2_Stream2_IRQHandler
                0x08001784                SPI1_IRQHandler
                0x08001784                TIM6_DAC_IRQHandler
                0x08001784                TIM1_BRK_TIM9_IRQHandler
                0x08001784                DCMI_IRQHandler
                0x08001784                CAN2_RX0_IRQHandler
                0x08001784                DMA2_Stream3_IRQHandler
                0x08001784                USART6_IRQHandler
                0x08001784                USART3_IRQHandler
                0x08001784                CAN1_RX1_IRQHandler
                0x08001784                UART5_IRQHandler
                0x08001784                DMA2_Stream0_IRQHandler
                0x08001784                TIM4_IRQHandler
                0x08001784                I2C1_EV_IRQHandler
                0x08001784                DMA1_Stream6_IRQHandler
                0x08001784                DMA1_Stream1_IRQHandler
                0x08001784                UART4_IRQHandler
                0x08001784                TIM3_IRQHandler
                0x08001784                RCC_IRQHandler
                0x08001784                TIM8_BRK_TIM12_IRQHandler
                0x08001784                Default_Handler
                0x08001784                EXTI15_10_IRQHandler
                0x08001784                ADC_IRQHandler
                0x08001784                DMA1_Stream7_IRQHandler
                0x08001784                TIM7_IRQHandler
                0x08001784                CAN2_TX_IRQHandler
                0x08001784                TIM5_IRQHandler
                0x08001784                DMA2_Stream7_IRQHandler
                0x08001784                I2C3_EV_IRQHandler
                0x08001784                EXTI9_5_IRQHandler
                0x08001784                RTC_WKUP_IRQHandler
                0x08001784                ETH_WKUP_IRQHandler
                0x08001784                SPI2_IRQHandler
                0x08001784                OTG_HS_EP1_IN_IRQHandler
                0x08001784                DMA1_Stream0_IRQHandler
                0x08001784                CAN1_TX_IRQHandler
                0x08001784                EXTI4_IRQHandler
                0x08001784                FSMC_IRQHandler
                0x08001784                ETH_IRQHandler
                0x08001784                OTG_HS_EP1_OUT_IRQHandler
                0x08001784                WWDG_IRQHandler
                0x08001784                TIM2_IRQHandler
                0x08001784                OTG_FS_WKUP_IRQHandler
                0x08001784                TIM1_TRG_COM_TIM11_IRQHandler
                0x08001784                OTG_HS_IRQHandler
                0x08001784                EXTI1_IRQHandler
                0x08001784                USART2_IRQHandler
                0x08001784                I2C2_ER_IRQHandler
                0x08001784                DMA2_Stream1_IRQHandler
                0x08001784                CAN1_SCE_IRQHandler
                0x08001784                FLASH_IRQHandler
                0x08001784                DMA2_Stream4_IRQHandler
                0x08001784                USART1_IRQHandler
                0x08001784                OTG_FS_IRQHandler
                0x08001784                SPI3_IRQHandler
                0x08001784                DMA1_Stream4_IRQHandler
                0x08001784                I2C1_ER_IRQHandler
                0x08001784                DMA2_Stream6_IRQHandler
                0x08001784                DMA1_Stream3_IRQHandler
 *(.glue_7)
 .glue_7        0x08001786        0x0 linker stubs
 *(.glue_7t)
 .glue_7t       0x08001786        0x0 linker stubs
 *(.eh_frame)
 *fill*         0x08001786        0x2 
 .eh_frame      0x08001788        0x0 d:/tools/gcc-arm-none-eabi-10.3-2021.10/bin/../lib/gcc/arm-none-eabi/10.3.1/thumb/v7e-m+fp/hard/crtbegin.o
 *(.init)
 .init          0x08001788        0x4 d:/tools/gcc-arm-none-eabi-10.3-2021.10/bin/../lib/gcc/arm-none-eabi/10.3.1/thumb/v7e-m+fp/hard/crti.o
                0x08001788                _init
 .init          0x0800178c        0x8 d:/tools/gcc-arm-none-eabi-10.3-2021.10/bin/../lib/gcc/arm-none-eabi/10.3.1/thumb/v7e-m+fp/hard/crtn.o
 *(.fini)
 .fini          0x08001794        0x4 d:/tools/gcc-arm-none-eabi-10.3-2021.10/bin/../lib/gcc/arm-none-eabi/10.3.1/thumb/v7e-m+fp/hard/crti.o
                0x08001794                _fini
 .fini          0x08001798        0x8 d:/tools/gcc-arm-none-eabi-10.3-2021.10/bin/../lib/gcc/arm-none-eabi/10.3.1/thumb/v7e-m+fp/hard/crtn.o
                0x080017a0                . = ALIGN (0x4)
                0x080017a0                _etext = .

.vfp11_veneer   0x080017a0        0x0
 .vfp11_veneer  0x080017a0        0x0 linker stubs

.v4_bx          0x080017a0        0x0
 .v4_bx         0x080017a0        0x0 linker stubs

.iplt           0x080017a0        0x0
 .iplt          0x080017a0        0x0 d:/tools/gcc-arm-none-eabi-10.3-2021.10/bin/../lib/gcc/arm-none-eabi/10.3.1/thumb/v7e-m+fp/hard/crtbegin.o

.rodata         0x080017a0       0x10
                0x080017a0                . = ALIGN (0x4)
 *(.rodata)
 *(.rodata*)
 .rodata.AHBPrescTable
                0x080017a0       0x10 CMakeFiles/stm32f4xx_tftlcd.elf.dir/src/Core/Src/system_stm32f4xx.c.obj
                0x080017a0                AHBPrescTable
                0x080017b0                . = ALIGN (0x4)

.ARM.extab      0x080017b0        0x0
                0x080017b0                . = ALIGN (0x4)
 *(.ARM.extab* .gnu.linkonce.armextab.*)
                0x080017b0                . = ALIGN (0x4)

.ARM            0x080017b0        0x8
                0x080017b0                . = ALIGN (0x4)
                0x080017b0                __exidx_start = .
 *(.ARM.exidx*)
 .ARM.exidx     0x080017b0        0x8 d:/tools/gcc-arm-none-eabi-10.3-2021.10/bin/../lib/gcc/arm-none-eabi/10.3.1/thumb/v7e-m+fp/hard\libgcc.a(_udivmoddi4.o)
                0x080017b8                __exidx_end = .
                0x080017b8                . = ALIGN (0x4)

.rel.dyn        0x080017b8        0x0
 .rel.iplt      0x080017b8        0x0 d:/tools/gcc-arm-none-eabi-10.3-2021.10/bin/../lib/gcc/arm-none-eabi/10.3.1/thumb/v7e-m+fp/hard/crtbegin.o

.preinit_array  0x080017b8        0x0
                0x080017b8                . = ALIGN (0x4)
                0x080017b8                PROVIDE (__preinit_array_start = .)
 *(.preinit_array*)
                0x080017b8                PROVIDE (__preinit_array_end = .)
                0x080017b8                . = ALIGN (0x4)

.init_array     0x080017b8        0x4
                0x080017b8                . = ALIGN (0x4)
                0x080017b8                PROVIDE (__init_array_start = .)
 *(SORT_BY_NAME(.init_array.*))
 *(.init_array*)
 .init_array    0x080017b8        0x4 d:/tools/gcc-arm-none-eabi-10.3-2021.10/bin/../lib/gcc/arm-none-eabi/10.3.1/thumb/v7e-m+fp/hard/crtbegin.o
                0x080017bc                PROVIDE (__init_array_end = .)
                0x080017bc                . = ALIGN (0x4)

.fini_array     0x080017bc        0x4
                0x080017bc                . = ALIGN (0x4)
                [!provide]                PROVIDE (__fini_array_start = .)
 *(SORT_BY_NAME(.fini_array.*))
 *(.fini_array*)
 .fini_array    0x080017bc        0x4 d:/tools/gcc-arm-none-eabi-10.3-2021.10/bin/../lib/gcc/arm-none-eabi/10.3.1/thumb/v7e-m+fp/hard/crtbegin.o
                [!provide]                PROVIDE (__fini_array_end = .)
                0x080017c0                . = ALIGN (0x4)
                0x080017c0                _sidata = LOADADDR (.data)

.data           0x20000000        0xc load address 0x080017c0
                0x20000000                . = ALIGN (0x4)
                0x20000000                _sdata = .
 *(.data)
 *(.data*)
 .data.SystemCoreClock
                0x20000000        0x4 CMakeFiles/stm32f4xx_tftlcd.elf.dir/src/Core/Src/system_stm32f4xx.c.obj
                0x20000000                SystemCoreClock
 .data.uwTickPrio
                0x20000004        0x4 CMakeFiles/stm32f4xx_tftlcd.elf.dir/src/Drivers/STM32F4xx_HAL_Driver/Src/stm32f4xx_hal.c.obj
                0x20000004                uwTickPrio
 .data.uwTickFreq
                0x20000008        0x1 CMakeFiles/stm32f4xx_tftlcd.elf.dir/src/Drivers/STM32F4xx_HAL_Driver/Src/stm32f4xx_hal.c.obj
                0x20000008                uwTickFreq
 *(.RamFunc)
 *(.RamFunc*)
                0x2000000c                . = ALIGN (0x4)
 *fill*         0x20000009        0x3 
                0x2000000c                _edata = .
                0x080017cc                _siccmram = LOADADDR (.ccmram)

.igot.plt       0x2000000c        0x0 load address 0x080017cc
 .igot.plt      0x2000000c        0x0 d:/tools/gcc-arm-none-eabi-10.3-2021.10/bin/../lib/gcc/arm-none-eabi/10.3.1/thumb/v7e-m+fp/hard/crtbegin.o

.ccmram         0x10000000        0x0 load address 0x080017cc
                0x10000000                . = ALIGN (0x4)
                0x10000000                _sccmram = .
 *(.ccmram)
 *(.ccmram*)
                0x10000000                . = ALIGN (0x4)
                0x10000000                _eccmram = .
                0x10000000                . = ALIGN (0x4)

.bss            0x2000000c       0x20
                0x2000000c                _sbss = .
                0x2000000c                __bss_start__ = _sbss
 *(.bss)
 .bss           0x2000000c       0x1c d:/tools/gcc-arm-none-eabi-10.3-2021.10/bin/../lib/gcc/arm-none-eabi/10.3.1/thumb/v7e-m+fp/hard/crtbegin.o
 *(.bss*)
 .bss.uwTick    0x20000028        0x4 CMakeFiles/stm32f4xx_tftlcd.elf.dir/src/Drivers/STM32F4xx_HAL_Driver/Src/stm32f4xx_hal.c.obj
                0x20000028                uwTick
 *(COMMON)
                0x2000002c                . = ALIGN (0x4)
                0x2000002c                _ebss = .
                0x2000002c                __bss_end__ = _ebss

._user_heap_stack
                0x2000002c      0x604
                0x20000030                . = ALIGN (0x8)
 *fill*         0x2000002c        0x4 
                [!provide]                PROVIDE (end = .)
                0x20000030                PROVIDE (_end = .)
                0x20000230                . = (. + _Min_Heap_Size)
 *fill*         0x20000030      0x200 
                0x20000630                . = (. + _Min_Stack_Size)
 *fill*         0x20000230      0x400 
                0x20000630                . = ALIGN (0x8)

/DISCARD/
 libc.a(*)
 libm.a(*)
 libgcc.a(*)

.ARM.attributes
                0x00000000       0x30
 *(.ARM.attributes)
 .ARM.attributes
                0x00000000       0x1e d:/tools/gcc-arm-none-eabi-10.3-2021.10/bin/../lib/gcc/arm-none-eabi/10.3.1/thumb/v7e-m+fp/hard/crti.o
 .ARM.attributes
                0x0000001e       0x34 d:/tools/gcc-arm-none-eabi-10.3-2021.10/bin/../lib/gcc/arm-none-eabi/10.3.1/thumb/v7e-m+fp/hard/crtbegin.o
 .ARM.attributes
                0x00000052       0x34 d:/tools/gcc-arm-none-eabi-10.3-2021.10/bin/../lib/gcc/arm-none-eabi/10.3.1/../../../../arm-none-eabi/lib/thumb/v7e-m+fp/hard\libc_nano.a(lib_a-init.o)
 .ARM.attributes
                0x00000086       0x34 d:/tools/gcc-arm-none-eabi-10.3-2021.10/bin/../lib/gcc/arm-none-eabi/10.3.1/../../../../arm-none-eabi/lib/thumb/v7e-m+fp/hard\libc_nano.a(lib_a-memset.o)
 .ARM.attributes
                0x000000ba       0x34 CMakeFiles/stm32f4xx_tftlcd.elf.dir/src/Core/Src/gpio.c.obj
 .ARM.attributes
                0x000000ee       0x34 CMakeFiles/stm32f4xx_tftlcd.elf.dir/src/Core/Src/main.c.obj
 .ARM.attributes
                0x00000122       0x34 CMakeFiles/stm32f4xx_tftlcd.elf.dir/src/Core/Src/stm32f4xx_hal_msp.c.obj
 .ARM.attributes
                0x00000156       0x34 CMakeFiles/stm32f4xx_tftlcd.elf.dir/src/Core/Src/stm32f4xx_it.c.obj
 .ARM.attributes
                0x0000018a       0x34 CMakeFiles/stm32f4xx_tftlcd.elf.dir/src/Core/Src/system_stm32f4xx.c.obj
 .ARM.attributes
                0x000001be       0x34 CMakeFiles/stm32f4xx_tftlcd.elf.dir/src/Drivers/STM32F4xx_HAL_Driver/Src/stm32f4xx_hal.c.obj
 .ARM.attributes
                0x000001f2       0x34 CMakeFiles/stm32f4xx_tftlcd.elf.dir/src/Drivers/STM32F4xx_HAL_Driver/Src/stm32f4xx_hal_cortex.c.obj
 .ARM.attributes
                0x00000226       0x34 CMakeFiles/stm32f4xx_tftlcd.elf.dir/src/Drivers/STM32F4xx_HAL_Driver/Src/stm32f4xx_hal_gpio.c.obj
 .ARM.attributes
                0x0000025a       0x34 CMakeFiles/stm32f4xx_tftlcd.elf.dir/src/Drivers/STM32F4xx_HAL_Driver/Src/stm32f4xx_hal_rcc.c.obj
 .ARM.attributes
                0x0000028e       0x21 CMakeFiles/stm32f4xx_tftlcd.elf.dir/src/Core/Startup/startup_stm32f407igtx.s.obj
 .ARM.attributes
                0x000002af       0x1e d:/tools/gcc-arm-none-eabi-10.3-2021.10/bin/../lib/gcc/arm-none-eabi/10.3.1/thumb/v7e-m+fp/hard\libgcc.a(_aeabi_uldivmod.o)
 .ARM.attributes
                0x000002cd       0x34 d:/tools/gcc-arm-none-eabi-10.3-2021.10/bin/../lib/gcc/arm-none-eabi/10.3.1/thumb/v7e-m+fp/hard\libgcc.a(_udivmoddi4.o)
 .ARM.attributes
                0x00000301       0x1e d:/tools/gcc-arm-none-eabi-10.3-2021.10/bin/../lib/gcc/arm-none-eabi/10.3.1/thumb/v7e-m+fp/hard\libgcc.a(_dvmd_tls.o)
 .ARM.attributes
                0x0000031f       0x1e d:/tools/gcc-arm-none-eabi-10.3-2021.10/bin/../lib/gcc/arm-none-eabi/10.3.1/thumb/v7e-m+fp/hard/crtn.o
OUTPUT(stm32f4xx_tftlcd.elf elf32-littlearm)
LOAD linker stubs
LOAD d:/tools/gcc-arm-none-eabi-10.3-2021.10/bin/../lib/gcc/arm-none-eabi/10.3.1/../../../../arm-none-eabi/lib/thumb/v7e-m+fp/hard\libc.a
LOAD d:/tools/gcc-arm-none-eabi-10.3-2021.10/bin/../lib/gcc/arm-none-eabi/10.3.1/../../../../arm-none-eabi/lib/thumb/v7e-m+fp/hard\libm.a
LOAD d:/tools/gcc-arm-none-eabi-10.3-2021.10/bin/../lib/gcc/arm-none-eabi/10.3.1/thumb/v7e-m+fp/hard\libgcc.a

.debug_frame    0x00000000      0xe98
 .debug_frame   0x00000000       0x2c d:/tools/gcc-arm-none-eabi-10.3-2021.10/bin/../lib/gcc/arm-none-eabi/10.3.1/../../../../arm-none-eabi/lib/thumb/v7e-m+fp/hard\libc_nano.a(lib_a-init.o)
 .debug_frame   0x0000002c       0x20 d:/tools/gcc-arm-none-eabi-10.3-2021.10/bin/../lib/gcc/arm-none-eabi/10.3.1/../../../../arm-none-eabi/lib/thumb/v7e-m+fp/hard\libc_nano.a(lib_a-memset.o)
 .debug_frame   0x0000004c       0x34 CMakeFiles/stm32f4xx_tftlcd.elf.dir/src/Core/Src/gpio.c.obj
 .debug_frame   0x00000080       0x68 CMakeFiles/stm32f4xx_tftlcd.elf.dir/src/Core/Src/main.c.obj
 .debug_frame   0x000000e8       0x38 CMakeFiles/stm32f4xx_tftlcd.elf.dir/src/Core/Src/stm32f4xx_hal_msp.c.obj
 .debug_frame   0x00000120      0x104 CMakeFiles/stm32f4xx_tftlcd.elf.dir/src/Core/Src/stm32f4xx_it.c.obj
 .debug_frame   0x00000224       0x58 CMakeFiles/stm32f4xx_tftlcd.elf.dir/src/Core/Src/system_stm32f4xx.c.obj
 .debug_frame   0x0000027c      0x374 CMakeFiles/stm32f4xx_tftlcd.elf.dir/src/Drivers/STM32F4xx_HAL_Driver/Src/stm32f4xx_hal.c.obj
 .debug_frame   0x000005f0      0x508 CMakeFiles/stm32f4xx_tftlcd.elf.dir/src/Drivers/STM32F4xx_HAL_Driver/Src/stm32f4xx_hal_cortex.c.obj
 .debug_frame   0x00000af8      0x14c CMakeFiles/stm32f4xx_tftlcd.elf.dir/src/Drivers/STM32F4xx_HAL_Driver/Src/stm32f4xx_hal_gpio.c.obj
 .debug_frame   0x00000c44      0x1f4 CMakeFiles/stm32f4xx_tftlcd.elf.dir/src/Drivers/STM32F4xx_HAL_Driver/Src/stm32f4xx_hal_rcc.c.obj
 .debug_frame   0x00000e38       0x2c d:/tools/gcc-arm-none-eabi-10.3-2021.10/bin/../lib/gcc/arm-none-eabi/10.3.1/thumb/v7e-m+fp/hard\libgcc.a(_aeabi_uldivmod.o)
 .debug_frame   0x00000e64       0x34 d:/tools/gcc-arm-none-eabi-10.3-2021.10/bin/../lib/gcc/arm-none-eabi/10.3.1/thumb/v7e-m+fp/hard\libgcc.a(_udivmoddi4.o)

.debug_info     0x00000000     0x3ae9
 .debug_info    0x00000000      0x443 CMakeFiles/stm32f4xx_tftlcd.elf.dir/src/Core/Src/gpio.c.obj
 .debug_info    0x00000443      0x590 CMakeFiles/stm32f4xx_tftlcd.elf.dir/src/Core/Src/main.c.obj
 .debug_info    0x000009d3      0x2a8 CMakeFiles/stm32f4xx_tftlcd.elf.dir/src/Core/Src/stm32f4xx_hal_msp.c.obj
 .debug_info    0x00000c7b      0x119 CMakeFiles/stm32f4xx_tftlcd.elf.dir/src/Core/Src/stm32f4xx_it.c.obj
 .debug_info    0x00000d94      0x51c CMakeFiles/stm32f4xx_tftlcd.elf.dir/src/Core/Src/system_stm32f4xx.c.obj
 .debug_info    0x000012b0      0x929 CMakeFiles/stm32f4xx_tftlcd.elf.dir/src/Drivers/STM32F4xx_HAL_Driver/Src/stm32f4xx_hal.c.obj
 .debug_info    0x00001bd9      0xe63 CMakeFiles/stm32f4xx_tftlcd.elf.dir/src/Drivers/STM32F4xx_HAL_Driver/Src/stm32f4xx_hal_cortex.c.obj
 .debug_info    0x00002a3c      0x76a CMakeFiles/stm32f4xx_tftlcd.elf.dir/src/Drivers/STM32F4xx_HAL_Driver/Src/stm32f4xx_hal_gpio.c.obj
 .debug_info    0x000031a6      0x921 CMakeFiles/stm32f4xx_tftlcd.elf.dir/src/Drivers/STM32F4xx_HAL_Driver/Src/stm32f4xx_hal_rcc.c.obj
 .debug_info    0x00003ac7       0x22 CMakeFiles/stm32f4xx_tftlcd.elf.dir/src/Core/Startup/startup_stm32f407igtx.s.obj

.debug_abbrev   0x00000000      0xe08
 .debug_abbrev  0x00000000      0x121 CMakeFiles/stm32f4xx_tftlcd.elf.dir/src/Core/Src/gpio.c.obj
 .debug_abbrev  0x00000121      0x17d CMakeFiles/stm32f4xx_tftlcd.elf.dir/src/Core/Src/main.c.obj
 .debug_abbrev  0x0000029e       0xd4 CMakeFiles/stm32f4xx_tftlcd.elf.dir/src/Core/Src/stm32f4xx_hal_msp.c.obj
 .debug_abbrev  0x00000372       0x61 CMakeFiles/stm32f4xx_tftlcd.elf.dir/src/Core/Src/stm32f4xx_it.c.obj
 .debug_abbrev  0x000003d3      0x116 CMakeFiles/stm32f4xx_tftlcd.elf.dir/src/Core/Src/system_stm32f4xx.c.obj
 .debug_abbrev  0x000004e9      0x1da CMakeFiles/stm32f4xx_tftlcd.elf.dir/src/Drivers/STM32F4xx_HAL_Driver/Src/stm32f4xx_hal.c.obj
 .debug_abbrev  0x000006c3      0x30d CMakeFiles/stm32f4xx_tftlcd.elf.dir/src/Drivers/STM32F4xx_HAL_Driver/Src/stm32f4xx_hal_cortex.c.obj
 .debug_abbrev  0x000009d0      0x1c4 CMakeFiles/stm32f4xx_tftlcd.elf.dir/src/Drivers/STM32F4xx_HAL_Driver/Src/stm32f4xx_hal_gpio.c.obj
 .debug_abbrev  0x00000b94      0x262 CMakeFiles/stm32f4xx_tftlcd.elf.dir/src/Drivers/STM32F4xx_HAL_Driver/Src/stm32f4xx_hal_rcc.c.obj
 .debug_abbrev  0x00000df6       0x12 CMakeFiles/stm32f4xx_tftlcd.elf.dir/src/Core/Startup/startup_stm32f407igtx.s.obj

.debug_aranges  0x00000000      0x420
 .debug_aranges
                0x00000000       0x20 CMakeFiles/stm32f4xx_tftlcd.elf.dir/src/Core/Src/gpio.c.obj
 .debug_aranges
                0x00000020       0x30 CMakeFiles/stm32f4xx_tftlcd.elf.dir/src/Core/Src/main.c.obj
 .debug_aranges
                0x00000050       0x20 CMakeFiles/stm32f4xx_tftlcd.elf.dir/src/Core/Src/stm32f4xx_hal_msp.c.obj
 .debug_aranges
                0x00000070       0x60 CMakeFiles/stm32f4xx_tftlcd.elf.dir/src/Core/Src/stm32f4xx_it.c.obj
 .debug_aranges
                0x000000d0       0x28 CMakeFiles/stm32f4xx_tftlcd.elf.dir/src/Core/Src/system_stm32f4xx.c.obj
 .debug_aranges
                0x000000f8       0xf0 CMakeFiles/stm32f4xx_tftlcd.elf.dir/src/Drivers/STM32F4xx_HAL_Driver/Src/stm32f4xx_hal.c.obj
 .debug_aranges
                0x000001e8      0x130 CMakeFiles/stm32f4xx_tftlcd.elf.dir/src/Drivers/STM32F4xx_HAL_Driver/Src/stm32f4xx_hal_cortex.c.obj
 .debug_aranges
                0x00000318       0x58 CMakeFiles/stm32f4xx_tftlcd.elf.dir/src/Drivers/STM32F4xx_HAL_Driver/Src/stm32f4xx_hal_gpio.c.obj
 .debug_aranges
                0x00000370       0x88 CMakeFiles/stm32f4xx_tftlcd.elf.dir/src/Drivers/STM32F4xx_HAL_Driver/Src/stm32f4xx_hal_rcc.c.obj
 .debug_aranges
                0x000003f8       0x28 CMakeFiles/stm32f4xx_tftlcd.elf.dir/src/Core/Startup/startup_stm32f407igtx.s.obj

.debug_ranges   0x00000000      0x388
 .debug_ranges  0x00000000       0x10 CMakeFiles/stm32f4xx_tftlcd.elf.dir/src/Core/Src/gpio.c.obj
 .debug_ranges  0x00000010       0x20 CMakeFiles/stm32f4xx_tftlcd.elf.dir/src/Core/Src/main.c.obj
 .debug_ranges  0x00000030       0x10 CMakeFiles/stm32f4xx_tftlcd.elf.dir/src/Core/Src/stm32f4xx_hal_msp.c.obj
 .debug_ranges  0x00000040       0x50 CMakeFiles/stm32f4xx_tftlcd.elf.dir/src/Core/Src/stm32f4xx_it.c.obj
 .debug_ranges  0x00000090       0x18 CMakeFiles/stm32f4xx_tftlcd.elf.dir/src/Core/Src/system_stm32f4xx.c.obj
 .debug_ranges  0x000000a8       0xe0 CMakeFiles/stm32f4xx_tftlcd.elf.dir/src/Drivers/STM32F4xx_HAL_Driver/Src/stm32f4xx_hal.c.obj
 .debug_ranges  0x00000188      0x120 CMakeFiles/stm32f4xx_tftlcd.elf.dir/src/Drivers/STM32F4xx_HAL_Driver/Src/stm32f4xx_hal_cortex.c.obj
 .debug_ranges  0x000002a8       0x48 CMakeFiles/stm32f4xx_tftlcd.elf.dir/src/Drivers/STM32F4xx_HAL_Driver/Src/stm32f4xx_hal_gpio.c.obj
 .debug_ranges  0x000002f0       0x78 CMakeFiles/stm32f4xx_tftlcd.elf.dir/src/Drivers/STM32F4xx_HAL_Driver/Src/stm32f4xx_hal_rcc.c.obj
 .debug_ranges  0x00000368       0x20 CMakeFiles/stm32f4xx_tftlcd.elf.dir/src/Core/Startup/startup_stm32f407igtx.s.obj

.debug_macro    0x00000000    0x1ee46
 .debug_macro   0x00000000      0x1bf CMakeFiles/stm32f4xx_tftlcd.elf.dir/src/Core/Src/gpio.c.obj
 .debug_macro   0x000001bf      0xa6c CMakeFiles/stm32f4xx_tftlcd.elf.dir/src/Core/Src/gpio.c.obj
 .debug_macro   0x00000c2b      0x28f CMakeFiles/stm32f4xx_tftlcd.elf.dir/src/Core/Src/gpio.c.obj
 .debug_macro   0x00000eba       0x2e CMakeFiles/stm32f4xx_tftlcd.elf.dir/src/Core/Src/gpio.c.obj
 .debug_macro   0x00000ee8       0x2f CMakeFiles/stm32f4xx_tftlcd.elf.dir/src/Core/Src/gpio.c.obj
 .debug_macro   0x00000f17       0x22 CMakeFiles/stm32f4xx_tftlcd.elf.dir/src/Core/Src/gpio.c.obj
 .debug_macro   0x00000f39       0x8e CMakeFiles/stm32f4xx_tftlcd.elf.dir/src/Core/Src/gpio.c.obj
 .debug_macro   0x00000fc7       0x51 CMakeFiles/stm32f4xx_tftlcd.elf.dir/src/Core/Src/gpio.c.obj
 .debug_macro   0x00001018      0x103 CMakeFiles/stm32f4xx_tftlcd.elf.dir/src/Core/Src/gpio.c.obj
 .debug_macro   0x0000111b       0x6a CMakeFiles/stm32f4xx_tftlcd.elf.dir/src/Core/Src/gpio.c.obj
 .debug_macro   0x00001185      0x1df CMakeFiles/stm32f4xx_tftlcd.elf.dir/src/Core/Src/gpio.c.obj
 .debug_macro   0x00001364       0x1c CMakeFiles/stm32f4xx_tftlcd.elf.dir/src/Core/Src/gpio.c.obj
 .debug_macro   0x00001380       0x22 CMakeFiles/stm32f4xx_tftlcd.elf.dir/src/Core/Src/gpio.c.obj
 .debug_macro   0x000013a2       0xfb CMakeFiles/stm32f4xx_tftlcd.elf.dir/src/Core/Src/gpio.c.obj
 .debug_macro   0x0000149d     0x1011 CMakeFiles/stm32f4xx_tftlcd.elf.dir/src/Core/Src/gpio.c.obj
 .debug_macro   0x000024ae      0x11f CMakeFiles/stm32f4xx_tftlcd.elf.dir/src/Core/Src/gpio.c.obj
 .debug_macro   0x000025cd    0x15e97 CMakeFiles/stm32f4xx_tftlcd.elf.dir/src/Core/Src/gpio.c.obj
 .debug_macro   0x00018464       0x6d CMakeFiles/stm32f4xx_tftlcd.elf.dir/src/Core/Src/gpio.c.obj
 .debug_macro   0x000184d1     0x369a CMakeFiles/stm32f4xx_tftlcd.elf.dir/src/Core/Src/gpio.c.obj
 .debug_macro   0x0001bb6b      0x174 CMakeFiles/stm32f4xx_tftlcd.elf.dir/src/Core/Src/gpio.c.obj
 .debug_macro   0x0001bcdf       0x5c CMakeFiles/stm32f4xx_tftlcd.elf.dir/src/Core/Src/gpio.c.obj
 .debug_macro   0x0001bd3b      0x980 CMakeFiles/stm32f4xx_tftlcd.elf.dir/src/Core/Src/gpio.c.obj
 .debug_macro   0x0001c6bb      0x9e9 CMakeFiles/stm32f4xx_tftlcd.elf.dir/src/Core/Src/gpio.c.obj
 .debug_macro   0x0001d0a4      0x115 CMakeFiles/stm32f4xx_tftlcd.elf.dir/src/Core/Src/gpio.c.obj
 .debug_macro   0x0001d1b9      0x13e CMakeFiles/stm32f4xx_tftlcd.elf.dir/src/Core/Src/gpio.c.obj
 .debug_macro   0x0001d2f7       0xa5 CMakeFiles/stm32f4xx_tftlcd.elf.dir/src/Core/Src/gpio.c.obj
 .debug_macro   0x0001d39c      0x174 CMakeFiles/stm32f4xx_tftlcd.elf.dir/src/Core/Src/gpio.c.obj
 .debug_macro   0x0001d510      0x287 CMakeFiles/stm32f4xx_tftlcd.elf.dir/src/Core/Src/gpio.c.obj
 .debug_macro   0x0001d797       0x5f CMakeFiles/stm32f4xx_tftlcd.elf.dir/src/Core/Src/gpio.c.obj
 .debug_macro   0x0001d7f6      0x236 CMakeFiles/stm32f4xx_tftlcd.elf.dir/src/Core/Src/gpio.c.obj
 .debug_macro   0x0001da2c      0x12c CMakeFiles/stm32f4xx_tftlcd.elf.dir/src/Core/Src/gpio.c.obj
 .debug_macro   0x0001db58      0x21e CMakeFiles/stm32f4xx_tftlcd.elf.dir/src/Core/Src/gpio.c.obj
 .debug_macro   0x0001dd76       0x2e CMakeFiles/stm32f4xx_tftlcd.elf.dir/src/Core/Src/gpio.c.obj
 .debug_macro   0x0001dda4      0x127 CMakeFiles/stm32f4xx_tftlcd.elf.dir/src/Core/Src/gpio.c.obj
 .debug_macro   0x0001decb       0x7e CMakeFiles/stm32f4xx_tftlcd.elf.dir/src/Core/Src/gpio.c.obj
 .debug_macro   0x0001df49       0x89 CMakeFiles/stm32f4xx_tftlcd.elf.dir/src/Core/Src/gpio.c.obj
 .debug_macro   0x0001dfd2      0x12d CMakeFiles/stm32f4xx_tftlcd.elf.dir/src/Core/Src/gpio.c.obj
 .debug_macro   0x0001e0ff      0x1c3 CMakeFiles/stm32f4xx_tftlcd.elf.dir/src/Core/Src/main.c.obj
 .debug_macro   0x0001e2c2      0x1b5 CMakeFiles/stm32f4xx_tftlcd.elf.dir/src/Core/Src/stm32f4xx_hal_msp.c.obj
 .debug_macro   0x0001e477      0x1bf CMakeFiles/stm32f4xx_tftlcd.elf.dir/src/Core/Src/stm32f4xx_it.c.obj
 .debug_macro   0x0001e636       0xda CMakeFiles/stm32f4xx_tftlcd.elf.dir/src/Core/Src/system_stm32f4xx.c.obj
 .debug_macro   0x0001e710      0x20b CMakeFiles/stm32f4xx_tftlcd.elf.dir/src/Drivers/STM32F4xx_HAL_Driver/Src/stm32f4xx_hal.c.obj
 .debug_macro   0x0001e91b      0x1ab CMakeFiles/stm32f4xx_tftlcd.elf.dir/src/Drivers/STM32F4xx_HAL_Driver/Src/stm32f4xx_hal_cortex.c.obj
 .debug_macro   0x0001eac6      0x1b1 CMakeFiles/stm32f4xx_tftlcd.elf.dir/src/Drivers/STM32F4xx_HAL_Driver/Src/stm32f4xx_hal_gpio.c.obj
 .debug_macro   0x0001ec77      0x1cf CMakeFiles/stm32f4xx_tftlcd.elf.dir/src/Drivers/STM32F4xx_HAL_Driver/Src/stm32f4xx_hal_rcc.c.obj

.debug_line     0x00000000     0x4501
 .debug_line    0x00000000      0x5a7 CMakeFiles/stm32f4xx_tftlcd.elf.dir/src/Core/Src/gpio.c.obj
 .debug_line    0x000005a7      0x60c CMakeFiles/stm32f4xx_tftlcd.elf.dir/src/Core/Src/main.c.obj
 .debug_line    0x00000bb3      0x574 CMakeFiles/stm32f4xx_tftlcd.elf.dir/src/Core/Src/stm32f4xx_hal_msp.c.obj
 .debug_line    0x00001127      0x637 CMakeFiles/stm32f4xx_tftlcd.elf.dir/src/Core/Src/stm32f4xx_it.c.obj
 .debug_line    0x0000175e      0x38c CMakeFiles/stm32f4xx_tftlcd.elf.dir/src/Core/Src/system_stm32f4xx.c.obj
 .debug_line    0x00001aea      0x85c CMakeFiles/stm32f4xx_tftlcd.elf.dir/src/Drivers/STM32F4xx_HAL_Driver/Src/stm32f4xx_hal.c.obj
 .debug_line    0x00002346      0xb56 CMakeFiles/stm32f4xx_tftlcd.elf.dir/src/Drivers/STM32F4xx_HAL_Driver/Src/stm32f4xx_hal_cortex.c.obj
 .debug_line    0x00002e9c      0x9d0 CMakeFiles/stm32f4xx_tftlcd.elf.dir/src/Drivers/STM32F4xx_HAL_Driver/Src/stm32f4xx_hal_gpio.c.obj
 .debug_line    0x0000386c      0xbee CMakeFiles/stm32f4xx_tftlcd.elf.dir/src/Drivers/STM32F4xx_HAL_Driver/Src/stm32f4xx_hal_rcc.c.obj
 .debug_line    0x0000445a       0xa7 CMakeFiles/stm32f4xx_tftlcd.elf.dir/src/Core/Startup/startup_stm32f407igtx.s.obj

.debug_str      0x00000000    0xbc3a1
 .debug_str     0x00000000    0xbac3d CMakeFiles/stm32f4xx_tftlcd.elf.dir/src/Core/Src/gpio.c.obj
                              0xbaeb0 (size before relaxing)
 .debug_str     0x000bac3d      0x1ab CMakeFiles/stm32f4xx_tftlcd.elf.dir/src/Core/Src/main.c.obj
                              0xbafee (size before relaxing)
 .debug_str     0x000bade8       0x4b CMakeFiles/stm32f4xx_tftlcd.elf.dir/src/Core/Src/stm32f4xx_hal_msp.c.obj
                              0xbae13 (size before relaxing)
 .debug_str     0x000bae33       0xdc CMakeFiles/stm32f4xx_tftlcd.elf.dir/src/Core/Src/stm32f4xx_it.c.obj
                              0xbad8d (size before relaxing)
 .debug_str     0x000baf0f      0x138 CMakeFiles/stm32f4xx_tftlcd.elf.dir/src/Core/Src/system_stm32f4xx.c.obj
                              0x8845b (size before relaxing)
 .debug_str     0x000bb047      0xafe CMakeFiles/stm32f4xx_tftlcd.elf.dir/src/Drivers/STM32F4xx_HAL_Driver/Src/stm32f4xx_hal.c.obj
                              0xbb9f8 (size before relaxing)
 .debug_str     0x000bbb45      0x411 CMakeFiles/stm32f4xx_tftlcd.elf.dir/src/Drivers/STM32F4xx_HAL_Driver/Src/stm32f4xx_hal_cortex.c.obj
                              0xbb7c3 (size before relaxing)
 .debug_str     0x000bbf56      0x17e CMakeFiles/stm32f4xx_tftlcd.elf.dir/src/Drivers/STM32F4xx_HAL_Driver/Src/stm32f4xx_hal_gpio.c.obj
                              0xbb03e (size before relaxing)
 .debug_str     0x000bc0d4      0x278 CMakeFiles/stm32f4xx_tftlcd.elf.dir/src/Drivers/STM32F4xx_HAL_Driver/Src/stm32f4xx_hal_rcc.c.obj
                              0xbb2d0 (size before relaxing)
 .debug_str     0x000bc34c       0x55 CMakeFiles/stm32f4xx_tftlcd.elf.dir/src/Core/Startup/startup_stm32f407igtx.s.obj
                                 0x79 (size before relaxing)

.comment        0x00000000       0x49
 .comment       0x00000000       0x49 CMakeFiles/stm32f4xx_tftlcd.elf.dir/src/Core/Src/gpio.c.obj
                                 0x4a (size before relaxing)
 .comment       0x00000049       0x4a CMakeFiles/stm32f4xx_tftlcd.elf.dir/src/Core/Src/main.c.obj
 .comment       0x00000049       0x4a CMakeFiles/stm32f4xx_tftlcd.elf.dir/src/Core/Src/stm32f4xx_hal_msp.c.obj
 .comment       0x00000049       0x4a CMakeFiles/stm32f4xx_tftlcd.elf.dir/src/Core/Src/stm32f4xx_it.c.obj
 .comment       0x00000049       0x4a CMakeFiles/stm32f4xx_tftlcd.elf.dir/src/Core/Src/system_stm32f4xx.c.obj
 .comment       0x00000049       0x4a CMakeFiles/stm32f4xx_tftlcd.elf.dir/src/Drivers/STM32F4xx_HAL_Driver/Src/stm32f4xx_hal.c.obj
 .comment       0x00000049       0x4a CMakeFiles/stm32f4xx_tftlcd.elf.dir/src/Drivers/STM32F4xx_HAL_Driver/Src/stm32f4xx_hal_cortex.c.obj
 .comment       0x00000049       0x4a CMakeFiles/stm32f4xx_tftlcd.elf.dir/src/Drivers/STM32F4xx_HAL_Driver/Src/stm32f4xx_hal_gpio.c.obj
 .comment       0x00000049       0x4a CMakeFiles/stm32f4xx_tftlcd.elf.dir/src/Drivers/STM32F4xx_HAL_Driver/Src/stm32f4xx_hal_rcc.c.obj

Cross Reference Table

Symbol                                            File
ADC_IRQHandler                                    CMakeFiles/stm32f4xx_tftlcd.elf.dir/src/Core/Startup/startup_stm32f407igtx.s.obj
AHBPrescTable                                     CMakeFiles/stm32f4xx_tftlcd.elf.dir/src/Core/Src/system_stm32f4xx.c.obj
                                                  CMakeFiles/stm32f4xx_tftlcd.elf.dir/src/Drivers/STM32F4xx_HAL_Driver/Src/stm32f4xx_hal_rcc.c.obj
APBPrescTable                                     CMakeFiles/stm32f4xx_tftlcd.elf.dir/src/Core/Src/system_stm32f4xx.c.obj
                                                  CMakeFiles/stm32f4xx_tftlcd.elf.dir/src/Drivers/STM32F4xx_HAL_Driver/Src/stm32f4xx_hal_rcc.c.obj
BusFault_Handler                                  CMakeFiles/stm32f4xx_tftlcd.elf.dir/src/Core/Src/stm32f4xx_it.c.obj
CAN1_RX0_IRQHandler                               CMakeFiles/stm32f4xx_tftlcd.elf.dir/src/Core/Startup/startup_stm32f407igtx.s.obj
CAN1_RX1_IRQHandler                               CMakeFiles/stm32f4xx_tftlcd.elf.dir/src/Core/Startup/startup_stm32f407igtx.s.obj
CAN1_SCE_IRQHandler                               CMakeFiles/stm32f4xx_tftlcd.elf.dir/src/Core/Startup/startup_stm32f407igtx.s.obj
CAN1_TX_IRQHandler                                CMakeFiles/stm32f4xx_tftlcd.elf.dir/src/Core/Startup/startup_stm32f407igtx.s.obj
CAN2_RX0_IRQHandler                               CMakeFiles/stm32f4xx_tftlcd.elf.dir/src/Core/Startup/startup_stm32f407igtx.s.obj
CAN2_RX1_IRQHandler                               CMakeFiles/stm32f4xx_tftlcd.elf.dir/src/Core/Startup/startup_stm32f407igtx.s.obj
CAN2_SCE_IRQHandler                               CMakeFiles/stm32f4xx_tftlcd.elf.dir/src/Core/Startup/startup_stm32f407igtx.s.obj
CAN2_TX_IRQHandler                                CMakeFiles/stm32f4xx_tftlcd.elf.dir/src/Core/Startup/startup_stm32f407igtx.s.obj
DCMI_IRQHandler                                   CMakeFiles/stm32f4xx_tftlcd.elf.dir/src/Core/Startup/startup_stm32f407igtx.s.obj
DMA1_Stream0_IRQHandler                           CMakeFiles/stm32f4xx_tftlcd.elf.dir/src/Core/Startup/startup_stm32f407igtx.s.obj
DMA1_Stream1_IRQHandler                           CMakeFiles/stm32f4xx_tftlcd.elf.dir/src/Core/Startup/startup_stm32f407igtx.s.obj
DMA1_Stream2_IRQHandler                           CMakeFiles/stm32f4xx_tftlcd.elf.dir/src/Core/Startup/startup_stm32f407igtx.s.obj
DMA1_Stream3_IRQHandler                           CMakeFiles/stm32f4xx_tftlcd.elf.dir/src/Core/Startup/startup_stm32f407igtx.s.obj
DMA1_Stream4_IRQHandler                           CMakeFiles/stm32f4xx_tftlcd.elf.dir/src/Core/Startup/startup_stm32f407igtx.s.obj
DMA1_Stream5_IRQHandler                           CMakeFiles/stm32f4xx_tftlcd.elf.dir/src/Core/Startup/startup_stm32f407igtx.s.obj
DMA1_Stream6_IRQHandler                           CMakeFiles/stm32f4xx_tftlcd.elf.dir/src/Core/Startup/startup_stm32f407igtx.s.obj
DMA1_Stream7_IRQHandler                           CMakeFiles/stm32f4xx_tftlcd.elf.dir/src/Core/Startup/startup_stm32f407igtx.s.obj
DMA2_Stream0_IRQHandler                           CMakeFiles/stm32f4xx_tftlcd.elf.dir/src/Core/Startup/startup_stm32f407igtx.s.obj
DMA2_Stream1_IRQHandler                           CMakeFiles/stm32f4xx_tftlcd.elf.dir/src/Core/Startup/startup_stm32f407igtx.s.obj
DMA2_Stream2_IRQHandler                           CMakeFiles/stm32f4xx_tftlcd.elf.dir/src/Core/Startup/startup_stm32f407igtx.s.obj
DMA2_Stream3_IRQHandler                           CMakeFiles/stm32f4xx_tftlcd.elf.dir/src/Core/Startup/startup_stm32f407igtx.s.obj
DMA2_Stream4_IRQHandler                           CMakeFiles/stm32f4xx_tftlcd.elf.dir/src/Core/Startup/startup_stm32f407igtx.s.obj
DMA2_Stream5_IRQHandler                           CMakeFiles/stm32f4xx_tftlcd.elf.dir/src/Core/Startup/startup_stm32f407igtx.s.obj
DMA2_Stream6_IRQHandler                           CMakeFiles/stm32f4xx_tftlcd.elf.dir/src/Core/Startup/startup_stm32f407igtx.s.obj
DMA2_Stream7_IRQHandler                           CMakeFiles/stm32f4xx_tftlcd.elf.dir/src/Core/Startup/startup_stm32f407igtx.s.obj
DebugMon_Handler                                  CMakeFiles/stm32f4xx_tftlcd.elf.dir/src/Core/Src/stm32f4xx_it.c.obj
Default_Handler                                   CMakeFiles/stm32f4xx_tftlcd.elf.dir/src/Core/Startup/startup_stm32f407igtx.s.obj
ETH_IRQHandler                                    CMakeFiles/stm32f4xx_tftlcd.elf.dir/src/Core/Startup/startup_stm32f407igtx.s.obj
ETH_WKUP_IRQHandler                               CMakeFiles/stm32f4xx_tftlcd.elf.dir/src/Core/Startup/startup_stm32f407igtx.s.obj
EXTI0_IRQHandler                                  CMakeFiles/stm32f4xx_tftlcd.elf.dir/src/Core/Startup/startup_stm32f407igtx.s.obj
EXTI15_10_IRQHandler                              CMakeFiles/stm32f4xx_tftlcd.elf.dir/src/Core/Startup/startup_stm32f407igtx.s.obj
EXTI1_IRQHandler                                  CMakeFiles/stm32f4xx_tftlcd.elf.dir/src/Core/Startup/startup_stm32f407igtx.s.obj
EXTI2_IRQHandler                                  CMakeFiles/stm32f4xx_tftlcd.elf.dir/src/Core/Startup/startup_stm32f407igtx.s.obj
EXTI3_IRQHandler                                  CMakeFiles/stm32f4xx_tftlcd.elf.dir/src/Core/Startup/startup_stm32f407igtx.s.obj
EXTI4_IRQHandler                                  CMakeFiles/stm32f4xx_tftlcd.elf.dir/src/Core/Startup/startup_stm32f407igtx.s.obj
EXTI9_5_IRQHandler                                CMakeFiles/stm32f4xx_tftlcd.elf.dir/src/Core/Startup/startup_stm32f407igtx.s.obj
Error_Handler                                     CMakeFiles/stm32f4xx_tftlcd.elf.dir/src/Core/Src/main.c.obj
FLASH_Erase_Sector                                CMakeFiles/stm32f4xx_tftlcd.elf.dir/src/Drivers/STM32F4xx_HAL_Driver/Src/stm32f4xx_hal_flash_ex.c.obj
                                                  CMakeFiles/stm32f4xx_tftlcd.elf.dir/src/Drivers/STM32F4xx_HAL_Driver/Src/stm32f4xx_hal_flash.c.obj
FLASH_FlushCaches                                 CMakeFiles/stm32f4xx_tftlcd.elf.dir/src/Drivers/STM32F4xx_HAL_Driver/Src/stm32f4xx_hal_flash_ex.c.obj
                                                  CMakeFiles/stm32f4xx_tftlcd.elf.dir/src/Drivers/STM32F4xx_HAL_Driver/Src/stm32f4xx_hal_flash.c.obj
FLASH_IRQHandler                                  CMakeFiles/stm32f4xx_tftlcd.elf.dir/src/Core/Startup/startup_stm32f407igtx.s.obj
FLASH_WaitForLastOperation                        CMakeFiles/stm32f4xx_tftlcd.elf.dir/src/Drivers/STM32F4xx_HAL_Driver/Src/stm32f4xx_hal_flash.c.obj
                                                  CMakeFiles/stm32f4xx_tftlcd.elf.dir/src/Drivers/STM32F4xx_HAL_Driver/Src/stm32f4xx_hal_flash_ex.c.obj
FPU_IRQHandler                                    CMakeFiles/stm32f4xx_tftlcd.elf.dir/src/Core/Startup/startup_stm32f407igtx.s.obj
FSMC_IRQHandler                                   CMakeFiles/stm32f4xx_tftlcd.elf.dir/src/Core/Startup/startup_stm32f407igtx.s.obj
HAL_CORTEX_ClearEvent                             CMakeFiles/stm32f4xx_tftlcd.elf.dir/src/Drivers/STM32F4xx_HAL_Driver/Src/stm32f4xx_hal_cortex.c.obj
HAL_DBGMCU_DisableDBGSleepMode                    CMakeFiles/stm32f4xx_tftlcd.elf.dir/src/Drivers/STM32F4xx_HAL_Driver/Src/stm32f4xx_hal.c.obj
HAL_DBGMCU_DisableDBGStandbyMode                  CMakeFiles/stm32f4xx_tftlcd.elf.dir/src/Drivers/STM32F4xx_HAL_Driver/Src/stm32f4xx_hal.c.obj
HAL_DBGMCU_DisableDBGStopMode                     CMakeFiles/stm32f4xx_tftlcd.elf.dir/src/Drivers/STM32F4xx_HAL_Driver/Src/stm32f4xx_hal.c.obj
HAL_DBGMCU_EnableDBGSleepMode                     CMakeFiles/stm32f4xx_tftlcd.elf.dir/src/Drivers/STM32F4xx_HAL_Driver/Src/stm32f4xx_hal.c.obj
HAL_DBGMCU_EnableDBGStandbyMode                   CMakeFiles/stm32f4xx_tftlcd.elf.dir/src/Drivers/STM32F4xx_HAL_Driver/Src/stm32f4xx_hal.c.obj
HAL_DBGMCU_EnableDBGStopMode                      CMakeFiles/stm32f4xx_tftlcd.elf.dir/src/Drivers/STM32F4xx_HAL_Driver/Src/stm32f4xx_hal.c.obj
HAL_DMAEx_ChangeMemory                            CMakeFiles/stm32f4xx_tftlcd.elf.dir/src/Drivers/STM32F4xx_HAL_Driver/Src/stm32f4xx_hal_dma_ex.c.obj
HAL_DMAEx_MultiBufferStart                        CMakeFiles/stm32f4xx_tftlcd.elf.dir/src/Drivers/STM32F4xx_HAL_Driver/Src/stm32f4xx_hal_dma_ex.c.obj
HAL_DMAEx_MultiBufferStart_IT                     CMakeFiles/stm32f4xx_tftlcd.elf.dir/src/Drivers/STM32F4xx_HAL_Driver/Src/stm32f4xx_hal_dma_ex.c.obj
HAL_DMA_Abort                                     CMakeFiles/stm32f4xx_tftlcd.elf.dir/src/Drivers/STM32F4xx_HAL_Driver/Src/stm32f4xx_hal_dma.c.obj
HAL_DMA_Abort_IT                                  CMakeFiles/stm32f4xx_tftlcd.elf.dir/src/Drivers/STM32F4xx_HAL_Driver/Src/stm32f4xx_hal_dma.c.obj
HAL_DMA_DeInit                                    CMakeFiles/stm32f4xx_tftlcd.elf.dir/src/Drivers/STM32F4xx_HAL_Driver/Src/stm32f4xx_hal_dma.c.obj
HAL_DMA_GetError                                  CMakeFiles/stm32f4xx_tftlcd.elf.dir/src/Drivers/STM32F4xx_HAL_Driver/Src/stm32f4xx_hal_dma.c.obj
HAL_DMA_GetState                                  CMakeFiles/stm32f4xx_tftlcd.elf.dir/src/Drivers/STM32F4xx_HAL_Driver/Src/stm32f4xx_hal_dma.c.obj
HAL_DMA_IRQHandler                                CMakeFiles/stm32f4xx_tftlcd.elf.dir/src/Drivers/STM32F4xx_HAL_Driver/Src/stm32f4xx_hal_dma.c.obj
HAL_DMA_Init                                      CMakeFiles/stm32f4xx_tftlcd.elf.dir/src/Drivers/STM32F4xx_HAL_Driver/Src/stm32f4xx_hal_dma.c.obj
HAL_DMA_PollForTransfer                           CMakeFiles/stm32f4xx_tftlcd.elf.dir/src/Drivers/STM32F4xx_HAL_Driver/Src/stm32f4xx_hal_dma.c.obj
HAL_DMA_RegisterCallback                          CMakeFiles/stm32f4xx_tftlcd.elf.dir/src/Drivers/STM32F4xx_HAL_Driver/Src/stm32f4xx_hal_dma.c.obj
HAL_DMA_Start                                     CMakeFiles/stm32f4xx_tftlcd.elf.dir/src/Drivers/STM32F4xx_HAL_Driver/Src/stm32f4xx_hal_dma.c.obj
HAL_DMA_Start_IT                                  CMakeFiles/stm32f4xx_tftlcd.elf.dir/src/Drivers/STM32F4xx_HAL_Driver/Src/stm32f4xx_hal_dma.c.obj
HAL_DMA_UnRegisterCallback                        CMakeFiles/stm32f4xx_tftlcd.elf.dir/src/Drivers/STM32F4xx_HAL_Driver/Src/stm32f4xx_hal_dma.c.obj
HAL_DeInit                                        CMakeFiles/stm32f4xx_tftlcd.elf.dir/src/Drivers/STM32F4xx_HAL_Driver/Src/stm32f4xx_hal.c.obj
HAL_Delay                                         CMakeFiles/stm32f4xx_tftlcd.elf.dir/src/Drivers/STM32F4xx_HAL_Driver/Src/stm32f4xx_hal.c.obj
HAL_DisableCompensationCell                       CMakeFiles/stm32f4xx_tftlcd.elf.dir/src/Drivers/STM32F4xx_HAL_Driver/Src/stm32f4xx_hal.c.obj
HAL_EXTI_ClearConfigLine                          CMakeFiles/stm32f4xx_tftlcd.elf.dir/src/Drivers/STM32F4xx_HAL_Driver/Src/stm32f4xx_hal_exti.c.obj
HAL_EXTI_ClearPending                             CMakeFiles/stm32f4xx_tftlcd.elf.dir/src/Drivers/STM32F4xx_HAL_Driver/Src/stm32f4xx_hal_exti.c.obj
HAL_EXTI_GenerateSWI                              CMakeFiles/stm32f4xx_tftlcd.elf.dir/src/Drivers/STM32F4xx_HAL_Driver/Src/stm32f4xx_hal_exti.c.obj
HAL_EXTI_GetConfigLine                            CMakeFiles/stm32f4xx_tftlcd.elf.dir/src/Drivers/STM32F4xx_HAL_Driver/Src/stm32f4xx_hal_exti.c.obj
HAL_EXTI_GetHandle                                CMakeFiles/stm32f4xx_tftlcd.elf.dir/src/Drivers/STM32F4xx_HAL_Driver/Src/stm32f4xx_hal_exti.c.obj
HAL_EXTI_GetPending                               CMakeFiles/stm32f4xx_tftlcd.elf.dir/src/Drivers/STM32F4xx_HAL_Driver/Src/stm32f4xx_hal_exti.c.obj
HAL_EXTI_IRQHandler                               CMakeFiles/stm32f4xx_tftlcd.elf.dir/src/Drivers/STM32F4xx_HAL_Driver/Src/stm32f4xx_hal_exti.c.obj
HAL_EXTI_RegisterCallback                         CMakeFiles/stm32f4xx_tftlcd.elf.dir/src/Drivers/STM32F4xx_HAL_Driver/Src/stm32f4xx_hal_exti.c.obj
HAL_EXTI_SetConfigLine                            CMakeFiles/stm32f4xx_tftlcd.elf.dir/src/Drivers/STM32F4xx_HAL_Driver/Src/stm32f4xx_hal_exti.c.obj
HAL_EnableCompensationCell                        CMakeFiles/stm32f4xx_tftlcd.elf.dir/src/Drivers/STM32F4xx_HAL_Driver/Src/stm32f4xx_hal.c.obj
HAL_FLASHEx_Erase                                 CMakeFiles/stm32f4xx_tftlcd.elf.dir/src/Drivers/STM32F4xx_HAL_Driver/Src/stm32f4xx_hal_flash_ex.c.obj
HAL_FLASHEx_Erase_IT                              CMakeFiles/stm32f4xx_tftlcd.elf.dir/src/Drivers/STM32F4xx_HAL_Driver/Src/stm32f4xx_hal_flash_ex.c.obj
HAL_FLASHEx_OBGetConfig                           CMakeFiles/stm32f4xx_tftlcd.elf.dir/src/Drivers/STM32F4xx_HAL_Driver/Src/stm32f4xx_hal_flash_ex.c.obj
HAL_FLASHEx_OBProgram                             CMakeFiles/stm32f4xx_tftlcd.elf.dir/src/Drivers/STM32F4xx_HAL_Driver/Src/stm32f4xx_hal_flash_ex.c.obj
HAL_FLASH_EndOfOperationCallback                  CMakeFiles/stm32f4xx_tftlcd.elf.dir/src/Drivers/STM32F4xx_HAL_Driver/Src/stm32f4xx_hal_flash.c.obj
HAL_FLASH_GetError                                CMakeFiles/stm32f4xx_tftlcd.elf.dir/src/Drivers/STM32F4xx_HAL_Driver/Src/stm32f4xx_hal_flash.c.obj
HAL_FLASH_IRQHandler                              CMakeFiles/stm32f4xx_tftlcd.elf.dir/src/Drivers/STM32F4xx_HAL_Driver/Src/stm32f4xx_hal_flash.c.obj
HAL_FLASH_Lock                                    CMakeFiles/stm32f4xx_tftlcd.elf.dir/src/Drivers/STM32F4xx_HAL_Driver/Src/stm32f4xx_hal_flash.c.obj
HAL_FLASH_OB_Launch                               CMakeFiles/stm32f4xx_tftlcd.elf.dir/src/Drivers/STM32F4xx_HAL_Driver/Src/stm32f4xx_hal_flash.c.obj
HAL_FLASH_OB_Lock                                 CMakeFiles/stm32f4xx_tftlcd.elf.dir/src/Drivers/STM32F4xx_HAL_Driver/Src/stm32f4xx_hal_flash.c.obj
HAL_FLASH_OB_Unlock                               CMakeFiles/stm32f4xx_tftlcd.elf.dir/src/Drivers/STM32F4xx_HAL_Driver/Src/stm32f4xx_hal_flash.c.obj
HAL_FLASH_OperationErrorCallback                  CMakeFiles/stm32f4xx_tftlcd.elf.dir/src/Drivers/STM32F4xx_HAL_Driver/Src/stm32f4xx_hal_flash.c.obj
HAL_FLASH_Program                                 CMakeFiles/stm32f4xx_tftlcd.elf.dir/src/Drivers/STM32F4xx_HAL_Driver/Src/stm32f4xx_hal_flash.c.obj
HAL_FLASH_Program_IT                              CMakeFiles/stm32f4xx_tftlcd.elf.dir/src/Drivers/STM32F4xx_HAL_Driver/Src/stm32f4xx_hal_flash.c.obj
HAL_FLASH_Unlock                                  CMakeFiles/stm32f4xx_tftlcd.elf.dir/src/Drivers/STM32F4xx_HAL_Driver/Src/stm32f4xx_hal_flash.c.obj
HAL_GPIO_DeInit                                   CMakeFiles/stm32f4xx_tftlcd.elf.dir/src/Drivers/STM32F4xx_HAL_Driver/Src/stm32f4xx_hal_gpio.c.obj
HAL_GPIO_EXTI_Callback                            CMakeFiles/stm32f4xx_tftlcd.elf.dir/src/Drivers/STM32F4xx_HAL_Driver/Src/stm32f4xx_hal_gpio.c.obj
HAL_GPIO_EXTI_IRQHandler                          CMakeFiles/stm32f4xx_tftlcd.elf.dir/src/Drivers/STM32F4xx_HAL_Driver/Src/stm32f4xx_hal_gpio.c.obj
HAL_GPIO_Init                                     CMakeFiles/stm32f4xx_tftlcd.elf.dir/src/Drivers/STM32F4xx_HAL_Driver/Src/stm32f4xx_hal_gpio.c.obj
                                                  CMakeFiles/stm32f4xx_tftlcd.elf.dir/src/Drivers/STM32F4xx_HAL_Driver/Src/stm32f4xx_hal_rcc.c.obj
                                                  CMakeFiles/stm32f4xx_tftlcd.elf.dir/src/Core/Src/gpio.c.obj
HAL_GPIO_LockPin                                  CMakeFiles/stm32f4xx_tftlcd.elf.dir/src/Drivers/STM32F4xx_HAL_Driver/Src/stm32f4xx_hal_gpio.c.obj
HAL_GPIO_ReadPin                                  CMakeFiles/stm32f4xx_tftlcd.elf.dir/src/Drivers/STM32F4xx_HAL_Driver/Src/stm32f4xx_hal_gpio.c.obj
                                                  CMakeFiles/stm32f4xx_tftlcd.elf.dir/src/Core/Src/main.c.obj
HAL_GPIO_TogglePin                                CMakeFiles/stm32f4xx_tftlcd.elf.dir/src/Drivers/STM32F4xx_HAL_Driver/Src/stm32f4xx_hal_gpio.c.obj
HAL_GPIO_WritePin                                 CMakeFiles/stm32f4xx_tftlcd.elf.dir/src/Drivers/STM32F4xx_HAL_Driver/Src/stm32f4xx_hal_gpio.c.obj
                                                  CMakeFiles/stm32f4xx_tftlcd.elf.dir/src/Core/Src/main.c.obj
                                                  CMakeFiles/stm32f4xx_tftlcd.elf.dir/src/Core/Src/gpio.c.obj
HAL_GetDEVID                                      CMakeFiles/stm32f4xx_tftlcd.elf.dir/src/Drivers/STM32F4xx_HAL_Driver/Src/stm32f4xx_hal.c.obj
HAL_GetHalVersion                                 CMakeFiles/stm32f4xx_tftlcd.elf.dir/src/Drivers/STM32F4xx_HAL_Driver/Src/stm32f4xx_hal.c.obj
HAL_GetREVID                                      CMakeFiles/stm32f4xx_tftlcd.elf.dir/src/Drivers/STM32F4xx_HAL_Driver/Src/stm32f4xx_hal.c.obj
HAL_GetTick                                       CMakeFiles/stm32f4xx_tftlcd.elf.dir/src/Drivers/STM32F4xx_HAL_Driver/Src/stm32f4xx_hal.c.obj
                                                  CMakeFiles/stm32f4xx_tftlcd.elf.dir/src/Drivers/STM32F4xx_HAL_Driver/Src/stm32f4xx_hal_rcc_ex.c.obj
                                                  CMakeFiles/stm32f4xx_tftlcd.elf.dir/src/Drivers/STM32F4xx_HAL_Driver/Src/stm32f4xx_hal_rcc.c.obj
                                                  CMakeFiles/stm32f4xx_tftlcd.elf.dir/src/Drivers/STM32F4xx_HAL_Driver/Src/stm32f4xx_hal_pwr_ex.c.obj
                                                  CMakeFiles/stm32f4xx_tftlcd.elf.dir/src/Drivers/STM32F4xx_HAL_Driver/Src/stm32f4xx_hal_flash.c.obj
                                                  CMakeFiles/stm32f4xx_tftlcd.elf.dir/src/Drivers/STM32F4xx_HAL_Driver/Src/stm32f4xx_hal_dma.c.obj
HAL_GetTickFreq                                   CMakeFiles/stm32f4xx_tftlcd.elf.dir/src/Drivers/STM32F4xx_HAL_Driver/Src/stm32f4xx_hal.c.obj
HAL_GetTickPrio                                   CMakeFiles/stm32f4xx_tftlcd.elf.dir/src/Drivers/STM32F4xx_HAL_Driver/Src/stm32f4xx_hal.c.obj
HAL_GetUIDw0                                      CMakeFiles/stm32f4xx_tftlcd.elf.dir/src/Drivers/STM32F4xx_HAL_Driver/Src/stm32f4xx_hal.c.obj
HAL_GetUIDw1                                      CMakeFiles/stm32f4xx_tftlcd.elf.dir/src/Drivers/STM32F4xx_HAL_Driver/Src/stm32f4xx_hal.c.obj
HAL_GetUIDw2                                      CMakeFiles/stm32f4xx_tftlcd.elf.dir/src/Drivers/STM32F4xx_HAL_Driver/Src/stm32f4xx_hal.c.obj
HAL_IncTick                                       CMakeFiles/stm32f4xx_tftlcd.elf.dir/src/Drivers/STM32F4xx_HAL_Driver/Src/stm32f4xx_hal.c.obj
                                                  CMakeFiles/stm32f4xx_tftlcd.elf.dir/src/Core/Src/stm32f4xx_it.c.obj
HAL_Init                                          CMakeFiles/stm32f4xx_tftlcd.elf.dir/src/Drivers/STM32F4xx_HAL_Driver/Src/stm32f4xx_hal.c.obj
                                                  CMakeFiles/stm32f4xx_tftlcd.elf.dir/src/Core/Src/main.c.obj
HAL_InitTick                                      CMakeFiles/stm32f4xx_tftlcd.elf.dir/src/Drivers/STM32F4xx_HAL_Driver/Src/stm32f4xx_hal.c.obj
                                                  CMakeFiles/stm32f4xx_tftlcd.elf.dir/src/Drivers/STM32F4xx_HAL_Driver/Src/stm32f4xx_hal_rcc_ex.c.obj
                                                  CMakeFiles/stm32f4xx_tftlcd.elf.dir/src/Drivers/STM32F4xx_HAL_Driver/Src/stm32f4xx_hal_rcc.c.obj
HAL_MPU_ConfigRegion                              CMakeFiles/stm32f4xx_tftlcd.elf.dir/src/Drivers/STM32F4xx_HAL_Driver/Src/stm32f4xx_hal_cortex.c.obj
HAL_MPU_Disable                                   CMakeFiles/stm32f4xx_tftlcd.elf.dir/src/Drivers/STM32F4xx_HAL_Driver/Src/stm32f4xx_hal_cortex.c.obj
HAL_MPU_DisableRegion                             CMakeFiles/stm32f4xx_tftlcd.elf.dir/src/Drivers/STM32F4xx_HAL_Driver/Src/stm32f4xx_hal_cortex.c.obj
HAL_MPU_Enable                                    CMakeFiles/stm32f4xx_tftlcd.elf.dir/src/Drivers/STM32F4xx_HAL_Driver/Src/stm32f4xx_hal_cortex.c.obj
HAL_MPU_EnableRegion                              CMakeFiles/stm32f4xx_tftlcd.elf.dir/src/Drivers/STM32F4xx_HAL_Driver/Src/stm32f4xx_hal_cortex.c.obj
HAL_MspDeInit                                     CMakeFiles/stm32f4xx_tftlcd.elf.dir/src/Drivers/STM32F4xx_HAL_Driver/Src/stm32f4xx_hal.c.obj
HAL_MspInit                                       CMakeFiles/stm32f4xx_tftlcd.elf.dir/src/Core/Src/stm32f4xx_hal_msp.c.obj
HAL_NVIC_ClearPendingIRQ                          CMakeFiles/stm32f4xx_tftlcd.elf.dir/src/Drivers/STM32F4xx_HAL_Driver/Src/stm32f4xx_hal_cortex.c.obj
HAL_NVIC_DisableIRQ                               CMakeFiles/stm32f4xx_tftlcd.elf.dir/src/Drivers/STM32F4xx_HAL_Driver/Src/stm32f4xx_hal_cortex.c.obj
HAL_NVIC_EnableIRQ                                CMakeFiles/stm32f4xx_tftlcd.elf.dir/src/Drivers/STM32F4xx_HAL_Driver/Src/stm32f4xx_hal_cortex.c.obj
HAL_NVIC_GetActive                                CMakeFiles/stm32f4xx_tftlcd.elf.dir/src/Drivers/STM32F4xx_HAL_Driver/Src/stm32f4xx_hal_cortex.c.obj
HAL_NVIC_GetPendingIRQ                            CMakeFiles/stm32f4xx_tftlcd.elf.dir/src/Drivers/STM32F4xx_HAL_Driver/Src/stm32f4xx_hal_cortex.c.obj
HAL_NVIC_GetPriority                              CMakeFiles/stm32f4xx_tftlcd.elf.dir/src/Drivers/STM32F4xx_HAL_Driver/Src/stm32f4xx_hal_cortex.c.obj
HAL_NVIC_GetPriorityGrouping                      CMakeFiles/stm32f4xx_tftlcd.elf.dir/src/Drivers/STM32F4xx_HAL_Driver/Src/stm32f4xx_hal_cortex.c.obj
HAL_NVIC_SetPendingIRQ                            CMakeFiles/stm32f4xx_tftlcd.elf.dir/src/Drivers/STM32F4xx_HAL_Driver/Src/stm32f4xx_hal_cortex.c.obj
HAL_NVIC_SetPriority                              CMakeFiles/stm32f4xx_tftlcd.elf.dir/src/Drivers/STM32F4xx_HAL_Driver/Src/stm32f4xx_hal_cortex.c.obj
                                                  CMakeFiles/stm32f4xx_tftlcd.elf.dir/src/Drivers/STM32F4xx_HAL_Driver/Src/stm32f4xx_hal.c.obj
HAL_NVIC_SetPriorityGrouping                      CMakeFiles/stm32f4xx_tftlcd.elf.dir/src/Drivers/STM32F4xx_HAL_Driver/Src/stm32f4xx_hal_cortex.c.obj
                                                  CMakeFiles/stm32f4xx_tftlcd.elf.dir/src/Drivers/STM32F4xx_HAL_Driver/Src/stm32f4xx_hal.c.obj
HAL_NVIC_SystemReset                              CMakeFiles/stm32f4xx_tftlcd.elf.dir/src/Drivers/STM32F4xx_HAL_Driver/Src/stm32f4xx_hal_cortex.c.obj
HAL_PWREx_ControlVoltageScaling                   CMakeFiles/stm32f4xx_tftlcd.elf.dir/src/Drivers/STM32F4xx_HAL_Driver/Src/stm32f4xx_hal_pwr_ex.c.obj
HAL_PWREx_DisableBkUpReg                          CMakeFiles/stm32f4xx_tftlcd.elf.dir/src/Drivers/STM32F4xx_HAL_Driver/Src/stm32f4xx_hal_pwr_ex.c.obj
HAL_PWREx_DisableFlashPowerDown                   CMakeFiles/stm32f4xx_tftlcd.elf.dir/src/Drivers/STM32F4xx_HAL_Driver/Src/stm32f4xx_hal_pwr_ex.c.obj
HAL_PWREx_EnableBkUpReg                           CMakeFiles/stm32f4xx_tftlcd.elf.dir/src/Drivers/STM32F4xx_HAL_Driver/Src/stm32f4xx_hal_pwr_ex.c.obj
HAL_PWREx_EnableFlashPowerDown                    CMakeFiles/stm32f4xx_tftlcd.elf.dir/src/Drivers/STM32F4xx_HAL_Driver/Src/stm32f4xx_hal_pwr_ex.c.obj
HAL_PWREx_GetVoltageRange                         CMakeFiles/stm32f4xx_tftlcd.elf.dir/src/Drivers/STM32F4xx_HAL_Driver/Src/stm32f4xx_hal_pwr_ex.c.obj
HAL_PWR_ConfigPVD                                 CMakeFiles/stm32f4xx_tftlcd.elf.dir/src/Drivers/STM32F4xx_HAL_Driver/Src/stm32f4xx_hal_pwr.c.obj
HAL_PWR_DeInit                                    CMakeFiles/stm32f4xx_tftlcd.elf.dir/src/Drivers/STM32F4xx_HAL_Driver/Src/stm32f4xx_hal_pwr.c.obj
HAL_PWR_DisableBkUpAccess                         CMakeFiles/stm32f4xx_tftlcd.elf.dir/src/Drivers/STM32F4xx_HAL_Driver/Src/stm32f4xx_hal_pwr.c.obj
HAL_PWR_DisablePVD                                CMakeFiles/stm32f4xx_tftlcd.elf.dir/src/Drivers/STM32F4xx_HAL_Driver/Src/stm32f4xx_hal_pwr.c.obj
HAL_PWR_DisableSEVOnPend                          CMakeFiles/stm32f4xx_tftlcd.elf.dir/src/Drivers/STM32F4xx_HAL_Driver/Src/stm32f4xx_hal_pwr.c.obj
HAL_PWR_DisableSleepOnExit                        CMakeFiles/stm32f4xx_tftlcd.elf.dir/src/Drivers/STM32F4xx_HAL_Driver/Src/stm32f4xx_hal_pwr.c.obj
HAL_PWR_DisableWakeUpPin                          CMakeFiles/stm32f4xx_tftlcd.elf.dir/src/Drivers/STM32F4xx_HAL_Driver/Src/stm32f4xx_hal_pwr.c.obj
HAL_PWR_EnableBkUpAccess                          CMakeFiles/stm32f4xx_tftlcd.elf.dir/src/Drivers/STM32F4xx_HAL_Driver/Src/stm32f4xx_hal_pwr.c.obj
HAL_PWR_EnablePVD                                 CMakeFiles/stm32f4xx_tftlcd.elf.dir/src/Drivers/STM32F4xx_HAL_Driver/Src/stm32f4xx_hal_pwr.c.obj
HAL_PWR_EnableSEVOnPend                           CMakeFiles/stm32f4xx_tftlcd.elf.dir/src/Drivers/STM32F4xx_HAL_Driver/Src/stm32f4xx_hal_pwr.c.obj
HAL_PWR_EnableSleepOnExit                         CMakeFiles/stm32f4xx_tftlcd.elf.dir/src/Drivers/STM32F4xx_HAL_Driver/Src/stm32f4xx_hal_pwr.c.obj
HAL_PWR_EnableWakeUpPin                           CMakeFiles/stm32f4xx_tftlcd.elf.dir/src/Drivers/STM32F4xx_HAL_Driver/Src/stm32f4xx_hal_pwr.c.obj
HAL_PWR_EnterSLEEPMode                            CMakeFiles/stm32f4xx_tftlcd.elf.dir/src/Drivers/STM32F4xx_HAL_Driver/Src/stm32f4xx_hal_pwr.c.obj
HAL_PWR_EnterSTANDBYMode                          CMakeFiles/stm32f4xx_tftlcd.elf.dir/src/Drivers/STM32F4xx_HAL_Driver/Src/stm32f4xx_hal_pwr.c.obj
HAL_PWR_EnterSTOPMode                             CMakeFiles/stm32f4xx_tftlcd.elf.dir/src/Drivers/STM32F4xx_HAL_Driver/Src/stm32f4xx_hal_pwr.c.obj
HAL_PWR_PVDCallback                               CMakeFiles/stm32f4xx_tftlcd.elf.dir/src/Drivers/STM32F4xx_HAL_Driver/Src/stm32f4xx_hal_pwr.c.obj
HAL_PWR_PVD_IRQHandler                            CMakeFiles/stm32f4xx_tftlcd.elf.dir/src/Drivers/STM32F4xx_HAL_Driver/Src/stm32f4xx_hal_pwr.c.obj
HAL_RCCEx_DisablePLLI2S                           CMakeFiles/stm32f4xx_tftlcd.elf.dir/src/Drivers/STM32F4xx_HAL_Driver/Src/stm32f4xx_hal_rcc_ex.c.obj
HAL_RCCEx_EnablePLLI2S                            CMakeFiles/stm32f4xx_tftlcd.elf.dir/src/Drivers/STM32F4xx_HAL_Driver/Src/stm32f4xx_hal_rcc_ex.c.obj
HAL_RCCEx_GetPeriphCLKConfig                      CMakeFiles/stm32f4xx_tftlcd.elf.dir/src/Drivers/STM32F4xx_HAL_Driver/Src/stm32f4xx_hal_rcc_ex.c.obj
HAL_RCCEx_GetPeriphCLKFreq                        CMakeFiles/stm32f4xx_tftlcd.elf.dir/src/Drivers/STM32F4xx_HAL_Driver/Src/stm32f4xx_hal_rcc_ex.c.obj
HAL_RCCEx_PeriphCLKConfig                         CMakeFiles/stm32f4xx_tftlcd.elf.dir/src/Drivers/STM32F4xx_HAL_Driver/Src/stm32f4xx_hal_rcc_ex.c.obj
HAL_RCC_CSSCallback                               CMakeFiles/stm32f4xx_tftlcd.elf.dir/src/Drivers/STM32F4xx_HAL_Driver/Src/stm32f4xx_hal_rcc.c.obj
HAL_RCC_ClockConfig                               CMakeFiles/stm32f4xx_tftlcd.elf.dir/src/Drivers/STM32F4xx_HAL_Driver/Src/stm32f4xx_hal_rcc.c.obj
                                                  CMakeFiles/stm32f4xx_tftlcd.elf.dir/src/Core/Src/main.c.obj
HAL_RCC_DeInit                                    CMakeFiles/stm32f4xx_tftlcd.elf.dir/src/Drivers/STM32F4xx_HAL_Driver/Src/stm32f4xx_hal_rcc_ex.c.obj
                                                  CMakeFiles/stm32f4xx_tftlcd.elf.dir/src/Drivers/STM32F4xx_HAL_Driver/Src/stm32f4xx_hal_rcc.c.obj
HAL_RCC_DisableCSS                                CMakeFiles/stm32f4xx_tftlcd.elf.dir/src/Drivers/STM32F4xx_HAL_Driver/Src/stm32f4xx_hal_rcc.c.obj
HAL_RCC_EnableCSS                                 CMakeFiles/stm32f4xx_tftlcd.elf.dir/src/Drivers/STM32F4xx_HAL_Driver/Src/stm32f4xx_hal_rcc.c.obj
HAL_RCC_GetClockConfig                            CMakeFiles/stm32f4xx_tftlcd.elf.dir/src/Drivers/STM32F4xx_HAL_Driver/Src/stm32f4xx_hal_rcc.c.obj
HAL_RCC_GetHCLKFreq                               CMakeFiles/stm32f4xx_tftlcd.elf.dir/src/Drivers/STM32F4xx_HAL_Driver/Src/stm32f4xx_hal_rcc.c.obj
HAL_RCC_GetOscConfig                              CMakeFiles/stm32f4xx_tftlcd.elf.dir/src/Drivers/STM32F4xx_HAL_Driver/Src/stm32f4xx_hal_rcc.c.obj
HAL_RCC_GetPCLK1Freq                              CMakeFiles/stm32f4xx_tftlcd.elf.dir/src/Drivers/STM32F4xx_HAL_Driver/Src/stm32f4xx_hal_rcc.c.obj
HAL_RCC_GetPCLK2Freq                              CMakeFiles/stm32f4xx_tftlcd.elf.dir/src/Drivers/STM32F4xx_HAL_Driver/Src/stm32f4xx_hal_rcc.c.obj
HAL_RCC_GetSysClockFreq                           CMakeFiles/stm32f4xx_tftlcd.elf.dir/src/Drivers/STM32F4xx_HAL_Driver/Src/stm32f4xx_hal_rcc.c.obj
HAL_RCC_MCOConfig                                 CMakeFiles/stm32f4xx_tftlcd.elf.dir/src/Drivers/STM32F4xx_HAL_Driver/Src/stm32f4xx_hal_rcc.c.obj
HAL_RCC_NMI_IRQHandler                            CMakeFiles/stm32f4xx_tftlcd.elf.dir/src/Drivers/STM32F4xx_HAL_Driver/Src/stm32f4xx_hal_rcc.c.obj
HAL_RCC_OscConfig                                 CMakeFiles/stm32f4xx_tftlcd.elf.dir/src/Drivers/STM32F4xx_HAL_Driver/Src/stm32f4xx_hal_rcc.c.obj
                                                  CMakeFiles/stm32f4xx_tftlcd.elf.dir/src/Core/Src/main.c.obj
HAL_ResumeTick                                    CMakeFiles/stm32f4xx_tftlcd.elf.dir/src/Drivers/STM32F4xx_HAL_Driver/Src/stm32f4xx_hal.c.obj
HAL_SYSTICK_CLKSourceConfig                       CMakeFiles/stm32f4xx_tftlcd.elf.dir/src/Drivers/STM32F4xx_HAL_Driver/Src/stm32f4xx_hal_cortex.c.obj
HAL_SYSTICK_Callback                              CMakeFiles/stm32f4xx_tftlcd.elf.dir/src/Drivers/STM32F4xx_HAL_Driver/Src/stm32f4xx_hal_cortex.c.obj
HAL_SYSTICK_Config                                CMakeFiles/stm32f4xx_tftlcd.elf.dir/src/Drivers/STM32F4xx_HAL_Driver/Src/stm32f4xx_hal_cortex.c.obj
                                                  CMakeFiles/stm32f4xx_tftlcd.elf.dir/src/Drivers/STM32F4xx_HAL_Driver/Src/stm32f4xx_hal.c.obj
HAL_SYSTICK_IRQHandler                            CMakeFiles/stm32f4xx_tftlcd.elf.dir/src/Drivers/STM32F4xx_HAL_Driver/Src/stm32f4xx_hal_cortex.c.obj
HAL_SetTickFreq                                   CMakeFiles/stm32f4xx_tftlcd.elf.dir/src/Drivers/STM32F4xx_HAL_Driver/Src/stm32f4xx_hal.c.obj
HAL_SuspendTick                                   CMakeFiles/stm32f4xx_tftlcd.elf.dir/src/Drivers/STM32F4xx_HAL_Driver/Src/stm32f4xx_hal.c.obj
HASH_RNG_IRQHandler                               CMakeFiles/stm32f4xx_tftlcd.elf.dir/src/Core/Startup/startup_stm32f407igtx.s.obj
HardFault_Handler                                 CMakeFiles/stm32f4xx_tftlcd.elf.dir/src/Core/Src/stm32f4xx_it.c.obj
I2C1_ER_IRQHandler                                CMakeFiles/stm32f4xx_tftlcd.elf.dir/src/Core/Startup/startup_stm32f407igtx.s.obj
I2C1_EV_IRQHandler                                CMakeFiles/stm32f4xx_tftlcd.elf.dir/src/Core/Startup/startup_stm32f407igtx.s.obj
I2C2_ER_IRQHandler                                CMakeFiles/stm32f4xx_tftlcd.elf.dir/src/Core/Startup/startup_stm32f407igtx.s.obj
I2C2_EV_IRQHandler                                CMakeFiles/stm32f4xx_tftlcd.elf.dir/src/Core/Startup/startup_stm32f407igtx.s.obj
I2C3_ER_IRQHandler                                CMakeFiles/stm32f4xx_tftlcd.elf.dir/src/Core/Startup/startup_stm32f407igtx.s.obj
I2C3_EV_IRQHandler                                CMakeFiles/stm32f4xx_tftlcd.elf.dir/src/Core/Startup/startup_stm32f407igtx.s.obj
MX_GPIO_Init                                      CMakeFiles/stm32f4xx_tftlcd.elf.dir/src/Core/Src/gpio.c.obj
                                                  CMakeFiles/stm32f4xx_tftlcd.elf.dir/src/Core/Src/main.c.obj
MemManage_Handler                                 CMakeFiles/stm32f4xx_tftlcd.elf.dir/src/Core/Src/stm32f4xx_it.c.obj
NMI_Handler                                       CMakeFiles/stm32f4xx_tftlcd.elf.dir/src/Core/Src/stm32f4xx_it.c.obj
OTG_FS_IRQHandler                                 CMakeFiles/stm32f4xx_tftlcd.elf.dir/src/Core/Startup/startup_stm32f407igtx.s.obj
OTG_FS_WKUP_IRQHandler                            CMakeFiles/stm32f4xx_tftlcd.elf.dir/src/Core/Startup/startup_stm32f407igtx.s.obj
OTG_HS_EP1_IN_IRQHandler                          CMakeFiles/stm32f4xx_tftlcd.elf.dir/src/Core/Startup/startup_stm32f407igtx.s.obj
OTG_HS_EP1_OUT_IRQHandler                         CMakeFiles/stm32f4xx_tftlcd.elf.dir/src/Core/Startup/startup_stm32f407igtx.s.obj
OTG_HS_IRQHandler                                 CMakeFiles/stm32f4xx_tftlcd.elf.dir/src/Core/Startup/startup_stm32f407igtx.s.obj
OTG_HS_WKUP_IRQHandler                            CMakeFiles/stm32f4xx_tftlcd.elf.dir/src/Core/Startup/startup_stm32f407igtx.s.obj
PVD_IRQHandler                                    CMakeFiles/stm32f4xx_tftlcd.elf.dir/src/Core/Startup/startup_stm32f407igtx.s.obj
PendSV_Handler                                    CMakeFiles/stm32f4xx_tftlcd.elf.dir/src/Core/Src/stm32f4xx_it.c.obj
RCC_IRQHandler                                    CMakeFiles/stm32f4xx_tftlcd.elf.dir/src/Core/Startup/startup_stm32f407igtx.s.obj
RTC_Alarm_IRQHandler                              CMakeFiles/stm32f4xx_tftlcd.elf.dir/src/Core/Startup/startup_stm32f407igtx.s.obj
RTC_WKUP_IRQHandler                               CMakeFiles/stm32f4xx_tftlcd.elf.dir/src/Core/Startup/startup_stm32f407igtx.s.obj
Reset_Handler                                     CMakeFiles/stm32f4xx_tftlcd.elf.dir/src/Core/Startup/startup_stm32f407igtx.s.obj
SDIO_IRQHandler                                   CMakeFiles/stm32f4xx_tftlcd.elf.dir/src/Core/Startup/startup_stm32f407igtx.s.obj
SPI1_IRQHandler                                   CMakeFiles/stm32f4xx_tftlcd.elf.dir/src/Core/Startup/startup_stm32f407igtx.s.obj
SPI2_IRQHandler                                   CMakeFiles/stm32f4xx_tftlcd.elf.dir/src/Core/Startup/startup_stm32f407igtx.s.obj
SPI3_IRQHandler                                   CMakeFiles/stm32f4xx_tftlcd.elf.dir/src/Core/Startup/startup_stm32f407igtx.s.obj
SVC_Handler                                       CMakeFiles/stm32f4xx_tftlcd.elf.dir/src/Core/Src/stm32f4xx_it.c.obj
SysTick_Handler                                   CMakeFiles/stm32f4xx_tftlcd.elf.dir/src/Core/Src/stm32f4xx_it.c.obj
SystemClock_Config                                CMakeFiles/stm32f4xx_tftlcd.elf.dir/src/Core/Src/main.c.obj
SystemCoreClock                                   CMakeFiles/stm32f4xx_tftlcd.elf.dir/src/Core/Src/system_stm32f4xx.c.obj
                                                  CMakeFiles/stm32f4xx_tftlcd.elf.dir/src/Drivers/STM32F4xx_HAL_Driver/Src/stm32f4xx_hal_rcc_ex.c.obj
                                                  CMakeFiles/stm32f4xx_tftlcd.elf.dir/src/Drivers/STM32F4xx_HAL_Driver/Src/stm32f4xx_hal_rcc.c.obj
                                                  CMakeFiles/stm32f4xx_tftlcd.elf.dir/src/Drivers/STM32F4xx_HAL_Driver/Src/stm32f4xx_hal_dma.c.obj
                                                  CMakeFiles/stm32f4xx_tftlcd.elf.dir/src/Drivers/STM32F4xx_HAL_Driver/Src/stm32f4xx_hal.c.obj
SystemCoreClockUpdate                             CMakeFiles/stm32f4xx_tftlcd.elf.dir/src/Core/Src/system_stm32f4xx.c.obj
SystemInit                                        CMakeFiles/stm32f4xx_tftlcd.elf.dir/src/Core/Src/system_stm32f4xx.c.obj
                                                  CMakeFiles/stm32f4xx_tftlcd.elf.dir/src/Core/Startup/startup_stm32f407igtx.s.obj
TAMP_STAMP_IRQHandler                             CMakeFiles/stm32f4xx_tftlcd.elf.dir/src/Core/Startup/startup_stm32f407igtx.s.obj
TIM1_BRK_TIM9_IRQHandler                          CMakeFiles/stm32f4xx_tftlcd.elf.dir/src/Core/Startup/startup_stm32f407igtx.s.obj
TIM1_CC_IRQHandler                                CMakeFiles/stm32f4xx_tftlcd.elf.dir/src/Core/Startup/startup_stm32f407igtx.s.obj
TIM1_TRG_COM_TIM11_IRQHandler                     CMakeFiles/stm32f4xx_tftlcd.elf.dir/src/Core/Startup/startup_stm32f407igtx.s.obj
TIM1_UP_TIM10_IRQHandler                          CMakeFiles/stm32f4xx_tftlcd.elf.dir/src/Core/Startup/startup_stm32f407igtx.s.obj
TIM2_IRQHandler                                   CMakeFiles/stm32f4xx_tftlcd.elf.dir/src/Core/Startup/startup_stm32f407igtx.s.obj
TIM3_IRQHandler                                   CMakeFiles/stm32f4xx_tftlcd.elf.dir/src/Core/Startup/startup_stm32f407igtx.s.obj
TIM4_IRQHandler                                   CMakeFiles/stm32f4xx_tftlcd.elf.dir/src/Core/Startup/startup_stm32f407igtx.s.obj
TIM5_IRQHandler                                   CMakeFiles/stm32f4xx_tftlcd.elf.dir/src/Core/Startup/startup_stm32f407igtx.s.obj
TIM6_DAC_IRQHandler                               CMakeFiles/stm32f4xx_tftlcd.elf.dir/src/Core/Startup/startup_stm32f407igtx.s.obj
TIM7_IRQHandler                                   CMakeFiles/stm32f4xx_tftlcd.elf.dir/src/Core/Startup/startup_stm32f407igtx.s.obj
TIM8_BRK_TIM12_IRQHandler                         CMakeFiles/stm32f4xx_tftlcd.elf.dir/src/Core/Startup/startup_stm32f407igtx.s.obj
TIM8_CC_IRQHandler                                CMakeFiles/stm32f4xx_tftlcd.elf.dir/src/Core/Startup/startup_stm32f407igtx.s.obj
TIM8_TRG_COM_TIM14_IRQHandler                     CMakeFiles/stm32f4xx_tftlcd.elf.dir/src/Core/Startup/startup_stm32f407igtx.s.obj
TIM8_UP_TIM13_IRQHandler                          CMakeFiles/stm32f4xx_tftlcd.elf.dir/src/Core/Startup/startup_stm32f407igtx.s.obj
UART4_IRQHandler                                  CMakeFiles/stm32f4xx_tftlcd.elf.dir/src/Core/Startup/startup_stm32f407igtx.s.obj
UART5_IRQHandler                                  CMakeFiles/stm32f4xx_tftlcd.elf.dir/src/Core/Startup/startup_stm32f407igtx.s.obj
USART1_IRQHandler                                 CMakeFiles/stm32f4xx_tftlcd.elf.dir/src/Core/Startup/startup_stm32f407igtx.s.obj
USART2_IRQHandler                                 CMakeFiles/stm32f4xx_tftlcd.elf.dir/src/Core/Startup/startup_stm32f407igtx.s.obj
USART3_IRQHandler                                 CMakeFiles/stm32f4xx_tftlcd.elf.dir/src/Core/Startup/startup_stm32f407igtx.s.obj
USART6_IRQHandler                                 CMakeFiles/stm32f4xx_tftlcd.elf.dir/src/Core/Startup/startup_stm32f407igtx.s.obj
UsageFault_Handler                                CMakeFiles/stm32f4xx_tftlcd.elf.dir/src/Core/Src/stm32f4xx_it.c.obj
WWDG_IRQHandler                                   CMakeFiles/stm32f4xx_tftlcd.elf.dir/src/Core/Startup/startup_stm32f407igtx.s.obj
_Min_Stack_Size                                   CMakeFiles/stm32f4xx_tftlcd.elf.dir/src/Core/Src/sysmem.c.obj
__aeabi_idiv0                                     d:/tools/gcc-arm-none-eabi-10.3-2021.10/bin/../lib/gcc/arm-none-eabi/10.3.1/thumb/v7e-m+fp/hard\libgcc.a(_dvmd_tls.o)
__aeabi_ldiv0                                     d:/tools/gcc-arm-none-eabi-10.3-2021.10/bin/../lib/gcc/arm-none-eabi/10.3.1/thumb/v7e-m+fp/hard\libgcc.a(_dvmd_tls.o)
                                                  d:/tools/gcc-arm-none-eabi-10.3-2021.10/bin/../lib/gcc/arm-none-eabi/10.3.1/thumb/v7e-m+fp/hard\libgcc.a(_aeabi_uldivmod.o)
__aeabi_uldivmod                                  d:/tools/gcc-arm-none-eabi-10.3-2021.10/bin/../lib/gcc/arm-none-eabi/10.3.1/thumb/v7e-m+fp/hard\libgcc.a(_aeabi_uldivmod.o)
                                                  CMakeFiles/stm32f4xx_tftlcd.elf.dir/src/Drivers/STM32F4xx_HAL_Driver/Src/stm32f4xx_hal_rcc.c.obj
__bss_end__                                       d:/tools/gcc-arm-none-eabi-10.3-2021.10/bin/../lib/gcc/arm-none-eabi/10.3.1/../../../../arm-none-eabi/lib/thumb/v7e-m+fp/hard/crt0.o
__bss_start__                                     d:/tools/gcc-arm-none-eabi-10.3-2021.10/bin/../lib/gcc/arm-none-eabi/10.3.1/../../../../arm-none-eabi/lib/thumb/v7e-m+fp/hard/crt0.o
__call_exitprocs                                  d:/tools/gcc-arm-none-eabi-10.3-2021.10/bin/../lib/gcc/arm-none-eabi/10.3.1/../../../../arm-none-eabi/lib/thumb/v7e-m+fp/hard\libc_nano.a(lib_a-exit.o)
__deregister_frame_info                           d:/tools/gcc-arm-none-eabi-10.3-2021.10/bin/../lib/gcc/arm-none-eabi/10.3.1/thumb/v7e-m+fp/hard/crtbegin.o
__dso_handle                                      d:/tools/gcc-arm-none-eabi-10.3-2021.10/bin/../lib/gcc/arm-none-eabi/10.3.1/thumb/v7e-m+fp/hard/crtbegin.o
__env                                             CMakeFiles/stm32f4xx_tftlcd.elf.dir/src/Core/Src/syscalls.c.obj
__errno                                           d:/tools/gcc-arm-none-eabi-10.3-2021.10/bin/../lib/gcc/arm-none-eabi/10.3.1/../../../../arm-none-eabi/lib/thumb/v7e-m+fp/hard\libg_nano.a(lib_a-errno.o)
                                                  CMakeFiles/stm32f4xx_tftlcd.elf.dir/src/Core/Src/sysmem.c.obj
                                                  CMakeFiles/stm32f4xx_tftlcd.elf.dir/src/Core/Src/syscalls.c.obj
__init_array_end                                  d:/tools/gcc-arm-none-eabi-10.3-2021.10/bin/../lib/gcc/arm-none-eabi/10.3.1/../../../../arm-none-eabi/lib/thumb/v7e-m+fp/hard\libc_nano.a(lib_a-init.o)
__init_array_start                                d:/tools/gcc-arm-none-eabi-10.3-2021.10/bin/../lib/gcc/arm-none-eabi/10.3.1/../../../../arm-none-eabi/lib/thumb/v7e-m+fp/hard\libc_nano.a(lib_a-init.o)
__io_getchar                                      CMakeFiles/stm32f4xx_tftlcd.elf.dir/src/Core/Src/syscalls.c.obj
__io_putchar                                      CMakeFiles/stm32f4xx_tftlcd.elf.dir/src/Core/Src/syscalls.c.obj
__libc_fini_array                                 d:/tools/gcc-arm-none-eabi-10.3-2021.10/bin/../lib/gcc/arm-none-eabi/10.3.1/../../../../arm-none-eabi/lib/thumb/v7e-m+fp/hard/crt0.o
__libc_init_array                                 d:/tools/gcc-arm-none-eabi-10.3-2021.10/bin/../lib/gcc/arm-none-eabi/10.3.1/../../../../arm-none-eabi/lib/thumb/v7e-m+fp/hard\libc_nano.a(lib_a-init.o)
                                                  CMakeFiles/stm32f4xx_tftlcd.elf.dir/src/Core/Startup/startup_stm32f407igtx.s.obj
                                                  d:/tools/gcc-arm-none-eabi-10.3-2021.10/bin/../lib/gcc/arm-none-eabi/10.3.1/../../../../arm-none-eabi/lib/thumb/v7e-m+fp/hard/crt0.o
__preinit_array_end                               d:/tools/gcc-arm-none-eabi-10.3-2021.10/bin/../lib/gcc/arm-none-eabi/10.3.1/../../../../arm-none-eabi/lib/thumb/v7e-m+fp/hard\libc_nano.a(lib_a-init.o)
__preinit_array_start                             d:/tools/gcc-arm-none-eabi-10.3-2021.10/bin/../lib/gcc/arm-none-eabi/10.3.1/../../../../arm-none-eabi/lib/thumb/v7e-m+fp/hard\libc_nano.a(lib_a-init.o)
__register_frame_info                             d:/tools/gcc-arm-none-eabi-10.3-2021.10/bin/../lib/gcc/arm-none-eabi/10.3.1/thumb/v7e-m+fp/hard/crtbegin.o
__sf_fake_stderr                                  d:/tools/gcc-arm-none-eabi-10.3-2021.10/bin/../lib/gcc/arm-none-eabi/10.3.1/../../../../arm-none-eabi/lib/thumb/v7e-m+fp/hard\libc_nano.a(lib_a-impure.o)
__sf_fake_stdin                                   d:/tools/gcc-arm-none-eabi-10.3-2021.10/bin/../lib/gcc/arm-none-eabi/10.3.1/../../../../arm-none-eabi/lib/thumb/v7e-m+fp/hard\libc_nano.a(lib_a-impure.o)
__sf_fake_stdout                                  d:/tools/gcc-arm-none-eabi-10.3-2021.10/bin/../lib/gcc/arm-none-eabi/10.3.1/../../../../arm-none-eabi/lib/thumb/v7e-m+fp/hard\libc_nano.a(lib_a-impure.o)
__stack                                           d:/tools/gcc-arm-none-eabi-10.3-2021.10/bin/../lib/gcc/arm-none-eabi/10.3.1/../../../../arm-none-eabi/lib/thumb/v7e-m+fp/hard/crt0.o
__udivmoddi4                                      d:/tools/gcc-arm-none-eabi-10.3-2021.10/bin/../lib/gcc/arm-none-eabi/10.3.1/thumb/v7e-m+fp/hard\libgcc.a(_udivmoddi4.o)
                                                  d:/tools/gcc-arm-none-eabi-10.3-2021.10/bin/../lib/gcc/arm-none-eabi/10.3.1/thumb/v7e-m+fp/hard\libgcc.a(_aeabi_uldivmod.o)
_close                                            CMakeFiles/stm32f4xx_tftlcd.elf.dir/src/Core/Src/syscalls.c.obj
_ebss                                             CMakeFiles/stm32f4xx_tftlcd.elf.dir/src/Core/Startup/startup_stm32f407igtx.s.obj
_edata                                            CMakeFiles/stm32f4xx_tftlcd.elf.dir/src/Core/Startup/startup_stm32f407igtx.s.obj
_end                                              CMakeFiles/stm32f4xx_tftlcd.elf.dir/src/Core/Src/sysmem.c.obj
_estack                                           CMakeFiles/stm32f4xx_tftlcd.elf.dir/src/Core/Startup/startup_stm32f407igtx.s.obj
                                                  CMakeFiles/stm32f4xx_tftlcd.elf.dir/src/Core/Src/sysmem.c.obj
_execve                                           CMakeFiles/stm32f4xx_tftlcd.elf.dir/src/Core/Src/syscalls.c.obj
_exit                                             CMakeFiles/stm32f4xx_tftlcd.elf.dir/src/Core/Src/syscalls.c.obj
                                                  d:/tools/gcc-arm-none-eabi-10.3-2021.10/bin/../lib/gcc/arm-none-eabi/10.3.1/../../../../arm-none-eabi/lib/thumb/v7e-m+fp/hard\libc_nano.a(lib_a-exit.o)
_fini                                             d:/tools/gcc-arm-none-eabi-10.3-2021.10/bin/../lib/gcc/arm-none-eabi/10.3.1/thumb/v7e-m+fp/hard/crti.o
_fork                                             CMakeFiles/stm32f4xx_tftlcd.elf.dir/src/Core/Src/syscalls.c.obj
_fstat                                            CMakeFiles/stm32f4xx_tftlcd.elf.dir/src/Core/Src/syscalls.c.obj
_getpid                                           CMakeFiles/stm32f4xx_tftlcd.elf.dir/src/Core/Src/syscalls.c.obj
_global_impure_ptr                                d:/tools/gcc-arm-none-eabi-10.3-2021.10/bin/../lib/gcc/arm-none-eabi/10.3.1/../../../../arm-none-eabi/lib/thumb/v7e-m+fp/hard\libc_nano.a(lib_a-impure.o)
                                                  d:/tools/gcc-arm-none-eabi-10.3-2021.10/bin/../lib/gcc/arm-none-eabi/10.3.1/../../../../arm-none-eabi/lib/thumb/v7e-m+fp/hard\libc_nano.a(lib_a-exit.o)
_impure_ptr                                       d:/tools/gcc-arm-none-eabi-10.3-2021.10/bin/../lib/gcc/arm-none-eabi/10.3.1/../../../../arm-none-eabi/lib/thumb/v7e-m+fp/hard\libc_nano.a(lib_a-impure.o)
                                                  d:/tools/gcc-arm-none-eabi-10.3-2021.10/bin/../lib/gcc/arm-none-eabi/10.3.1/../../../../arm-none-eabi/lib/thumb/v7e-m+fp/hard\libg_nano.a(lib_a-errno.o)
_init                                             d:/tools/gcc-arm-none-eabi-10.3-2021.10/bin/../lib/gcc/arm-none-eabi/10.3.1/thumb/v7e-m+fp/hard/crti.o
                                                  d:/tools/gcc-arm-none-eabi-10.3-2021.10/bin/../lib/gcc/arm-none-eabi/10.3.1/../../../../arm-none-eabi/lib/thumb/v7e-m+fp/hard\libc_nano.a(lib_a-init.o)
_isatty                                           CMakeFiles/stm32f4xx_tftlcd.elf.dir/src/Core/Src/syscalls.c.obj
_kill                                             CMakeFiles/stm32f4xx_tftlcd.elf.dir/src/Core/Src/syscalls.c.obj
_link                                             CMakeFiles/stm32f4xx_tftlcd.elf.dir/src/Core/Src/syscalls.c.obj
_lseek                                            CMakeFiles/stm32f4xx_tftlcd.elf.dir/src/Core/Src/syscalls.c.obj
_mainCRTStartup                                   d:/tools/gcc-arm-none-eabi-10.3-2021.10/bin/../lib/gcc/arm-none-eabi/10.3.1/../../../../arm-none-eabi/lib/thumb/v7e-m+fp/hard/crt0.o
_open                                             CMakeFiles/stm32f4xx_tftlcd.elf.dir/src/Core/Src/syscalls.c.obj
_read                                             CMakeFiles/stm32f4xx_tftlcd.elf.dir/src/Core/Src/syscalls.c.obj
_sbrk                                             CMakeFiles/stm32f4xx_tftlcd.elf.dir/src/Core/Src/sysmem.c.obj
_sbss                                             CMakeFiles/stm32f4xx_tftlcd.elf.dir/src/Core/Startup/startup_stm32f407igtx.s.obj
_sdata                                            CMakeFiles/stm32f4xx_tftlcd.elf.dir/src/Core/Startup/startup_stm32f407igtx.s.obj
_sidata                                           CMakeFiles/stm32f4xx_tftlcd.elf.dir/src/Core/Startup/startup_stm32f407igtx.s.obj
_stack_init                                       d:/tools/gcc-arm-none-eabi-10.3-2021.10/bin/../lib/gcc/arm-none-eabi/10.3.1/../../../../arm-none-eabi/lib/thumb/v7e-m+fp/hard/crt0.o
_start                                            d:/tools/gcc-arm-none-eabi-10.3-2021.10/bin/../lib/gcc/arm-none-eabi/10.3.1/../../../../arm-none-eabi/lib/thumb/v7e-m+fp/hard/crt0.o
_stat                                             CMakeFiles/stm32f4xx_tftlcd.elf.dir/src/Core/Src/syscalls.c.obj
_times                                            CMakeFiles/stm32f4xx_tftlcd.elf.dir/src/Core/Src/syscalls.c.obj
_unlink                                           CMakeFiles/stm32f4xx_tftlcd.elf.dir/src/Core/Src/syscalls.c.obj
_wait                                             CMakeFiles/stm32f4xx_tftlcd.elf.dir/src/Core/Src/syscalls.c.obj
_write                                            CMakeFiles/stm32f4xx_tftlcd.elf.dir/src/Core/Src/syscalls.c.obj
atexit                                            d:/tools/gcc-arm-none-eabi-10.3-2021.10/bin/../lib/gcc/arm-none-eabi/10.3.1/../../../../arm-none-eabi/lib/thumb/v7e-m+fp/hard/crt0.o
environ                                           CMakeFiles/stm32f4xx_tftlcd.elf.dir/src/Core/Src/syscalls.c.obj
exit                                              d:/tools/gcc-arm-none-eabi-10.3-2021.10/bin/../lib/gcc/arm-none-eabi/10.3.1/../../../../arm-none-eabi/lib/thumb/v7e-m+fp/hard\libc_nano.a(lib_a-exit.o)
                                                  d:/tools/gcc-arm-none-eabi-10.3-2021.10/bin/../lib/gcc/arm-none-eabi/10.3.1/../../../../arm-none-eabi/lib/thumb/v7e-m+fp/hard/crt0.o
g_pfnVectors                                      CMakeFiles/stm32f4xx_tftlcd.elf.dir/src/Core/Startup/startup_stm32f407igtx.s.obj
hardware_init_hook                                d:/tools/gcc-arm-none-eabi-10.3-2021.10/bin/../lib/gcc/arm-none-eabi/10.3.1/../../../../arm-none-eabi/lib/thumb/v7e-m+fp/hard/crt0.o
initialise_monitor_handles                        CMakeFiles/stm32f4xx_tftlcd.elf.dir/src/Core/Src/syscalls.c.obj
main                                              CMakeFiles/stm32f4xx_tftlcd.elf.dir/src/Core/Src/main.c.obj
                                                  CMakeFiles/stm32f4xx_tftlcd.elf.dir/src/Core/Startup/startup_stm32f407igtx.s.obj
                                                  d:/tools/gcc-arm-none-eabi-10.3-2021.10/bin/../lib/gcc/arm-none-eabi/10.3.1/../../../../arm-none-eabi/lib/thumb/v7e-m+fp/hard/crt0.o
memset                                            d:/tools/gcc-arm-none-eabi-10.3-2021.10/bin/../lib/gcc/arm-none-eabi/10.3.1/../../../../arm-none-eabi/lib/thumb/v7e-m+fp/hard\libc_nano.a(lib_a-memset.o)
                                                  CMakeFiles/stm32f4xx_tftlcd.elf.dir/src/Core/Src/main.c.obj
                                                  d:/tools/gcc-arm-none-eabi-10.3-2021.10/bin/../lib/gcc/arm-none-eabi/10.3.1/../../../../arm-none-eabi/lib/thumb/v7e-m+fp/hard/crt0.o
pFlash                                            CMakeFiles/stm32f4xx_tftlcd.elf.dir/src/Drivers/STM32F4xx_HAL_Driver/Src/stm32f4xx_hal_flash.c.obj
                                                  CMakeFiles/stm32f4xx_tftlcd.elf.dir/src/Drivers/STM32F4xx_HAL_Driver/Src/stm32f4xx_hal_flash_ex.c.obj
software_init_hook                                d:/tools/gcc-arm-none-eabi-10.3-2021.10/bin/../lib/gcc/arm-none-eabi/10.3.1/../../../../arm-none-eabi/lib/thumb/v7e-m+fp/hard/crt0.o
uwTick                                            CMakeFiles/stm32f4xx_tftlcd.elf.dir/src/Drivers/STM32F4xx_HAL_Driver/Src/stm32f4xx_hal.c.obj
uwTickFreq                                        CMakeFiles/stm32f4xx_tftlcd.elf.dir/src/Drivers/STM32F4xx_HAL_Driver/Src/stm32f4xx_hal.c.obj